###############################################################################
#
# IAR ELF Linker V3.11.1.207 for STM8                     12/Jul/2022  22:28:22
# Copyright 2010-2019 IAR Systems AB.
#
#    Output file  =  
#        C:\Users\Admin\Desktop\smart_lin\Debug\Exe\SPL_STM8S_template.out
#    Map file     =  
#        C:\Users\Admin\Desktop\smart_lin\Debug\List\SPL_STM8S_template.map
#    Command line =  
#        -f C:\Users\Admin\AppData\Local\Temp\EWF9B5.tmp
#        (C:\Users\Admin\Desktop\smart_lin\Debug\Obj\communication.o
#        C:\Users\Admin\Desktop\smart_lin\Debug\Obj\eeprom.o
#        C:\Users\Admin\Desktop\smart_lin\Debug\Obj\fifo.o
#        C:\Users\Admin\Desktop\smart_lin\Debug\Obj\filters.o
#        C:\Users\Admin\Desktop\smart_lin\Debug\Obj\init.o
#        C:\Users\Admin\Desktop\smart_lin\Debug\Obj\interrupts.o
#        C:\Users\Admin\Desktop\smart_lin\Debug\Obj\lin_hw_layer.o
#        C:\Users\Admin\Desktop\smart_lin\Debug\Obj\main.o
#        C:\Users\Admin\Desktop\smart_lin\Debug\Obj\packet_parser.o
#        C:\Users\Admin\Desktop\smart_lin\Debug\Obj\stm8s_adc1.o
#        C:\Users\Admin\Desktop\smart_lin\Debug\Obj\stm8s_adc2.o
#        C:\Users\Admin\Desktop\smart_lin\Debug\Obj\stm8s_awu.o
#        C:\Users\Admin\Desktop\smart_lin\Debug\Obj\stm8s_beep.o
#        C:\Users\Admin\Desktop\smart_lin\Debug\Obj\stm8s_can.o
#        C:\Users\Admin\Desktop\smart_lin\Debug\Obj\stm8s_clk.o
#        C:\Users\Admin\Desktop\smart_lin\Debug\Obj\stm8s_exti.o
#        C:\Users\Admin\Desktop\smart_lin\Debug\Obj\stm8s_flash.o
#        C:\Users\Admin\Desktop\smart_lin\Debug\Obj\stm8s_gpio.o
#        C:\Users\Admin\Desktop\smart_lin\Debug\Obj\stm8s_i2c.o
#        C:\Users\Admin\Desktop\smart_lin\Debug\Obj\stm8s_it.o
#        C:\Users\Admin\Desktop\smart_lin\Debug\Obj\stm8s_itc.o
#        C:\Users\Admin\Desktop\smart_lin\Debug\Obj\stm8s_iwdg.o
#        C:\Users\Admin\Desktop\smart_lin\Debug\Obj\stm8s_rst.o
#        C:\Users\Admin\Desktop\smart_lin\Debug\Obj\stm8s_spi.o
#        C:\Users\Admin\Desktop\smart_lin\Debug\Obj\stm8s_tim1.o
#        C:\Users\Admin\Desktop\smart_lin\Debug\Obj\stm8s_tim2.o
#        C:\Users\Admin\Desktop\smart_lin\Debug\Obj\stm8s_tim3.o
#        C:\Users\Admin\Desktop\smart_lin\Debug\Obj\stm8s_tim4.o
#        C:\Users\Admin\Desktop\smart_lin\Debug\Obj\stm8s_tim5.o
#        C:\Users\Admin\Desktop\smart_lin\Debug\Obj\stm8s_tim6.o
#        C:\Users\Admin\Desktop\smart_lin\Debug\Obj\stm8s_uart1.o
#        C:\Users\Admin\Desktop\smart_lin\Debug\Obj\stm8s_uart2.o
#        C:\Users\Admin\Desktop\smart_lin\Debug\Obj\stm8s_uart3.o
#        C:\Users\Admin\Desktop\smart_lin\Debug\Obj\stm8s_uart4.o
#        C:\Users\Admin\Desktop\smart_lin\Debug\Obj\stm8s_wwdg.o --redirect
#        _Printf=_PrintfSmall --redirect _Scanf=_ScanfSmall --no_out_extension
#        -o C:\Users\Admin\Desktop\smart_lin\Debug\Exe\SPL_STM8S_template.out
#        --map
#        C:\Users\Admin\Desktop\smart_lin\Debug\List\SPL_STM8S_template.map
#        --log
#        libraries,initialization,modules,redirects,sections,unused_fragments
#        --log_file
#        C:\Users\Admin\Desktop\smart_lin\Debug\List\SPL_STM8S_template.log
#        --config "D:\Program Files (x86)\IAR Systems\Embedded Workbench
#        8.3\stm8\config\lnkstm8s103f3.icf" --config_def _CSTACK_SIZE=0x100
#        --config_def _HEAP_SIZE=0x100 --entry __iar_program_start --debug_lib)
#
###############################################################################

*******************************************************************************
*** RUNTIME MODEL ATTRIBUTES
***

__Heap_Handler             = Basic
__SystemLibrary            = DLib
__code_model               = small
__core                     = stm8
__data_model               = small
__dlib_file_descriptor     = 0
__dlib_full_locale_support = 0
__rt_version               = 4


*******************************************************************************
*** PLACEMENT SUMMARY
***

"A0":  place at start of [0x000000-0x0000ff] { rw section .vregs };
"P1":  place in [from 0x000000 to 0x0000ff] {
          rw section .tiny.bss, rw section .tiny.data, rw section .tiny.noinit,
          rw section .tiny.rodata };
"A1":  place at end of [0x000000-0x0003ff] { block CSTACK };
"P2":  place in [from 0x000000 to 0x0003ff] {
          block HEAP, rw section __DLIB_PERTHREAD, rw section .far.bss,
          rw section .far.data, rw section .far.noinit,
          rw section .far_func.textrw, rw section .huge.bss,
          rw section .huge.data, rw section .huge.noinit,
          rw section .huge_func.textrw, rw section .iar.dynexit,
          rw section .near.bss, rw section .near.data, rw section .near.noinit,
          rw section .near_func.textrw };
"A2":  place at start of [0x008000-0x009fff] { block INTVEC };
"P3":  place in [from 0x008000 to 0x009fff] {
          ro section __DLIB_PERTHREAD_init, ro section .far.data_init,
          ro section .far_func.textrw_init, ro section .huge.data_init,
          ro section .huge_func.textrw_init, ro section .iar.init_table,
          ro section .init_array, ro section .near.data_init,
          ro section .near.rodata, ro section .near_func.text,
          ro section .near_func.textrw_init, ro section .tiny.data_init,
          ro section .tiny.rodata_init };
"P4":  place in [from 0x008000 to 0x009fff] {
          ro section .far.rodata, ro section .far_func.text };
"P5":  place in [from 0x008000 to 0x009fff] {
          ro section .huge.rodata, ro section .huge_func.text };
do not initialize {
   rw section .eeprom.noinit, rw section .far.noinit, rw section .huge.noinit,
   rw section .near.noinit, rw section .tiny.noinit, rw section .vregs };
initialize by copy {
   rw section .far.bss, rw section .far.data, rw section .far_func.textrw,
   rw section .huge.bss, rw section .huge.data, rw section .huge_func.textrw,
   rw section .iar.dynexit, rw section .near.bss, rw section .near.data,
   rw section .near_func.textrw, rw section .tiny.bss, rw section .tiny.data,
   ro section .tiny.rodata };

No sections matched the following patterns:

  ro section .far.data_init          in "P3-P5"
  ro section .far.rodata             in "P3-P5"
  ro section .far_func.text          in "P3-P5"
  ro section .far_func.textrw_init   in "P3-P5"
  ro section .huge.data_init         in "P3-P5"
  ro section .huge.rodata            in "P3-P5"
  ro section .huge_func.text         in "P3-P5"
  ro section .huge_func.textrw_init  in "P3-P5"
  ro section .iar.init_table         in "P3-P5"
  ro section .init_array             in "P3-P5"
  ro section .near.data_init         in "P3-P5"
  ro section .near_func.textrw_init  in "P3-P5"
  ro section .tiny.rodata_init       in "P3-P5"
  ro section __DLIB_PERTHREAD_init   in "P3-P5"
  rw section .far.bss                in "P2"
  rw section .far.data               in "P2"
  rw section .far.noinit             in "P2"
  rw section .far_func.textrw        in "P2"
  rw section .huge.bss               in "P2"
  rw section .huge.data              in "P2"
  rw section .huge.noinit            in "P2"
  rw section .huge_func.textrw       in "P2"
  rw section .iar.dynexit            in "P2"
  rw section .near.data              in "P2"
  rw section .near.noinit            in "P2"
  rw section .near_func.textrw       in "P2"
  rw section .tiny.noinit            in "P1"
  rw section .tiny.rodata            in "P1"
  rw section __DLIB_PERTHREAD        in "P2"
  section .eeprom.data               in "P6-P8"
  section .eeprom.noinit             in "P6-P8"
  section .eeprom.rodata             in "P6-P8"


  Section            Kind      Address    Size  Object
  -------            ----      -------    ----  ------
"A0":                                     0x10
  .vregs             uninit   0x000000    0x10  vregs.o [4]
                            - 0x000010    0x10

"P1", part 1 of 2:                         0x1
  P1-1                        0x000010     0x1  <Init block>
    .tiny.data       inited   0x000010     0x1  main.o [1]
                            - 0x000011     0x1

"P1", part 2 of 2:                        0xcf
  .tiny.bss          zero     0x000011    0x28  main.o [1]
  .tiny.bss          zero     0x000039    0x28  main.o [1]
  .tiny.bss          zero     0x000061    0x15  main.o [1]
  .tiny.bss          zero     0x000076    0x14  filters.o [1]
  .tiny.bss          zero     0x00008a    0x14  filters.o [1]
  .tiny.bss          zero     0x00009e    0x14  filters.o [1]
  .tiny.bss          zero     0x0000b2     0xd  main.o [1]
  .tiny.bss          zero     0x0000bf     0x4  interrupts.o [1]
  .tiny.bss          zero     0x0000c3     0x4  lin_hw_layer.o [1]
  .tiny.bss          zero     0x0000c7     0x4  main.o [1]
  .tiny.bss          zero     0x0000cb     0x3  main.o [1]
  .tiny.bss          zero     0x0000ce     0x2  eeprom.o [1]
  .tiny.bss          zero     0x0000d0     0x2  init.o [1]
  .tiny.bss          zero     0x0000d2     0x2  xgetmemchunk.o [4]
  .tiny.bss          zero     0x0000d4     0x1  interrupts.o [1]
  .tiny.bss          zero     0x0000d5     0x1  interrupts.o [1]
  .tiny.bss          zero     0x0000d6     0x1  lin_hw_layer.o [1]
  .tiny.bss          zero     0x0000d7     0x1  main.o [1]
  .tiny.bss          zero     0x0000d8     0x1  main.o [1]
  .tiny.bss          zero     0x0000d9     0x1  main.o [1]
  .tiny.bss          zero     0x0000da     0x1  main.o [1]
  .tiny.bss          zero     0x0000db     0x1  main.o [1]
  .tiny.bss          zero     0x0000dc     0x1  main.o [1]
  .tiny.bss          zero     0x0000dd     0x1  main.o [1]
  .tiny.bss          zero     0x0000de     0x1  main.o [1]
  .tiny.bss          zero     0x0000df     0x1  main.o [1]
                            - 0x0000e0    0xcf

"P2", part 1 of 2:                         0x4
  .near.bss          zero     0x0000e0     0x4  xxmemxmalloc.o [4]
                            - 0x0000e4     0x4

"P2", part 2 of 2:                       0x100
  HEAP                        0x0000e4   0x100  <Block>
    HEAP             uninit   0x0000e4   0x100  <Block tail>
                            - 0x0001e4   0x100

"A1":                                    0x100
  CSTACK                      0x000300   0x100  <Block>
    CSTACK           uninit   0x000300   0x100  <Block tail>
                            - 0x000400   0x100

"A2":                                     0x80
  INTVEC                      0x008000    0x80  <Block>
    .intvec          const    0x008000    0x80  interrupt.o [4]
                            - 0x008080    0x80

"P3-P5":                                0x141e
  .near_func.text    ro code  0x008080   0x2c3  main.o [1]
  .near_func.text    ro code  0x008343   0x118  vreg_util.o [4]
  .near_func.text    ro code  0x00845b    0xf3  packet_parser.o [1]
  .near_func.text    ro code  0x00854e    0xd3  xxmemxfree.o [4]
  .near_func.text    ro code  0x008621    0xc5  long.o [4]
  .near_func.text    ro code  0x0086e6    0x92  xxmemxmalloc.o [4]
  .near_func.text    ro code  0x008778    0x8b  filters.o [1]
  .near_func.text    ro code  0x008803    0x6c  eeprom.o [1]
  .near_func.text    ro code  0x00886f    0x66  communication.o [1]
  .near_func.text    ro code  0x0088d5    0x63  filters.o [1]
  .near_func.text    ro code  0x008938    0x63  xxmemxmalloc.o [4]
  .near_func.text    ro code  0x00899b    0x61  communication.o [1]
  .near_func.text    ro code  0x0089fc    0x5e  interrupts.o [1]
  .near_func.text    ro code  0x008a5a    0x5c  stm8s_flash.o [1]
  .near_func.text    ro code  0x008ab6    0x57  filters.o [1]
  .near_func.text    ro code  0x008b0d    0x54  eeprom.o [1]
  .near_func.text    ro code  0x008b61    0x52  stm8s_flash.o [1]
  .near_func.text    ro code  0x008bb3    0x52  stm8s_flash.o [1]
  .near_func.text    ro code  0x008c05    0x4b  communication.o [1]
  .near_func.text    ro code  0x008c50    0x49  lin_hw_layer.o [1]
  .near_func.text    ro code  0x008c99    0x45  interrupts.o [1]
  .near_func.text    ro code  0x008cde    0x44  filters.o [1]
  .near_func.text    ro code  0x008d22    0x41  communication.o [1]
  .near_func.text    ro code  0x008d63    0x3e  fifo.o [1]
  .near.rodata       const    0x008da1    0x3b  stm8s_flash.o [1]
  .near_func.text    ro code  0x008ddc    0x3b  filters.o [1]
  .near_func.text    ro code  0x008e17    0x3b  interrupts.o [1]
  .near_func.text    ro code  0x008e52    0x3b  lin_hw_layer.o [1]
  .near_func.text    ro code  0x008e8d    0x3b  stm8s_flash.o [1]
  .near_func.text    ro code  0x008ec8    0x3a  communication.o [1]
  .near_func.text    ro code  0x008f02    0x36  init.o [1]
  .near_func.text    ro code  0x008f38    0x34  communication.o [1]
  .near_func.text    ro code  0x008f6c    0x34  fifo.o [1]
  .near_func.text    ro code  0x008fa0    0x32  communication.o [1]
  .near_func.text    ro code  0x008fd2    0x32  interrupts.o [1]
  .near_func.text    ro code  0x009004    0x32  interrupts.o [1]
  .near_func.text    ro code  0x009036    0x31  filters.o [1]
  .near_func.text    ro code  0x009067    0x2c  filters.o [1]
  .near_func.text    ro code  0x009093    0x2b  communication.o [1]
  .near_func.text    ro code  0x0090be    0x2b  stm8s_flash.o [1]
  .near_func.text    ro code  0x0090e9    0x29  fifo.o [1]
  .near_func.text    ro code  0x009112    0x28  init_small.o [4]
  .near_func.text    ro code  0x00913a    0x26  long_util.o [4]
  .near_func.text    ro code  0x009160    0x25  init.o [1]
  .near.rodata       const    0x009185    0x23  eeprom.o [1]
  .near_func.text    ro code  0x0091a8    0x23  eeprom.o [1]
  .near_func.text    ro code  0x0091cb    0x23  lin_hw_layer.o [1]
  .near_func.text    ro code  0x0091ee    0x23  short.o [4]
  .near_func.text    ro code  0x009211    0x21  main.o [1]
  .iar.init_table    const    0x009232    0x16  - Linker created -
  .near_func.text    ro code  0x009248    0x1e  init_small.o [4]
  .near.rodata       const    0x009266    0x1b  main.o [1]
  .near.rodata       const    0x009281    0x1b  main.o [1]
  .near.rodata       const    0x00929c    0x1b  main.o [1]
  .near_func.text    ro code  0x0092b7    0x1b  interrupts.o [1]
  .near_func.text    ro code  0x0092d2    0x1a  filters.o [1]
  .near_func.text    ro code  0x0092ec    0x18  dc_util.o [4]
  .near_func.text    ro code  0x009304    0x17  lin_hw_layer.o [1]
  .near_func.text    ro code  0x00931b    0x17  xgetmemchunk.o [4]
  .near_func.text    ro code  0x009332    0x15  init.o [1]
  .near_func.text    ro code  0x009347    0x15  init.o [1]
  .near.rodata       const    0x00935c    0x14  main.o [1]
  .near_func.text    ro code  0x009370    0x14  char.o [4]
  .near_func.text    ro code  0x009384    0x14  init.o [4]
  .near_func.text    ro code  0x009398    0x14  __dbg_xxexit.o [3]
  .near_func.text    ro code  0x0093ac    0x13  filters.o [1]
  .near_func.text    ro code  0x0093bf    0x13  cstartup.o [4]
  .near_func.text    ro code  0x0093d2    0x12  fifo.o [1]
  .near_func.text    ro code  0x0093e4    0x12  move.o [4]
  .near.rodata       const    0x0093f6    0x11  main.o [1]
  .near.rodata       const    0x009407    0x11  main.o [1]
  .near_func.text    ro code  0x009418     0xf  communication.o [1]
  .near_func.text    ro code  0x009427     0xc  communication.o [1]
  .near.rodata       const    0x009433     0x9  main.o [1]
  .near_func.text    ro code  0x00943c     0x9  init.o [1]
  .near_func.text    ro code  0x009445     0x9  init.o [1]
  .near_func.text    ro code  0x00944e     0x7  xxmemxmalloc.o [4]
  .near_func.text    ro code  0x009455     0x6  communication.o [1]
  .near_func.text    ro code  0x00945b     0x6  main.o [1]
  .near_func.text    ro code  0x009461     0x5  init.o [1]
  .near_func.text    ro code  0x009466     0x5  cexit.o [4]
  .near_func.text    ro code  0x00946b     0x3  filters.o [1]
  .near_func.text    ro code  0x00946e     0x3  filters.o [1]
  .near_func.text    ro code  0x009471     0x3  interrupt.o [4]
  .near_func.text    ro code  0x009474     0x3  low_level_init.o [4]
  .near_func.text    ro code  0x009477     0x3  exit.o [4]
  .near_func.text    ro code  0x00947a     0x3  unhandled_exception.o [4]
  .near_func.text    ro code  0x00947d     0x2  init.o [1]
  .near_func.text    ro code  0x00947f     0x2  stm8s_it.o [1]
  .near_func.text    ro code  0x009481     0x2  stm8s_it.o [1]
  .near_func.text    ro code  0x009483     0x2  stm8s_it.o [1]
  .near_func.text    ro code  0x009485     0x2  stm8s_it.o [1]
  .near_func.text    ro code  0x009487     0x2  stm8s_it.o [1]
  .near_func.text    ro code  0x009489     0x2  stm8s_it.o [1]
  .near_func.text    ro code  0x00948b     0x2  stm8s_it.o [1]
  .near_func.text    ro code  0x00948d     0x2  stm8s_it.o [1]
  .near_func.text    ro code  0x00948f     0x2  stm8s_it.o [1]
  .near_func.text    ro code  0x009491     0x2  stm8s_it.o [1]
  .near_func.text    ro code  0x009493     0x2  stm8s_it.o [1]
  .near_func.text    ro code  0x009495     0x2  stm8s_it.o [1]
  .near_func.text    ro code  0x009497     0x2  stm8s_it.o [1]
  .near_func.text    ro code  0x009499     0x2  stm8s_it.o [1]
  .near_func.text    ro code  0x00949b     0x1  main.o [1]
  .near_func.text    ro code  0x00949c     0x1  __dbg_break.o [3]
  Initializer bytes  const    0x00949d     0x1  <for P1-1>
                            - 0x00949e  0x141e


*******************************************************************************
*** INIT TABLE
***

          Address   Size
          -------   ----
Zero (__iar_zero_init2)
    2 destination ranges, total size 0xd3:
          0x000011  0xcf
          0x0000e0   0x4

Copy (__iar_copy_init2)
    1 source range, total size 0x1:
          0x00949d   0x1
    1 destination range, total size 0x1:
          0x000010   0x1



*******************************************************************************
*** MODULE SUMMARY
***

    Module                 ro code  ro data  rw data
    ------                 -------  -------  -------
C:\Users\Admin\Desktop\smart_lin\Debug\Obj: [1]
    communication.o            575
    eeprom.o                   227       35        2
    fifo.o                     173
    filters.o                  596                60
    init.o                     158                 2
    interrupts.o               349                 6
    lin_hw_layer.o             190                 5
    main.o                     747      145      131
    packet_parser.o            243
    stm8s_flash.o              358       59
    stm8s_it.o                  28
    ------------------------------------------------
    Total:                   3 644      239      206

command line: [2]
    ------------------------------------------------
    Total:

dbgstm8ssd.a: [3]
    __dbg_break.o                1
    __dbg_xxexit.o              20
    ------------------------------------------------
    Total:                      21

dlstm8ssn.a: [4]
    cexit.o                      5
    char.o                      20
    cstartup.o                  19
    dc_util.o                   24
    exit.o                       3
    init.o                      20
    init_small.o                70
    interrupt.o                  3      128
    long.o                     197
    long_util.o                 38
    low_level_init.o             3
    move.o                      18
    short.o                     35
    unhandled_exception.o        3
    vreg_util.o                280
    vregs.o                                       16
    xgetmemchunk.o              23                 2
    xxmemxfree.o               211
    xxmemxmalloc.o             252                 4
    ------------------------------------------------
    Total:                   1 224      128       22

    Linker created                       22      512
----------------------------------------------------
    Grand Total:             4 889      389      740


*******************************************************************************
*** ENTRY LIST
***

Entry                    Address   Size  Type      Object
-----                    -------   ----  ----      ------
.iar.init_table$$Base   0x009232          --   Gb  - Linker created -
.iar.init_table$$Limit  0x009248          --   Gb  - Linker created -
?add32_l0_l0_0x         0x008641         Code  Gb  long.o [4]
?add32_l0_l0_dl         0x008639         Code  Gb  long.o [4]
?add32_l0_l0_l1         0x00863e         Code  Gb  long.o [4]
?b0                     0x000000         Data  Gb  vregs.o [4]
?b1                     0x000001         Data  Gb  vregs.o [4]
?b10                    0x00000a         Data  Gb  vregs.o [4]
?b11                    0x00000b         Data  Gb  vregs.o [4]
?b12                    0x00000c         Data  Gb  vregs.o [4]
?b13                    0x00000d         Data  Gb  vregs.o [4]
?b14                    0x00000e         Data  Gb  vregs.o [4]
?b15                    0x00000f         Data  Gb  vregs.o [4]
?b2                     0x000002         Data  Gb  vregs.o [4]
?b3                     0x000003         Data  Gb  vregs.o [4]
?b4                     0x000004         Data  Gb  vregs.o [4]
?b5                     0x000005         Data  Gb  vregs.o [4]
?b6                     0x000006         Data  Gb  vregs.o [4]
?b7                     0x000007         Data  Gb  vregs.o [4]
?b8                     0x000008         Data  Gb  vregs.o [4]
?b9                     0x000009         Data  Gb  vregs.o [4]
?dc32_l0                0x0092ec         Code  Gb  dc_util.o [4]
?dc32_px                0x0092f9         Code  Gb  dc_util.o [4]
?e0                     0x000001         Data  Gb  vregs.o [4]
?e1                     0x000005         Data  Gb  vregs.o [4]
?e2                     0x000009         Data  Gb  vregs.o [4]
?e3                     0x00000d         Data  Gb  vregs.o [4]
?epilogue_l2            0x008409         Code  Gb  vreg_util.o [4]
?epilogue_w4            0x00840d         Code  Gb  vreg_util.o [4]
?inc32_0x_0x            0x00862b         Code  Gb  long.o [4]
?inc32_l0_l0            0x008621         Code  Gb  long.o [4]
?inc32_l2_l2            0x008626         Code  Gb  long.o [4]
?l0                     0x000000         Data  Gb  vregs.o [4]
?l1                     0x000004         Data  Gb  vregs.o [4]
?l2                     0x000008         Data  Gb  vregs.o [4]
?l3                     0x00000c         Data  Gb  vregs.o [4]
?load32_0x_l0           0x009152         Code  Gb  long_util.o [4]
?load32_l0_0x           0x00913a         Code  Gb  long_util.o [4]
?load32_l1_0x           0x009146         Code  Gb  long_util.o [4]
?longfarg16_v_w0_a      0x0093e4         Code  Gb  move.o [4]
?longfarg16_v_w0_x      0x0093e6         Code  Gb  move.o [4]
?mov_e0_e2              0x008437         Code  Gb  vreg_util.o [4]
?mov_e1_e2              0x008444         Code  Gb  vreg_util.o [4]
?mov_e2_e0              0x008451         Code  Gb  vreg_util.o [4]
?mov_l0_l2              0x008434         Code  Gb  vreg_util.o [4]
?mov_l1_l2              0x008441         Code  Gb  vreg_util.o [4]
?mov_l2_l0              0x00844e         Code  Gb  vreg_util.o [4]
?mov_w0_w3              0x008411         Code  Gb  vreg_util.o [4]
?mov_w0_w4              0x008418         Code  Gb  vreg_util.o [4]
?mov_w1_w4              0x00841f         Code  Gb  vreg_util.o [4]
?mov_w1_w5              0x00843a         Code  Gb  vreg_util.o [4]
?mov_w2_w1              0x008426         Code  Gb  vreg_util.o [4]
?mov_w3_w4              0x00842d         Code  Gb  vreg_util.o [4]
?mov_w3_w5              0x008447         Code  Gb  vreg_util.o [4]
?mov_w5_w1              0x008454         Code  Gb  vreg_util.o [4]
?mul16_x_x_w0           0x0091ee         Code  Gb  short.o [4]
?pop_e3                 0x00839a         Code  Gb  vreg_util.o [4]
?pop_l0                 0x0083e0         Code  Gb  vreg_util.o [4]
?pop_l1                 0x0083eb         Code  Gb  vreg_util.o [4]
?pop_l2                 0x0083f6         Code  Gb  vreg_util.o [4]
?pop_w0                 0x008365         Code  Gb  vreg_util.o [4]
?pop_w4                 0x00836c         Code  Gb  vreg_util.o [4]
?pop_w6                 0x008373         Code  Gb  vreg_util.o [4]
?push_e3                0x008382         Code  Gb  vreg_util.o [4]
?push_l0                0x0083b4         Code  Gb  vreg_util.o [4]
?push_l1                0x0083b9         Code  Gb  vreg_util.o [4]
?push_l2                0x0083be         Code  Gb  vreg_util.o [4]
?push_w0                0x008343         Code  Gb  vreg_util.o [4]
?push_w4                0x008348         Code  Gb  vreg_util.o [4]
?push_w6                0x00834d         Code  Gb  vreg_util.o [4]
?sext32_l0_x            0x0086db         Code  Gb  long.o [4]
?smod8_a_b0_a           0x009370         Code  Gb  char.o [4]
?srl16_x_x_4            0x00920c         Code  Gb  short.o [4]
?ucmp32_c_l0_0x         0x0086cb         Code  Gb  long.o [4]
?udiv32_l0_dl_l1        0x008659         Code  Gb  long.o [4]
?udiv32_l0_l0_l1        0x00865e         Code  Gb  long.o [4]
?umod32_l1_l0_l1        0x00865e         Code  Gb  long.o [4]
?w0                     0x000000         Data  Gb  vregs.o [4]
?w1                     0x000002         Data  Gb  vregs.o [4]
?w2                     0x000004         Data  Gb  vregs.o [4]
?w3                     0x000006         Data  Gb  vregs.o [4]
?w4                     0x000008         Data  Gb  vregs.o [4]
?w5                     0x00000a         Data  Gb  vregs.o [4]
?w6                     0x00000c         Data  Gb  vregs.o [4]
?w7                     0x00000e         Data  Gb  vregs.o [4]
ADC1_IRQHandler         0x009497    0x2  Code  Gb  stm8s_it.o [1]
AWU_IRQHandler          0x009483    0x2  Code  Gb  stm8s_it.o [1]
CLK_IRQHandler          0x009485    0x2  Code  Gb  stm8s_it.o [1]
CLK_Init                0x009461    0x5  Code  Gb  init.o [1]
CSTACK$$Base            0x000300          --   Gb  - Linker created -
CSTACK$$Limit           0x000400          --   Gb  - Linker created -
EEPROM_EEC_IRQHandler   0x009499    0x2  Code  Gb  stm8s_it.o [1]
EXTI_PORTA_IRQHandler   0x009487    0x2  Code  Gb  stm8s_it.o [1]
EXTI_PORTB_IRQHandler   0x009489    0x2  Code  Gb  stm8s_it.o [1]
EXTI_PORTC_IRQHandler   0x0092b7   0x1b  Code  Gb  interrupts.o [1]
EXTI_PORTD_IRQHandler   0x008c99   0x45  Code  Gb  interrupts.o [1]
EXTI_PORTE_IRQHandler   0x00948b    0x2  Code  Gb  stm8s_it.o [1]
FLASH_EraseByte         0x008b61   0x52  Code  Gb  stm8s_flash.o [1]
FLASH_Lock              0x0090be   0x2b  Code  Gb  stm8s_flash.o [1]
FLASH_ProgramByte       0x008a5a   0x5c  Code  Gb  stm8s_flash.o [1]
FLASH_ReadByte          0x008bb3   0x52  Code  Gb  stm8s_flash.o [1]
FLASH_Unlock            0x008e8d   0x3b  Code  Gb  stm8s_flash.o [1]
GetDevMode              0x009418    0xf  Code  Gb  communication.o [1]
GetReset                0x0090e9   0x29  Code  Gb  fifo.o [1]
GetSize                 0x0093d2   0x12  Code  Gb  fifo.o [1]
HEAP$$Base              0x0000e4          --   Gb  - Linker created -
HEAP$$Limit             0x0001e4          --   Gb  - Linker created -
I2C_IRQHandler          0x009495    0x2  Code  Gb  stm8s_it.o [1]
INTVEC$$Base            0x008000          --   Gb  - Linker created -
INTVEC$$Limit           0x008080          --   Gb  - Linker created -
IRQ_Init                0x00947d    0x2  Code  Gb  init.o [1]
PORT_Init               0x009160   0x25  Code  Gb  init.o [1]
Pull                    0x008f6c   0x34  Code  Gb  fifo.o [1]
Push                    0x008d63   0x3e  Code  Gb  fifo.o [1]
Region$$Table$$Base     0x009232          --   Gb  - Linker created -
Region$$Table$$Limit    0x009248          --   Gb  - Linker created -
SPI_IRQHandler          0x00948d    0x2  Code  Gb  stm8s_it.o [1]
SystemInit              0x009211   0x21  Code  Gb  main.o [1]
TIM1_CAP_COM_IRQHandler
                        0x009491    0x2  Code  Gb  stm8s_it.o [1]
TIM1_UPD_OVF_TRG_BRK_IRQHandler
                        0x00948f    0x2  Code  Gb  stm8s_it.o [1]
TIM2_CAP_COM_IRQHandler
                        0x009493    0x2  Code  Gb  stm8s_it.o [1]
TIM2_Init               0x009347   0x15  Code  Gb  init.o [1]
TIM2_UPD_OVF_BRK_IRQHandler
                        0x0089fc   0x5e  Code  Gb  interrupts.o [1]
TIM4_UPD_OVF_IRQHandler
                        0x009004   0x32  Code  Gb  interrupts.o [1]
TLI_IRQHandler          0x009481    0x2  Code  Gb  stm8s_it.o [1]
TRAP_IRQHandler         0x00947f    0x2  Code  Gb  stm8s_it.o [1]
UART1_RX_IRQHandler     0x008e17   0x3b  Code  Gb  interrupts.o [1]
UART1_TX_IRQHandler     0x008fd2   0x32  Code  Gb  interrupts.o [1]
UART_Init               0x009332   0x15  Code  Gb  init.o [1]
__DebugBreak            0x00949c    0x1  Code  Gb  __dbg_break.o [3]
__exit                  0x009398   0x14  Code  Gb  __dbg_xxexit.o [3]
__iar_copy_init2        0x009112         Code  Gb  init_small.o [4]
__iar_data_init2        0x009384   0x14  Code  Gb  init.o [4]
__iar_program_start     0x0093bf         Code  Gb  cstartup.o [4]
__iar_unhandled_exception
                        0x00947a         Code  Gb  unhandled_exception.o [4]
__iar_zero_init2        0x009248         Code  Gb  init_small.o [4]
__intvec                0x008000         Data  Gb  interrupt.o [4]
__low_level_init        0x009474    0x3  Code  Gb  low_level_init.o [4]
__near_Aldata           0x0000e0    0x4  Data  Gb  xxmemxmalloc.o [4]
__near_GetMemChunk      0x00931b   0x17  Code  Gb  xgetmemchunk.o [4]
__near_GetMemChunk::start
                        0x0000d2    0x2  Data  Lc  xgetmemchunk.o [4]
__near_findmem          0x008938   0x63  Code  Lc  xxmemxmalloc.o [4]
_exit                   0x009466         Code  Gb  cexit.o [4]
_interrupt_1            0x00947f         Code  Gb  stm8s_it.o [1]
_interrupt_12           0x00948d         Code  Gb  stm8s_it.o [1]
_interrupt_13           0x00948f         Code  Gb  stm8s_it.o [1]
_interrupt_14           0x009491         Code  Gb  stm8s_it.o [1]
_interrupt_15           0x0089fc         Code  Gb  interrupts.o [1]
_interrupt_16           0x009493         Code  Gb  stm8s_it.o [1]
_interrupt_19           0x008fd2         Code  Gb  interrupts.o [1]
_interrupt_2            0x009481         Code  Gb  stm8s_it.o [1]
_interrupt_20           0x008e17         Code  Gb  interrupts.o [1]
_interrupt_21           0x009495         Code  Gb  stm8s_it.o [1]
_interrupt_24           0x009497         Code  Gb  stm8s_it.o [1]
_interrupt_25           0x009004         Code  Gb  interrupts.o [1]
_interrupt_26           0x009499         Code  Gb  stm8s_it.o [1]
_interrupt_3            0x009483         Code  Gb  stm8s_it.o [1]
_interrupt_4            0x009485         Code  Gb  stm8s_it.o [1]
_interrupt_5            0x009487         Code  Gb  stm8s_it.o [1]
_interrupt_6            0x009489         Code  Gb  stm8s_it.o [1]
_interrupt_7            0x0092b7         Code  Gb  interrupts.o [1]
_interrupt_8            0x008c99         Code  Gb  interrupts.o [1]
_interrupt_9            0x00948b         Code  Gb  stm8s_it.o [1]
action_uart_timeout     0x0000d5    0x1  Data  Gb  interrupts.o [1]
add_to_array            0x0093ac   0x13  Code  Gb  filters.o [1]
assert_failed           0x00949b    0x1  Code  Gb  main.o [1]
bLinPacketReceive       0x00845b   0xf3  Code  Gb  packet_parser.o [1]
btn_0                   0x0000d8    0x1  Data  Gb  main.o [1]
btn_1                   0x0000d9    0x1  Data  Gb  main.o [1]
config_lin              0x009445    0x9  Code  Gb  init.o [1]
config_uart             0x00943c    0x9  Code  Gb  init.o [1]
curr_mode               0x000010    0x1  Data  Gb  main.o [1]
div_tim2                0x0000d4    0x1  Data  Lc  interrupts.o [1]
eLinReceive             0x0000d7    0x1  Data  Gb  main.o [1]
ex_pid_filter_ind       0x0000dd    0x1  Data  Lc  main.o [1]
ex_pid_slave_ind        0x0000dc    0x1  Data  Lc  main.o [1]
ex_pid_triggered_ind    0x0000de    0x1  Data  Lc  main.o [1]
exit                    0x009477    0x3  Code  Gb  exit.o [4]
free                    0x00854e   0xc9  Code  Gb  xxmemxfree.o [4]
from_hex_to_string      0x00886f   0x66  Code  Gb  communication.o [1]
get_add_to_trig_list    0x008cde   0x44  Code  Gb  filters.o [1]
get_btn0_state          0x00946b    0x3  Code  Gb  filters.o [1]
get_btn1_state          0x00946e    0x3  Code  Gb  filters.o [1]
get_btn_state           0x008ddc   0x3b  Code  Gb  filters.o [1]
get_check_filter        0x008ab6   0x57  Code  Gb  filters.o [1]
get_check_packet_type   0x0092d2   0x1a  Code  Gb  filters.o [1]
get_command             0x008ec8   0x3a  Code  Gb  communication.o [1]
get_crc                 0x00899b   0x61  Code  Gb  communication.o [1]
get_erase_config        0x008fa0   0x32  Code  Gb  communication.o [1]
get_packet              0x008b0d   0x54  Code  Gb  eeprom.o [1]
get_receive_config      0x008c05   0x4b  Code  Gb  communication.o [1]
get_remove_pid          0x009036   0x31  Code  Gb  filters.o [1]
get_send_config         0x009093   0x2b  Code  Gb  communication.o [1]
get_send_data_frame     0x008e52   0x3b  Code  Gb  lin_hw_layer.o [1]
get_write_byte_eeprom   0x0091a8   0x23  Code  Gb  eeprom.o [1]
isCRC                   0x0000db    0x1  Data  Gb  main.o [1]
led_div                 0x0000bf    0x4  Data  Gb  interrupts.o [1]
lin_rec                 0x0000b2    0xd  Data  Gb  main.o [1]
load_filter_packet      0x008778   0x8b  Code  Gb  filters.o [1]
load_slave_packet       0x0088d5   0x63  Code  Gb  filters.o [1]
loaded_filter           0x000061   0x15  Data  Gb  main.o [1]
main                    0x008080  0x2c3  Code  Gb  main.o [1]
main::cmd_receive       0x0000df    0x1  Data  Lc  main.o [1]
malloc                  0x0086e6   0x92  Code  Gb  xxmemxmalloc.o [4]
pid_filters_array       0x00008a   0x14  Data  Gb  filters.o [1]
pid_slave_array         0x000076   0x14  Data  Gb  filters.o [1]
pid_triggered_array     0x00009e   0x14  Data  Gb  filters.o [1]
print                   0x008d22   0x41  Code  Gb  communication.o [1]
print_cpu_id            0x008f38   0x34  Code  Gb  communication.o [1]
read_packet             0x008803   0x6c  Code  Gb  eeprom.o [1]
read_packet::tmp_packet
                        0x0000ce    0x2  Data  Lc  eeprom.o [1]
reset_state_cmd         0x00945b    0x6  Code  Lc  main.o [1]
search_pid              0x009067   0x2c  Code  Gb  filters.o [1]
send_byte               0x009427    0xc  Code  Gb  communication.o [1]
send_write_end          0x009455    0x6  Code  Gb  communication.o [1]
set_baud                0x008f02   0x36  Code  Gb  init.o [1]
set_baud::prescaler     0x0000d0    0x2  Data  Lc  init.o [1]
sys_time                0x0000c7    0x4  Data  Gb  main.o [1]
trig_index              0x0000da    0x1  Data  Gb  main.o [1]
u8GetCRC                0x008c50   0x49  Code  Gb  lin_hw_layer.o [1]
u8GetCRC::CRC           0x0000d6    0x1  Data  Lc  lin_hw_layer.o [1]
u8GetCRC::_sum          0x0000c3    0x4  Data  Lc  lin_hw_layer.o [1]
u8GetSizeDataFrame      0x009304   0x17  Code  Gb  lin_hw_layer.o [1]
uart_rx                 0x000011   0x28  Data  Gb  main.o [1]
uart_tx                 0x000039   0x28  Data  Gb  main.o [1]
vLinPacketClear         0x0091cb   0x23  Code  Gb  lin_hw_layer.o [1]
xBreak                  0x0000cb    0x3  Data  Gb  main.o [1]


[1] = C:\Users\Admin\Desktop\smart_lin\Debug\Obj
[2] = command line
[3] = dbgstm8ssd.a
[4] = dlstm8ssn.a

  4 889 bytes of readonly  code memory
    389 bytes of readonly  data memory
    740 bytes of readwrite data memory

Errors: none
Warnings: none
