###############################################################################
#
# IAR ELF Linker V3.11.1.207 for STM8                     20/Jun/2022  09:33:54
# Copyright 2010-2019 IAR Systems AB.
#
#    Output file  =  C:\dev\MCU\STM8\smart_lin\Debug\Exe\SPL_STM8S_template.out
#    Map file     =  
#        C:\dev\MCU\STM8\smart_lin\Debug\List\SPL_STM8S_template.map
#    Command line =  
#        -f C:\Users\Admin\AppData\Local\Temp\EWFD36.tmp
#        (C:\dev\MCU\STM8\smart_lin\Debug\Obj\communication.o
#        C:\dev\MCU\STM8\smart_lin\Debug\Obj\eeprom.o
#        C:\dev\MCU\STM8\smart_lin\Debug\Obj\fifo.o
#        C:\dev\MCU\STM8\smart_lin\Debug\Obj\filters.o
#        C:\dev\MCU\STM8\smart_lin\Debug\Obj\init.o
#        C:\dev\MCU\STM8\smart_lin\Debug\Obj\interrupts.o
#        C:\dev\MCU\STM8\smart_lin\Debug\Obj\lin_hw_layer.o
#        C:\dev\MCU\STM8\smart_lin\Debug\Obj\main.o
#        C:\dev\MCU\STM8\smart_lin\Debug\Obj\packet_parser.o
#        C:\dev\MCU\STM8\smart_lin\Debug\Obj\queue_lin.o
#        C:\dev\MCU\STM8\smart_lin\Debug\Obj\stm8s_adc1.o
#        C:\dev\MCU\STM8\smart_lin\Debug\Obj\stm8s_adc2.o
#        C:\dev\MCU\STM8\smart_lin\Debug\Obj\stm8s_awu.o
#        C:\dev\MCU\STM8\smart_lin\Debug\Obj\stm8s_beep.o
#        C:\dev\MCU\STM8\smart_lin\Debug\Obj\stm8s_can.o
#        C:\dev\MCU\STM8\smart_lin\Debug\Obj\stm8s_clk.o
#        C:\dev\MCU\STM8\smart_lin\Debug\Obj\stm8s_exti.o
#        C:\dev\MCU\STM8\smart_lin\Debug\Obj\stm8s_flash.o
#        C:\dev\MCU\STM8\smart_lin\Debug\Obj\stm8s_gpio.o
#        C:\dev\MCU\STM8\smart_lin\Debug\Obj\stm8s_i2c.o
#        C:\dev\MCU\STM8\smart_lin\Debug\Obj\stm8s_it.o
#        C:\dev\MCU\STM8\smart_lin\Debug\Obj\stm8s_itc.o
#        C:\dev\MCU\STM8\smart_lin\Debug\Obj\stm8s_iwdg.o
#        C:\dev\MCU\STM8\smart_lin\Debug\Obj\stm8s_rst.o
#        C:\dev\MCU\STM8\smart_lin\Debug\Obj\stm8s_spi.o
#        C:\dev\MCU\STM8\smart_lin\Debug\Obj\stm8s_tim1.o
#        C:\dev\MCU\STM8\smart_lin\Debug\Obj\stm8s_tim2.o
#        C:\dev\MCU\STM8\smart_lin\Debug\Obj\stm8s_tim3.o
#        C:\dev\MCU\STM8\smart_lin\Debug\Obj\stm8s_tim4.o
#        C:\dev\MCU\STM8\smart_lin\Debug\Obj\stm8s_tim5.o
#        C:\dev\MCU\STM8\smart_lin\Debug\Obj\stm8s_tim6.o
#        C:\dev\MCU\STM8\smart_lin\Debug\Obj\stm8s_uart1.o
#        C:\dev\MCU\STM8\smart_lin\Debug\Obj\stm8s_uart2.o
#        C:\dev\MCU\STM8\smart_lin\Debug\Obj\stm8s_uart3.o
#        C:\dev\MCU\STM8\smart_lin\Debug\Obj\stm8s_uart4.o
#        C:\dev\MCU\STM8\smart_lin\Debug\Obj\stm8s_wwdg.o --redirect
#        _Printf=_PrintfSmall --redirect _Scanf=_ScanfSmall --no_out_extension
#        -o C:\dev\MCU\STM8\smart_lin\Debug\Exe\SPL_STM8S_template.out --map
#        C:\dev\MCU\STM8\smart_lin\Debug\List\SPL_STM8S_template.map --log
#        libraries,initialization,modules,redirects,sections,unused_fragments
#        --log_file C:\dev\MCU\STM8\smart_lin\Debug\List\SPL_STM8S_template.log
#        --config "D:\Program Files (x86)\IAR Systems\Embedded Workbench
#        8.3\stm8\config\lnkstm8s103f3.icf" --config_def _CSTACK_SIZE=0x100
#        --config_def _HEAP_SIZE=0x100 --entry __iar_program_start --debug_lib)
#
###############################################################################

*******************************************************************************
*** RUNTIME MODEL ATTRIBUTES
***

__SystemLibrary            = DLib
__code_model               = small
__core                     = stm8
__data_model               = small
__dlib_file_descriptor     = 0
__dlib_full_locale_support = 0
__rt_version               = 4


*******************************************************************************
*** PLACEMENT SUMMARY
***

"A0":  place at start of [0x000000-0x0000ff] { rw section .vregs };
"P1":  place in [from 0x000000 to 0x0000ff] {
          rw section .tiny.bss, rw section .tiny.data, rw section .tiny.noinit,
          rw section .tiny.rodata };
"A1":  place at end of [0x000000-0x0003ff] { block CSTACK };
"A2":  place at start of [0x008000-0x009fff] { block INTVEC };
"P3":  place in [from 0x008000 to 0x009fff] {
          ro section __DLIB_PERTHREAD_init, ro section .far.data_init,
          ro section .far_func.textrw_init, ro section .huge.data_init,
          ro section .huge_func.textrw_init, ro section .iar.init_table,
          ro section .init_array, ro section .near.data_init,
          ro section .near.rodata, ro section .near_func.text,
          ro section .near_func.textrw_init, ro section .tiny.data_init,
          ro section .tiny.rodata_init };
"P4":  place in [from 0x008000 to 0x009fff] {
          ro section .far.rodata, ro section .far_func.text };
"P5":  place in [from 0x008000 to 0x009fff] {
          ro section .huge.rodata, ro section .huge_func.text };
do not initialize {
   rw section .eeprom.noinit, rw section .far.noinit, rw section .huge.noinit,
   rw section .near.noinit, rw section .tiny.noinit, rw section .vregs };
initialize by copy {
   rw section .far.bss, rw section .far.data, rw section .far_func.textrw,
   rw section .huge.bss, rw section .huge.data, rw section .huge_func.textrw,
   rw section .iar.dynexit, rw section .near.bss, rw section .near.data,
   rw section .near_func.textrw, rw section .tiny.bss, rw section .tiny.data,
   ro section .tiny.rodata };

No sections matched the following patterns:

  ro section .far.data_init          in "P3-P5"
  ro section .far.rodata             in "P3-P5"
  ro section .far_func.text          in "P3-P5"
  ro section .far_func.textrw_init   in "P3-P5"
  ro section .huge.data_init         in "P3-P5"
  ro section .huge.rodata            in "P3-P5"
  ro section .huge_func.text         in "P3-P5"
  ro section .huge_func.textrw_init  in "P3-P5"
  ro section .iar.init_table         in "P3-P5"
  ro section .init_array             in "P3-P5"
  ro section .near.data_init         in "P3-P5"
  ro section .near_func.textrw_init  in "P3-P5"
  ro section .tiny.rodata_init       in "P3-P5"
  ro section __DLIB_PERTHREAD_init   in "P3-P5"
  rw section .far.bss                in "P2"
  rw section .far.data               in "P2"
  rw section .far.noinit             in "P2"
  rw section .far_func.textrw        in "P2"
  rw section .huge.bss               in "P2"
  rw section .huge.data              in "P2"
  rw section .huge.noinit            in "P2"
  rw section .huge_func.textrw       in "P2"
  rw section .iar.dynexit            in "P2"
  rw section .near.bss               in "P2"
  rw section .near.data              in "P2"
  rw section .near.noinit            in "P2"
  rw section .near_func.textrw       in "P2"
  rw section .tiny.noinit            in "P1"
  rw section .tiny.rodata            in "P1"
  rw section __DLIB_PERTHREAD        in "P2"
  section .eeprom.data               in "P6-P8"
  section .eeprom.noinit             in "P6-P8"
  section .eeprom.rodata             in "P6-P8"


  Section            Kind      Address   Size  Object
  -------            ----      -------   ----  ------
"A0":                                    0x10
  .vregs             uninit   0x000000   0x10  vregs.o [4]
                            - 0x000010   0x10

"P1", part 1 of 2:                        0x1
  P1-1                        0x000010    0x1  <Init block>
    .tiny.data       inited   0x000010    0x1  main.o [1]
                            - 0x000011    0x1

"P1", part 2 of 2:                       0xb7
  .tiny.bss          zero     0x000011   0x4c  main.o [1]
  .tiny.bss          zero     0x00005d   0x38  communication.o [1]
  .tiny.bss          zero     0x000095    0xd  main.o [1]
  .tiny.bss          zero     0x0000a2    0xc  main.o [1]
  .tiny.bss          zero     0x0000ae    0xc  main.o [1]
  .tiny.bss          zero     0x0000ba    0x4  interrupts.o [1]
  .tiny.bss          zero     0x0000be    0x3  main.o [1]
  .tiny.bss          zero     0x0000c1    0x2  filters.o [1]
  .tiny.bss          zero     0x0000c3    0x2  filters.o [1]
  .tiny.bss          zero     0x0000c5    0x1  interrupts.o [1]
  .tiny.bss          zero     0x0000c6    0x1  main.o [1]
  .tiny.bss          zero     0x0000c7    0x1  main.o [1]
                            - 0x0000c8   0xb7

"A1":                                   0x100
  CSTACK                      0x000300  0x100  <Block>
    CSTACK           uninit   0x000300  0x100  <Block tail>
                            - 0x000400  0x100

"A2":                                    0x80
  INTVEC                      0x008000   0x80  <Block>
    .intvec          const    0x008000   0x80  interrupt.o [4]
                            - 0x008080   0x80

"P3-P5":                                0xd7d
  .near_func.text    ro code  0x008080  0x1e8  main.o [1]
  .near_func.text    ro code  0x008268   0xfd  vreg_util.o [4]
  .near_func.text    ro code  0x008365   0xb0  long.o [4]
  .near_func.text    ro code  0x008415   0x83  queue_lin.o [1]
  .near_func.text    ro code  0x008498   0x63  filters.o [1]
  .near_func.text    ro code  0x0084fb   0x5c  stm8s_flash.o [1]
  .near_func.text    ro code  0x008557   0x57  eeprom.o [1]
  .near_func.text    ro code  0x0085ae   0x54  eeprom.o [1]
  .near_func.text    ro code  0x008602   0x52  stm8s_flash.o [1]
  .near_func.text    ro code  0x008654   0x4f  eeprom.o [1]
  .near_func.text    ro code  0x0086a3   0x47  eeprom.o [1]
  .near_func.text    ro code  0x0086ea   0x46  lin_hw_layer.o [1]
  .near_func.text    ro code  0x008730   0x45  eeprom.o [1]
  .near_func.text    ro code  0x008775   0x41  interrupts.o [1]
  .near_func.text    ro code  0x0087b6   0x3f  queue_lin.o [1]
  .near_func.text    ro code  0x0087f5   0x3e  fifo.o [1]
  .near_func.text    ro code  0x008833   0x3c  interrupts.o [1]
  .near_func.text    ro code  0x00886f   0x3b  communication.o [1]
  .near_func.text    ro code  0x0088aa   0x3b  stm8s_flash.o [1]
  .near_func.text    ro code  0x0088e5   0x3a  interrupts.o [1]
  .near.rodata       const    0x00891f   0x34  stm8s_flash.o [1]
  .near_func.text    ro code  0x008953   0x34  fifo.o [1]
  .near_func.text    ro code  0x008987   0x32  interrupts.o [1]
  .near_func.text    ro code  0x0089b9   0x2f  communication.o [1]
  .near_func.text    ro code  0x0089e8   0x2f  lin_hw_layer.o [1]
  .near_func.text    ro code  0x008a17   0x2d  init.o [1]
  .near_func.text    ro code  0x008a44   0x2b  stm8s_flash.o [1]
  .near_func.text    ro code  0x008a6f   0x2a  filters.o [1]
  .near_func.text    ro code  0x008a99   0x29  fifo.o [1]
  .near_func.text    ro code  0x008ac2   0x28  communication.o [1]
  .near_func.text    ro code  0x008aea   0x28  init_small.o [4]
  .near_func.text    ro code  0x008b12   0x27  communication.o [1]
  .near_func.text    ro code  0x008b39   0x26  communication.o [1]
  .near_func.text    ro code  0x008b5f   0x26  communication.o [1]
  .near_func.text    ro code  0x008b85   0x25  main.o [1]
  .near_func.text    ro code  0x008baa   0x24  communication.o [1]
  .near_func.text    ro code  0x008bce   0x23  interrupts.o [1]
  .near_func.text    ro code  0x008bf1   0x23  short.o [4]
  .iar.init_table    const    0x008c14   0x12  - Linker created -
  .near_func.text    ro code  0x008c26   0x1e  init_small.o [4]
  .near_func.text    ro code  0x008c44   0x1a  filters.o [1]
  .near_func.text    ro code  0x008c5e   0x1a  long_util.o [4]
  .near_func.text    ro code  0x008c78   0x18  dc_util.o [4]
  .near.rodata       const    0x008c90   0x16  main.o [1]
  .near_func.text    ro code  0x008ca6   0x15  init.o [1]
  .near.rodata       const    0x008cbb   0x14  main.o [1]
  .near_func.text    ro code  0x008ccf   0x14  init.o [4]
  .near_func.text    ro code  0x008ce3   0x14  __dbg_xxexit.o [3]
  .near_func.text    ro code  0x008cf7   0x13  filters.o [1]
  .near_func.text    ro code  0x008d0a   0x13  cstartup.o [4]
  .near_func.text    ro code  0x008d1d   0x12  fifo.o [1]
  .near_func.text    ro code  0x008d2f   0x11  init.o [1]
  .near.rodata       const    0x008d40   0x10  main.o [1]
  .near_func.text    ro code  0x008d50    0xf  communication.o [1]
  .near.rodata       const    0x008d5f    0xe  main.o [1]
  .near_func.text    ro code  0x008d6d    0xd  init.o [1]
  .near_func.text    ro code  0x008d7a    0xd  init.o [1]
  .near_func.text    ro code  0x008d87    0xd  init.o [1]
  .near_func.text    ro code  0x008d94    0xd  move.o [4]
  .near_func.text    ro code  0x008da1    0xc  communication.o [1]
  .near.rodata       const    0x008dad    0xb  main.o [1]
  .near_func.text    ro code  0x008db8    0x6  communication.o [1]
  .near_func.text    ro code  0x008dbe    0x6  main.o [1]
  .near_func.text    ro code  0x008dc4    0x5  init.o [1]
  .near_func.text    ro code  0x008dc9    0x5  cexit.o [4]
  .near_func.text    ro code  0x008dce    0x3  interrupt.o [4]
  .near_func.text    ro code  0x008dd1    0x3  low_level_init.o [4]
  .near_func.text    ro code  0x008dd4    0x3  exit.o [4]
  .near_func.text    ro code  0x008dd7    0x3  unhandled_exception.o [4]
  .near_func.text    ro code  0x008dda    0x2  init.o [1]
  .near_func.text    ro code  0x008ddc    0x2  stm8s_it.o [1]
  .near_func.text    ro code  0x008dde    0x2  stm8s_it.o [1]
  .near_func.text    ro code  0x008de0    0x2  stm8s_it.o [1]
  .near_func.text    ro code  0x008de2    0x2  stm8s_it.o [1]
  .near_func.text    ro code  0x008de4    0x2  stm8s_it.o [1]
  .near_func.text    ro code  0x008de6    0x2  stm8s_it.o [1]
  .near_func.text    ro code  0x008de8    0x2  stm8s_it.o [1]
  .near_func.text    ro code  0x008dea    0x2  stm8s_it.o [1]
  .near_func.text    ro code  0x008dec    0x2  stm8s_it.o [1]
  .near_func.text    ro code  0x008dee    0x2  stm8s_it.o [1]
  .near_func.text    ro code  0x008df0    0x2  stm8s_it.o [1]
  .near_func.text    ro code  0x008df2    0x2  stm8s_it.o [1]
  .near_func.text    ro code  0x008df4    0x2  stm8s_it.o [1]
  .near_func.text    ro code  0x008df6    0x2  stm8s_it.o [1]
  .near_func.text    ro code  0x008df8    0x2  stm8s_it.o [1]
  .near_func.text    ro code  0x008dfa    0x1  main.o [1]
  .near_func.text    ro code  0x008dfb    0x1  __dbg_break.o [3]
  Initializer bytes  const    0x008dfc    0x1  <for P1-1>
                            - 0x008dfd  0xd7d


*******************************************************************************
*** INIT TABLE
***

          Address   Size
          -------   ----
Zero (__iar_zero_init2)
    1 destination range, total size 0xb7:
          0x000011  0xb7

Copy (__iar_copy_init2)
    1 source range, total size 0x1:
          0x008dfc   0x1
    1 destination range, total size 0x1:
          0x000010   0x1



*******************************************************************************
*** MODULE SUMMARY
***

    Module                 ro code  ro data  rw data
    ------                 -------  -------  -------
C:\dev\MCU\STM8\smart_lin\Debug\Obj: [1]
    communication.o            330                56
    eeprom.o                   390
    fifo.o                     173
    filters.o                  186                 4
    init.o                     129
    interrupts.o               268                 5
    lin_hw_layer.o             117
    main.o                     532       84      119
    queue_lin.o                194
    stm8s_flash.o              276       52
    stm8s_it.o                  30
    ------------------------------------------------
    Total:                   2 625      136      184

command line: [2]
    ------------------------------------------------
    Total:

dbgstm8ssd.a: [3]
    __dbg_break.o                1
    __dbg_xxexit.o              20
    ------------------------------------------------
    Total:                      21

dlstm8ssn.a: [4]
    cexit.o                      5
    cstartup.o                  19
    dc_util.o                   24
    exit.o                       3
    init.o                      20
    init_small.o                70
    interrupt.o                  3      128
    long.o                     176
    long_util.o                 26
    low_level_init.o             3
    move.o                      13
    short.o                     35
    unhandled_exception.o        3
    vreg_util.o                253
    vregs.o                                       16
    ------------------------------------------------
    Total:                     653      128       16

    Linker created                       18      256
----------------------------------------------------
    Grand Total:             3 299      282      456


*******************************************************************************
*** ENTRY LIST
***

Entry                    Address   Size  Type      Object
-----                    -------   ----  ----      ------
.iar.init_table$$Base   0x008c14          --   Gb  - Linker created -
.iar.init_table$$Limit  0x008c26          --   Gb  - Linker created -
?add32_l0_l0_0x         0x008380         Code  Gb  long.o [4]
?add32_l0_l0_dl         0x008378         Code  Gb  long.o [4]
?add32_l0_l0_l1         0x00837d         Code  Gb  long.o [4]
?b0                     0x000000         Data  Gb  vregs.o [4]
?b1                     0x000001         Data  Gb  vregs.o [4]
?b10                    0x00000a         Data  Gb  vregs.o [4]
?b11                    0x00000b         Data  Gb  vregs.o [4]
?b12                    0x00000c         Data  Gb  vregs.o [4]
?b13                    0x00000d         Data  Gb  vregs.o [4]
?b14                    0x00000e         Data  Gb  vregs.o [4]
?b15                    0x00000f         Data  Gb  vregs.o [4]
?b2                     0x000002         Data  Gb  vregs.o [4]
?b3                     0x000003         Data  Gb  vregs.o [4]
?b4                     0x000004         Data  Gb  vregs.o [4]
?b5                     0x000005         Data  Gb  vregs.o [4]
?b6                     0x000006         Data  Gb  vregs.o [4]
?b7                     0x000007         Data  Gb  vregs.o [4]
?b8                     0x000008         Data  Gb  vregs.o [4]
?b9                     0x000009         Data  Gb  vregs.o [4]
?dc32_l0                0x008c78         Code  Gb  dc_util.o [4]
?dc32_px                0x008c85         Code  Gb  dc_util.o [4]
?e0                     0x000001         Data  Gb  vregs.o [4]
?e1                     0x000005         Data  Gb  vregs.o [4]
?e2                     0x000009         Data  Gb  vregs.o [4]
?e3                     0x00000d         Data  Gb  vregs.o [4]
?epilogue_l2            0x00832e         Code  Gb  vreg_util.o [4]
?epilogue_l2_w6         0x008332         Code  Gb  vreg_util.o [4]
?epilogue_w4            0x008339         Code  Gb  vreg_util.o [4]
?inc32_0x_0x            0x00836a         Code  Gb  long.o [4]
?inc32_l0_l0            0x008365         Code  Gb  long.o [4]
?l0                     0x000000         Data  Gb  vregs.o [4]
?l1                     0x000004         Data  Gb  vregs.o [4]
?l2                     0x000008         Data  Gb  vregs.o [4]
?l3                     0x00000c         Data  Gb  vregs.o [4]
?load32_0x_l0           0x008c6a         Code  Gb  long_util.o [4]
?load32_l0_0x           0x008c5e         Code  Gb  long_util.o [4]
?mov_e1_e2              0x00834e         Code  Gb  vreg_util.o [4]
?mov_e2_e0              0x00835b         Code  Gb  vreg_util.o [4]
?mov_l1_l2              0x00834b         Code  Gb  vreg_util.o [4]
?mov_l2_l0              0x008358         Code  Gb  vreg_util.o [4]
?mov_w1_w4              0x00833d         Code  Gb  vreg_util.o [4]
?mov_w3_w4              0x008344         Code  Gb  vreg_util.o [4]
?mov_w3_w5              0x008351         Code  Gb  vreg_util.o [4]
?mov_w5_w1              0x00835e         Code  Gb  vreg_util.o [4]
?move1616_v_x_y_a       0x008d94         Code  Gb  move.o [4]
?mul16_x_x_w0           0x008bf1         Code  Gb  short.o [4]
?pop_e3                 0x0082bf         Code  Gb  vreg_util.o [4]
?pop_l0                 0x008305         Code  Gb  vreg_util.o [4]
?pop_l1                 0x008310         Code  Gb  vreg_util.o [4]
?pop_l2                 0x00831b         Code  Gb  vreg_util.o [4]
?pop_w0                 0x00828a         Code  Gb  vreg_util.o [4]
?pop_w4                 0x008291         Code  Gb  vreg_util.o [4]
?pop_w6                 0x008298         Code  Gb  vreg_util.o [4]
?push_e3                0x0082a7         Code  Gb  vreg_util.o [4]
?push_l0                0x0082d9         Code  Gb  vreg_util.o [4]
?push_l1                0x0082de         Code  Gb  vreg_util.o [4]
?push_l2                0x0082e3         Code  Gb  vreg_util.o [4]
?push_w0                0x008268         Code  Gb  vreg_util.o [4]
?push_w4                0x00826d         Code  Gb  vreg_util.o [4]
?push_w6                0x008272         Code  Gb  vreg_util.o [4]
?sext32_l0_x            0x00840a         Code  Gb  long.o [4]
?srl16_x_x_4            0x008c0f         Code  Gb  short.o [4]
?udiv32_l0_dl_l1        0x008398         Code  Gb  long.o [4]
?udiv32_l0_l0_l1        0x00839d         Code  Gb  long.o [4]
?umod32_l1_l0_l1        0x00839d         Code  Gb  long.o [4]
?w0                     0x000000         Data  Gb  vregs.o [4]
?w1                     0x000002         Data  Gb  vregs.o [4]
?w2                     0x000004         Data  Gb  vregs.o [4]
?w3                     0x000006         Data  Gb  vregs.o [4]
?w4                     0x000008         Data  Gb  vregs.o [4]
?w5                     0x00000a         Data  Gb  vregs.o [4]
?w6                     0x00000c         Data  Gb  vregs.o [4]
?w7                     0x00000e         Data  Gb  vregs.o [4]
ADC1_IRQHandler         0x008df6    0x2  Code  Gb  stm8s_it.o [1]
AWU_IRQHandler          0x008de0    0x2  Code  Gb  stm8s_it.o [1]
CLK_IRQHandler          0x008de2    0x2  Code  Gb  stm8s_it.o [1]
CLK_Init                0x008dc4    0x5  Code  Gb  init.o [1]
CSTACK$$Base            0x000300          --   Gb  - Linker created -
CSTACK$$Limit           0x000400          --   Gb  - Linker created -
EEPROM_EEC_IRQHandler   0x008df8    0x2  Code  Gb  stm8s_it.o [1]
EXTI_PORTA_IRQHandler   0x008de4    0x2  Code  Gb  stm8s_it.o [1]
EXTI_PORTB_IRQHandler   0x008de6    0x2  Code  Gb  stm8s_it.o [1]
EXTI_PORTC_IRQHandler   0x008de8    0x2  Code  Gb  stm8s_it.o [1]
EXTI_PORTD_IRQHandler   0x008775   0x41  Code  Gb  interrupts.o [1]
EXTI_PORTE_IRQHandler   0x008dea    0x2  Code  Gb  stm8s_it.o [1]
FLASH_Lock              0x008a44   0x2b  Code  Gb  stm8s_flash.o [1]
FLASH_ProgramByte       0x0084fb   0x5c  Code  Gb  stm8s_flash.o [1]
FLASH_ReadByte          0x008602   0x52  Code  Gb  stm8s_flash.o [1]
FLASH_Unlock            0x0088aa   0x3b  Code  Gb  stm8s_flash.o [1]
GetDevMode              0x008d50    0xf  Code  Gb  communication.o [1]
GetReset                0x008a99   0x29  Code  Gb  fifo.o [1]
GetSize                 0x008d1d   0x12  Code  Gb  fifo.o [1]
I2C_IRQHandler          0x008df4    0x2  Code  Gb  stm8s_it.o [1]
INTVEC$$Base            0x008000          --   Gb  - Linker created -
INTVEC$$Limit           0x008080          --   Gb  - Linker created -
IRQ_Init                0x008dda    0x2  Code  Gb  init.o [1]
PORT_Init               0x008d2f   0x11  Code  Gb  init.o [1]
Pull                    0x008953   0x34  Code  Gb  fifo.o [1]
Push                    0x0087f5   0x3e  Code  Gb  fifo.o [1]
Region$$Table$$Base     0x008c14          --   Gb  - Linker created -
Region$$Table$$Limit    0x008c26          --   Gb  - Linker created -
SPI_IRQHandler          0x008dec    0x2  Code  Gb  stm8s_it.o [1]
SystemInit              0x008b85   0x25  Code  Gb  main.o [1]
TIM1_CAP_COM_IRQHandler
                        0x008df0    0x2  Code  Gb  stm8s_it.o [1]
TIM1_Init               0x008d6d    0xd  Code  Gb  init.o [1]
TIM1_UPD_OVF_TRG_BRK_IRQHandler
                        0x008dee    0x2  Code  Gb  stm8s_it.o [1]
TIM2_CAP_COM_IRQHandler
                        0x008df2    0x2  Code  Gb  stm8s_it.o [1]
TIM2_Init               0x008ca6   0x15  Code  Gb  init.o [1]
TIM2_UPD_OVF_BRK_IRQHandler
                        0x008833   0x3c  Code  Gb  interrupts.o [1]
TIM4_UPD_OVF_IRQHandler
                        0x0088e5   0x3a  Code  Gb  interrupts.o [1]
TLI_IRQHandler          0x008dde    0x2  Code  Gb  stm8s_it.o [1]
TRAP_IRQHandler         0x008ddc    0x2  Code  Gb  stm8s_it.o [1]
UART1_RX_IRQHandler     0x008bce   0x23  Code  Gb  interrupts.o [1]
UART1_TX_IRQHandler     0x008987   0x32  Code  Gb  interrupts.o [1]
UART_Init               0x008a17   0x2d  Code  Gb  init.o [1]
__DebugBreak            0x008dfb    0x1  Code  Gb  __dbg_break.o [3]
__exit                  0x008ce3   0x14  Code  Gb  __dbg_xxexit.o [3]
__iar_copy_init2        0x008aea         Code  Gb  init_small.o [4]
__iar_data_init2        0x008ccf   0x14  Code  Gb  init.o [4]
__iar_program_start     0x008d0a         Code  Gb  cstartup.o [4]
__iar_unhandled_exception
                        0x008dd7         Code  Gb  unhandled_exception.o [4]
__iar_zero_init2        0x008c26         Code  Gb  init_small.o [4]
__intvec                0x008000         Data  Gb  interrupt.o [4]
__low_level_init        0x008dd1    0x3  Code  Gb  low_level_init.o [4]
_exit                   0x008dc9         Code  Gb  cexit.o [4]
_interrupt_1            0x008ddc         Code  Gb  stm8s_it.o [1]
_interrupt_12           0x008dec         Code  Gb  stm8s_it.o [1]
_interrupt_13           0x008dee         Code  Gb  stm8s_it.o [1]
_interrupt_14           0x008df0         Code  Gb  stm8s_it.o [1]
_interrupt_15           0x008833         Code  Gb  interrupts.o [1]
_interrupt_16           0x008df2         Code  Gb  stm8s_it.o [1]
_interrupt_19           0x008987         Code  Gb  interrupts.o [1]
_interrupt_2            0x008dde         Code  Gb  stm8s_it.o [1]
_interrupt_20           0x008bce         Code  Gb  interrupts.o [1]
_interrupt_21           0x008df4         Code  Gb  stm8s_it.o [1]
_interrupt_24           0x008df6         Code  Gb  stm8s_it.o [1]
_interrupt_25           0x0088e5         Code  Gb  interrupts.o [1]
_interrupt_26           0x008df8         Code  Gb  stm8s_it.o [1]
_interrupt_3            0x008de0         Code  Gb  stm8s_it.o [1]
_interrupt_4            0x008de2         Code  Gb  stm8s_it.o [1]
_interrupt_5            0x008de4         Code  Gb  stm8s_it.o [1]
_interrupt_6            0x008de6         Code  Gb  stm8s_it.o [1]
_interrupt_7            0x008de8         Code  Gb  stm8s_it.o [1]
_interrupt_8            0x008775         Code  Gb  interrupts.o [1]
_interrupt_9            0x008dea         Code  Gb  stm8s_it.o [1]
add_to_array            0x008cf7   0x13  Code  Gb  filters.o [1]
assert_failed           0x008dfa    0x1  Code  Gb  main.o [1]
bLinCheckBreak          0x0089e8   0x2f  Code  Gb  lin_hw_layer.o [1]
check_crc               0x008baa   0x24  Code  Gb  communication.o [1]
configArray             0x00005d   0x38  Data  Gb  communication.o [1]
config_lin              0x008d87    0xd  Code  Gb  init.o [1]
config_uart             0x008d7a    0xd  Code  Gb  init.o [1]
curr_mode               0x000010    0x1  Data  Gb  main.o [1]
div_tim2                0x0000c5    0x1  Data  Lc  interrupts.o [1]
eLinReceive             0x0000c6    0x1  Data  Gb  main.o [1]
exit                    0x008dd4    0x3  Code  Gb  exit.o [4]
get_check_packet_type   0x008c44   0x1a  Code  Gb  filters.o [1]
get_command             0x0089b9   0x2f  Code  Gb  communication.o [1]
get_crc                 0x008b12   0x27  Code  Gb  communication.o [1]
get_dev_info            0x008b39   0x26  Code  Gb  communication.o [1]
get_packet              0x0085ae   0x54  Code  Gb  eeprom.o [1]
get_receive_config      0x008ac2   0x28  Code  Gb  communication.o [1]
get_send_config         0x008b5f   0x26  Code  Gb  communication.o [1]
get_send_lin_packet     0x0086ea   0x46  Code  Gb  lin_hw_layer.o [1]
led_div                 0x0000ba    0x4  Data  Gb  interrupts.o [1]
lin_queue               0x000011   0x4c  Data  Gb  main.o [1]
lin_rec                 0x000095    0xd  Data  Gb  main.o [1]
load_slave_packet       0x008498   0x63  Code  Gb  filters.o [1]
main                    0x008080  0x1e8  Code  Gb  main.o [1]
main{5}{6}{23}{24}::ex_pid_slave_ind
                        0x0000c7    0x1  Data  Lc  main.o [1]
pid_filters_array       0x0000c3    0x2  Data  Gb  filters.o [1]
pid_slave_array         0x0000c1    0x2  Data  Gb  filters.o [1]
print                   0x00886f   0x3b  Code  Gb  communication.o [1]
queue_add_packet        0x0087b6   0x3f  Code  Gb  queue_lin.o [1]
queue_handler           0x008415   0x83  Code  Gb  queue_lin.o [1]
read_config_packet      0x008730   0x45  Code  Gb  eeprom.o [1]
read_dev_info           0x0086a3   0x47  Code  Gb  eeprom.o [1]
read_packet             0x008557   0x57  Code  Gb  eeprom.o [1]
reset_state_cmd         0x008dbe    0x6  Code  Lc  main.o [1]
search_pid              0x008a6f   0x2a  Code  Gb  filters.o [1]
send_byte               0x008da1    0xc  Code  Gb  communication.o [1]
send_nack               0x008db8    0x6  Code  Gb  communication.o [1]
uart_rx                 0x0000a2    0xc  Data  Gb  main.o [1]
uart_tx                 0x0000ae    0xc  Data  Gb  main.o [1]
write_config_packet     0x008654   0x4f  Code  Gb  eeprom.o [1]
xBreak                  0x0000be    0x3  Data  Gb  main.o [1]


[1] = C:\dev\MCU\STM8\smart_lin\Debug\Obj
[2] = command line
[3] = dbgstm8ssd.a
[4] = dlstm8ssn.a

  3 299 bytes of readonly  code memory
    282 bytes of readonly  data memory
    456 bytes of readwrite data memory

Errors: none
Warnings: none
