###############################################################################
#
# IAR ELF Linker V3.11.1.207 for STM8                     25/Jul/2022  14:54:15
# Copyright 2010-2019 IAR Systems AB.
#
#    Output file  =  
#        C:\Users\ferna\Desktop\smart_lin\Debug\Exe\SPL_STM8S_template.out
#    Map file     =  
#        C:\Users\ferna\Desktop\smart_lin\Debug\List\SPL_STM8S_template.map
#    Command line =  
#        -f C:\Users\ferna\AppData\Local\Temp\EW2D02.tmp
#        (C:\Users\ferna\Desktop\smart_lin\Debug\Obj\communication.o
#        C:\Users\ferna\Desktop\smart_lin\Debug\Obj\eeprom.o
#        C:\Users\ferna\Desktop\smart_lin\Debug\Obj\fifo.o
#        C:\Users\ferna\Desktop\smart_lin\Debug\Obj\filters.o
#        C:\Users\ferna\Desktop\smart_lin\Debug\Obj\init.o
#        C:\Users\ferna\Desktop\smart_lin\Debug\Obj\interrupts.o
#        C:\Users\ferna\Desktop\smart_lin\Debug\Obj\lin_hw_layer.o
#        C:\Users\ferna\Desktop\smart_lin\Debug\Obj\main.o
#        C:\Users\ferna\Desktop\smart_lin\Debug\Obj\packet_parser.o
#        C:\Users\ferna\Desktop\smart_lin\Debug\Obj\stm8s_adc1.o
#        C:\Users\ferna\Desktop\smart_lin\Debug\Obj\stm8s_adc2.o
#        C:\Users\ferna\Desktop\smart_lin\Debug\Obj\stm8s_awu.o
#        C:\Users\ferna\Desktop\smart_lin\Debug\Obj\stm8s_beep.o
#        C:\Users\ferna\Desktop\smart_lin\Debug\Obj\stm8s_can.o
#        C:\Users\ferna\Desktop\smart_lin\Debug\Obj\stm8s_clk.o
#        C:\Users\ferna\Desktop\smart_lin\Debug\Obj\stm8s_exti.o
#        C:\Users\ferna\Desktop\smart_lin\Debug\Obj\stm8s_flash.o
#        C:\Users\ferna\Desktop\smart_lin\Debug\Obj\stm8s_gpio.o
#        C:\Users\ferna\Desktop\smart_lin\Debug\Obj\stm8s_i2c.o
#        C:\Users\ferna\Desktop\smart_lin\Debug\Obj\stm8s_it.o
#        C:\Users\ferna\Desktop\smart_lin\Debug\Obj\stm8s_itc.o
#        C:\Users\ferna\Desktop\smart_lin\Debug\Obj\stm8s_iwdg.o
#        C:\Users\ferna\Desktop\smart_lin\Debug\Obj\stm8s_rst.o
#        C:\Users\ferna\Desktop\smart_lin\Debug\Obj\stm8s_spi.o
#        C:\Users\ferna\Desktop\smart_lin\Debug\Obj\stm8s_tim1.o
#        C:\Users\ferna\Desktop\smart_lin\Debug\Obj\stm8s_tim2.o
#        C:\Users\ferna\Desktop\smart_lin\Debug\Obj\stm8s_tim3.o
#        C:\Users\ferna\Desktop\smart_lin\Debug\Obj\stm8s_tim4.o
#        C:\Users\ferna\Desktop\smart_lin\Debug\Obj\stm8s_tim5.o
#        C:\Users\ferna\Desktop\smart_lin\Debug\Obj\stm8s_tim6.o
#        C:\Users\ferna\Desktop\smart_lin\Debug\Obj\stm8s_uart1.o
#        C:\Users\ferna\Desktop\smart_lin\Debug\Obj\stm8s_uart2.o
#        C:\Users\ferna\Desktop\smart_lin\Debug\Obj\stm8s_uart3.o
#        C:\Users\ferna\Desktop\smart_lin\Debug\Obj\stm8s_uart4.o
#        C:\Users\ferna\Desktop\smart_lin\Debug\Obj\stm8s_wwdg.o --redirect
#        _Printf=_PrintfSmall --redirect _Scanf=_ScanfSmall --no_out_extension
#        -o C:\Users\ferna\Desktop\smart_lin\Debug\Exe\SPL_STM8S_template.out
#        --map
#        C:\Users\ferna\Desktop\smart_lin\Debug\List\SPL_STM8S_template.map
#        --log
#        libraries,initialization,modules,redirects,sections,unused_fragments
#        --log_file
#        C:\Users\ferna\Desktop\smart_lin\Debug\List\SPL_STM8S_template.log
#        --config "C:\Program Files (x86)\IAR Systems\Embedded Workbench
#        8.3\stm8\config\lnkstm8s103f3.icf" --config_def _CSTACK_SIZE=0x100
#        --config_def _HEAP_SIZE=0x100 --entry __iar_program_start --debug_lib)
#
###############################################################################

*******************************************************************************
*** RUNTIME MODEL ATTRIBUTES
***

__Heap_Handler             = Basic
__SystemLibrary            = DLib
__code_model               = small
__core                     = stm8
__data_model               = small
__dlib_file_descriptor     = 0
__dlib_full_locale_support = 0
__rt_version               = 4


*******************************************************************************
*** PLACEMENT SUMMARY
***

"A0":  place at start of [0x000000-0x0000ff] { rw section .vregs };
"P1":  place in [from 0x000000 to 0x0000ff] {
          rw section .tiny.bss, rw section .tiny.data, rw section .tiny.noinit,
          rw section .tiny.rodata };
"A1":  place at end of [0x000000-0x0003ff] { block CSTACK };
"P2":  place in [from 0x000000 to 0x0003ff] {
          block HEAP, rw section __DLIB_PERTHREAD, rw section .far.bss,
          rw section .far.data, rw section .far.noinit,
          rw section .far_func.textrw, rw section .huge.bss,
          rw section .huge.data, rw section .huge.noinit,
          rw section .huge_func.textrw, rw section .iar.dynexit,
          rw section .near.bss, rw section .near.data, rw section .near.noinit,
          rw section .near_func.textrw };
"A2":  place at start of [0x008000-0x009fff] { block INTVEC };
"P3":  place in [from 0x008000 to 0x009fff] {
          ro section __DLIB_PERTHREAD_init, ro section .far.data_init,
          ro section .far_func.textrw_init, ro section .huge.data_init,
          ro section .huge_func.textrw_init, ro section .iar.init_table,
          ro section .init_array, ro section .near.data_init,
          ro section .near.rodata, ro section .near_func.text,
          ro section .near_func.textrw_init, ro section .tiny.data_init,
          ro section .tiny.rodata_init };
"P4":  place in [from 0x008000 to 0x009fff] {
          ro section .far.rodata, ro section .far_func.text };
"P5":  place in [from 0x008000 to 0x009fff] {
          ro section .huge.rodata, ro section .huge_func.text };
do not initialize {
   rw section .eeprom.noinit, rw section .far.noinit, rw section .huge.noinit,
   rw section .near.noinit, rw section .tiny.noinit, rw section .vregs };
initialize by copy {
   rw section .far.bss, rw section .far.data, rw section .far_func.textrw,
   rw section .huge.bss, rw section .huge.data, rw section .huge_func.textrw,
   rw section .iar.dynexit, rw section .near.bss, rw section .near.data,
   rw section .near_func.textrw, rw section .tiny.bss, rw section .tiny.data,
   ro section .tiny.rodata };

No sections matched the following patterns:

  ro section .far.data_init          in "P3-P5"
  ro section .far.rodata             in "P3-P5"
  ro section .far_func.text          in "P3-P5"
  ro section .far_func.textrw_init   in "P3-P5"
  ro section .huge.data_init         in "P3-P5"
  ro section .huge.rodata            in "P3-P5"
  ro section .huge_func.text         in "P3-P5"
  ro section .huge_func.textrw_init  in "P3-P5"
  ro section .iar.init_table         in "P3-P5"
  ro section .init_array             in "P3-P5"
  ro section .near.data_init         in "P3-P5"
  ro section .near_func.textrw_init  in "P3-P5"
  ro section .tiny.rodata_init       in "P3-P5"
  ro section __DLIB_PERTHREAD_init   in "P3-P5"
  rw section .far.bss                in "P2"
  rw section .far.data               in "P2"
  rw section .far.noinit             in "P2"
  rw section .far_func.textrw        in "P2"
  rw section .huge.bss               in "P2"
  rw section .huge.data              in "P2"
  rw section .huge.noinit            in "P2"
  rw section .huge_func.textrw       in "P2"
  rw section .iar.dynexit            in "P2"
  rw section .near.data              in "P2"
  rw section .near.noinit            in "P2"
  rw section .near_func.textrw       in "P2"
  rw section .tiny.noinit            in "P1"
  rw section .tiny.rodata            in "P1"
  rw section __DLIB_PERTHREAD        in "P2"
  section .eeprom.data               in "P6-P8"
  section .eeprom.noinit             in "P6-P8"
  section .eeprom.rodata             in "P6-P8"


  Section            Kind      Address    Size  Object
  -------            ----      -------    ----  ------
"A0":                                     0x10
  .vregs             uninit   0x000000    0x10  vregs.o [4]
                            - 0x000010    0x10

"P1", part 1 of 2:                         0x1
  P1-1                        0x000010     0x1  <Init block>
    .tiny.data       inited   0x000010     0x1  main.o [1]
                            - 0x000011     0x1

"P1", part 2 of 2:                        0xd5
  .tiny.bss          zero     0x000011    0x28  main.o [1]
  .tiny.bss          zero     0x000039    0x28  main.o [1]
  .tiny.bss          zero     0x000061    0x17  main.o [1]
  .tiny.bss          zero     0x000078    0x14  filters.o [1]
  .tiny.bss          zero     0x00008c    0x14  filters.o [1]
  .tiny.bss          zero     0x0000a0    0x14  filters.o [1]
  .tiny.bss          zero     0x0000b4     0xd  main.o [1]
  .tiny.bss          zero     0x0000c1     0x4  interrupts.o [1]
  .tiny.bss          zero     0x0000c5     0x4  lin_hw_layer.o [1]
  .tiny.bss          zero     0x0000c9     0x4  main.o [1]
  .tiny.bss          zero     0x0000cd     0x3  main.o [1]
  .tiny.bss          zero     0x0000d0     0x2  eeprom.o [1]
  .tiny.bss          zero     0x0000d2     0x2  init.o [1]
  .tiny.bss          zero     0x0000d4     0x2  xgetmemchunk.o [4]
  .tiny.bss          zero     0x0000d6     0x1  interrupts.o [1]
  .tiny.bss          zero     0x0000d7     0x1  interrupts.o [1]
  .tiny.bss          zero     0x0000d8     0x1  lin_hw_layer.o [1]
  .tiny.bss          zero     0x0000d9     0x1  main.o [1]
  .tiny.bss          zero     0x0000da     0x1  main.o [1]
  .tiny.bss          zero     0x0000db     0x1  main.o [1]
  .tiny.bss          zero     0x0000dc     0x1  main.o [1]
  .tiny.bss          zero     0x0000dd     0x1  main.o [1]
  .tiny.bss          zero     0x0000de     0x1  main.o [1]
  .tiny.bss          zero     0x0000df     0x1  main.o [1]
  .tiny.bss          zero     0x0000e0     0x1  main.o [1]
  .tiny.bss          zero     0x0000e1     0x1  main.o [1]
  .tiny.bss          zero     0x0000e2     0x1  main.o [1]
  .tiny.bss          zero     0x0000e3     0x1  main.o [1]
  .tiny.bss          zero     0x0000e4     0x1  main.o [1]
  .tiny.bss          zero     0x0000e5     0x1  main.o [1]
                            - 0x0000e6    0xd5

"P2", part 1 of 2:                         0x4
  .near.bss          zero     0x0000e6     0x4  xxmemxmalloc.o [4]
                            - 0x0000ea     0x4

"P2", part 2 of 2:                       0x100
  HEAP                        0x0000ea   0x100  <Block>
    HEAP             uninit   0x0000ea   0x100  <Block tail>
                            - 0x0001ea   0x100

"A1":                                    0x100
  CSTACK                      0x000300   0x100  <Block>
    CSTACK           uninit   0x000300   0x100  <Block tail>
                            - 0x000400   0x100

"A2":                                     0x80
  INTVEC                      0x008000    0x80  <Block>
    .intvec          const    0x008000    0x80  interrupt.o [4]
                            - 0x008080    0x80

"P3-P5":                                0x15c8
  .near_func.text    ro code  0x008080   0x30f  main.o [1]
  .near_func.text    ro code  0x00838f   0x261  communication.o [1]
  .near_func.text    ro code  0x0085f0    0xea  packet_parser.o [1]
  .near_func.text    ro code  0x0086da    0xd3  xxmemxfree.o [4]
  .near_func.text    ro code  0x0087ad    0xcd  eeprom.o [1]
  .near_func.text    ro code  0x00887a    0xb6  long.o [4]
  .near_func.text    ro code  0x008930    0xa6  interrupts.o [1]
  .near_func.text    ro code  0x0089d6    0x92  xxmemxmalloc.o [4]
  .near_func.text    ro code  0x008a68    0x8c  interrupts.o [1]
  .near_func.text    ro code  0x008af4    0x7f  stm8s_flash.o [1]
  .near_func.text    ro code  0x008b73    0x7d  filters.o [1]
  .near_func.text    ro code  0x008bf0    0x75  eeprom.o [1]
  .near_func.text    ro code  0x008c65    0x75  stm8s_flash.o [1]
  .near_func.text    ro code  0x008cda    0x75  stm8s_flash.o [1]
  .near_func.text    ro code  0x008d4f    0x72  vreg_util.o [4]
  .near_func.text    ro code  0x008dc1    0x68  init.o [1]
  .near_func.text    ro code  0x008e29    0x64  interrupts.o [1]
  .near_func.text    ro code  0x008e8d    0x63  xxmemxmalloc.o [4]
  .near_func.text    ro code  0x008ef0    0x61  interrupts.o [1]
  .near_func.text    ro code  0x008f51    0x59  lin_hw_layer.o [1]
  .near_func.text    ro code  0x008faa    0x57  filters.o [1]
  .near_func.text    ro code  0x009001    0x53  lin_hw_layer.o [1]
  .near_func.text    ro code  0x009054    0x50  filters.o [1]
  .near_func.text    ro code  0x0090a4    0x4e  filters.o [1]
  .near_func.text    ro code  0x0090f2    0x48  eeprom.o [1]
  .near_func.text    ro code  0x00913a    0x3c  communication.o [1]
  .near_func.text    ro code  0x009176    0x3c  interrupts.o [1]
  .near.rodata       const    0x0091b2    0x3b  stm8s_flash.o [1]
  .near_func.text    ro code  0x0091ed    0x3a  init.o [1]
  .near_func.text    ro code  0x009227    0x39  fifo.o [1]
  .near_func.text    ro code  0x009260    0x35  init.o [1]
  .near_func.text    ro code  0x009295    0x33  fifo.o [1]
  .near_func.text    ro code  0x0092c8    0x2d  filters.o [1]
  .near_func.text    ro code  0x0092f5    0x28  stm8s_flash.o [1]
  .near_func.text    ro code  0x00931d    0x28  init_small.o [4]
  .near_func.text    ro code  0x009345    0x27  stm8s_flash.o [1]
  .near.rodata       const    0x00936c    0x23  eeprom.o [1]
  .near_func.text    ro code  0x00938f    0x23  short.o [4]
  .near_func.text    ro code  0x0093b2    0x21  filters.o [1]
  .iar.init_table    const    0x0093d3    0x16  - Linker created -
  .near_func.text    ro code  0x0093e9    0x1f  filters.o [1]
  .near_func.text    ro code  0x009408    0x1e  interrupts.o [1]
  .near_func.text    ro code  0x009426    0x1e  init_small.o [4]
  .near_func.text    ro code  0x009444    0x1d  fifo.o [1]
  .near.rodata       const    0x009461    0x1b  main.o [1]
  .near.rodata       const    0x00947c    0x1b  main.o [1]
  .near.rodata       const    0x009497    0x1b  main.o [1]
  .near_func.text    ro code  0x0094b2    0x18  init.o [1]
  .near_func.text    ro code  0x0094ca    0x18  lin_hw_layer.o [1]
  .near_func.text    ro code  0x0094e2    0x17  xgetmemchunk.o [4]
  .near_func.text    ro code  0x0094f9    0x15  fifo.o [1]
  .near_func.text    ro code  0x00950e    0x15  init.o [1]
  .near.rodata       const    0x009523    0x14  main.o [1]
  .near_func.text    ro code  0x009537    0x14  char.o [4]
  .near_func.text    ro code  0x00954b    0x14  init.o [4]
  .near_func.text    ro code  0x00955f    0x14  __dbg_xxexit.o [3]
  .near_func.text    ro code  0x009573    0x13  lin_hw_layer.o [1]
  .near_func.text    ro code  0x009586    0x13  cstartup.o [4]
  .near_func.text    ro code  0x009599    0x12  filters.o [1]
  .near_func.text    ro code  0x0095ab    0x12  move.o [4]
  .near.rodata       const    0x0095bd    0x11  main.o [1]
  .near.rodata       const    0x0095ce    0x11  main.o [1]
  .near_func.text    ro code  0x0095df     0xe  filters.o [1]
  .near.rodata       const    0x0095ed     0x9  main.o [1]
  .near_func.text    ro code  0x0095f6     0x9  communication.o [1]
  .near_func.text    ro code  0x0095ff     0x9  init.o [1]
  .near_func.text    ro code  0x009608     0x7  xxmemxmalloc.o [4]
  .near_func.text    ro code  0x00960f     0x5  init.o [1]
  .near_func.text    ro code  0x009614     0x5  cexit.o [4]
  .near_func.text    ro code  0x009619     0x3  interrupt.o [4]
  .near_func.text    ro code  0x00961c     0x3  low_level_init.o [4]
  .near_func.text    ro code  0x00961f     0x3  exit.o [4]
  .near_func.text    ro code  0x009622     0x3  unhandled_exception.o [4]
  .near_func.text    ro code  0x009625     0x2  init.o [1]
  .near_func.text    ro code  0x009627     0x2  main.o [1]
  .near_func.text    ro code  0x009629     0x2  stm8s_it.o [1]
  .near_func.text    ro code  0x00962b     0x2  stm8s_it.o [1]
  .near_func.text    ro code  0x00962d     0x2  stm8s_it.o [1]
  .near_func.text    ro code  0x00962f     0x2  stm8s_it.o [1]
  .near_func.text    ro code  0x009631     0x2  stm8s_it.o [1]
  .near_func.text    ro code  0x009633     0x2  stm8s_it.o [1]
  .near_func.text    ro code  0x009635     0x2  stm8s_it.o [1]
  .near_func.text    ro code  0x009637     0x2  stm8s_it.o [1]
  .near_func.text    ro code  0x009639     0x2  stm8s_it.o [1]
  .near_func.text    ro code  0x00963b     0x2  stm8s_it.o [1]
  .near_func.text    ro code  0x00963d     0x2  stm8s_it.o [1]
  .near_func.text    ro code  0x00963f     0x2  stm8s_it.o [1]
  .near_func.text    ro code  0x009641     0x2  stm8s_it.o [1]
  .near_func.text    ro code  0x009643     0x2  stm8s_it.o [1]
  .near_func.text    ro code  0x009645     0x1  main.o [1]
  .near_func.text    ro code  0x009646     0x1  __dbg_break.o [3]
  Initializer bytes  const    0x009647     0x1  <for P1-1>
                            - 0x009648  0x15c8


*******************************************************************************
*** INIT TABLE
***

          Address   Size
          -------   ----
Zero (__iar_zero_init2)
    2 destination ranges, total size 0xd9:
          0x000011  0xd5
          0x0000e6   0x4

Copy (__iar_copy_init2)
    1 source range, total size 0x1:
          0x009647   0x1
    1 destination range, total size 0x1:
          0x000010   0x1



*******************************************************************************
*** MODULE SUMMARY
***

    Module                 ro code  ro data  rw data
    ------                 -------  -------  -------
C:\Users\ferna\Desktop\smart_lin\Debug\Obj: [1]
    communication.o            678
    eeprom.o                   394       35        2
    fifo.o                     158
    filters.o                  511                60
    init.o                     276                 2
    interrupts.o               593                 6
    lin_hw_layer.o             215                 5
    main.o                     786      145      137
    packet_parser.o            234
    stm8s_flash.o              440       59
    stm8s_it.o                  28
    ------------------------------------------------
    Total:                   4 313      239      212

command line: [2]
    ------------------------------------------------
    Total:

dbgstm8ssd.a: [3]
    __dbg_break.o                1
    __dbg_xxexit.o              20
    ------------------------------------------------
    Total:                      21

dlstm8ssn.a: [4]
    cexit.o                      5
    char.o                      20
    cstartup.o                  19
    exit.o                       3
    init.o                      20
    init_small.o                70
    interrupt.o                  3      128
    long.o                     182
    low_level_init.o             3
    move.o                      18
    short.o                     35
    unhandled_exception.o        3
    vreg_util.o                114
    vregs.o                                       16
    xgetmemchunk.o              23                 2
    xxmemxfree.o               211
    xxmemxmalloc.o             252                 4
    ------------------------------------------------
    Total:                     981      128       22

    Linker created                       22      512
----------------------------------------------------
    Grand Total:             5 315      389      746


*******************************************************************************
*** ENTRY LIST
***

Entry                    Address   Size  Type      Object
-----                    -------   ----  ----      ------
.iar.init_table$$Base   0x0093d3          --   Gb  - Linker created -
.iar.init_table$$Limit  0x0093e9          --   Gb  - Linker created -
?add32_l0_l0_0x         0x008895         Code  Gb  long.o [4]
?add32_l0_l0_l1         0x008892         Code  Gb  long.o [4]
?b0                     0x000000         Data  Gb  vregs.o [4]
?b1                     0x000001         Data  Gb  vregs.o [4]
?b10                    0x00000a         Data  Gb  vregs.o [4]
?b11                    0x00000b         Data  Gb  vregs.o [4]
?b12                    0x00000c         Data  Gb  vregs.o [4]
?b13                    0x00000d         Data  Gb  vregs.o [4]
?b14                    0x00000e         Data  Gb  vregs.o [4]
?b15                    0x00000f         Data  Gb  vregs.o [4]
?b2                     0x000002         Data  Gb  vregs.o [4]
?b3                     0x000003         Data  Gb  vregs.o [4]
?b4                     0x000004         Data  Gb  vregs.o [4]
?b5                     0x000005         Data  Gb  vregs.o [4]
?b6                     0x000006         Data  Gb  vregs.o [4]
?b7                     0x000007         Data  Gb  vregs.o [4]
?b8                     0x000008         Data  Gb  vregs.o [4]
?b9                     0x000009         Data  Gb  vregs.o [4]
?e0                     0x000001         Data  Gb  vregs.o [4]
?e1                     0x000005         Data  Gb  vregs.o [4]
?e2                     0x000009         Data  Gb  vregs.o [4]
?e3                     0x00000d         Data  Gb  vregs.o [4]
?epilogue_l2            0x008dab         Code  Gb  vreg_util.o [4]
?epilogue_w4            0x008daf         Code  Gb  vreg_util.o [4]
?inc32_0x_0x            0x008884         Code  Gb  long.o [4]
?inc32_l2_l2            0x00887a         Code  Gb  long.o [4]
?inc32_l3_l3            0x00887f         Code  Gb  long.o [4]
?l0                     0x000000         Data  Gb  vregs.o [4]
?l1                     0x000004         Data  Gb  vregs.o [4]
?l2                     0x000008         Data  Gb  vregs.o [4]
?l3                     0x00000c         Data  Gb  vregs.o [4]
?longfarg16_v_w0_a      0x0095ab         Code  Gb  move.o [4]
?longfarg16_v_w0_x      0x0095ad         Code  Gb  move.o [4]
?mov_w0_w3              0x008db3         Code  Gb  vreg_util.o [4]
?mov_w2_w1              0x008dba         Code  Gb  vreg_util.o [4]
?mul16_x_x_w0           0x00938f         Code  Gb  short.o [4]
?pop_l2                 0x008d98         Code  Gb  vreg_util.o [4]
?pop_w4                 0x008d67         Code  Gb  vreg_util.o [4]
?push_l2                0x008d76         Code  Gb  vreg_util.o [4]
?push_w4                0x008d4f         Code  Gb  vreg_util.o [4]
?sext32_l0_x            0x008925         Code  Gb  long.o [4]
?smod8_a_b0_a           0x009537         Code  Gb  char.o [4]
?srl16_x_x_4            0x0093ad         Code  Gb  short.o [4]
?ucmp32_c_l0_l1         0x00891a         Code  Gb  long.o [4]
?udiv32_l0_l0_l1        0x0088ad         Code  Gb  long.o [4]
?umod32_l1_l0_l1        0x0088ad         Code  Gb  long.o [4]
?w0                     0x000000         Data  Gb  vregs.o [4]
?w1                     0x000002         Data  Gb  vregs.o [4]
?w2                     0x000004         Data  Gb  vregs.o [4]
?w3                     0x000006         Data  Gb  vregs.o [4]
?w4                     0x000008         Data  Gb  vregs.o [4]
?w5                     0x00000a         Data  Gb  vregs.o [4]
?w6                     0x00000c         Data  Gb  vregs.o [4]
?w7                     0x00000e         Data  Gb  vregs.o [4]
ADC1_IRQHandler         0x009641    0x2  Code  Gb  stm8s_it.o [1]
AWU_IRQHandler          0x00962d    0x2  Code  Gb  stm8s_it.o [1]
CLK_IRQHandler          0x00962f    0x2  Code  Gb  stm8s_it.o [1]
CLK_Init                0x00960f    0x5  Code  Gb  init.o [1]
CSTACK$$Base            0x000300          --   Gb  - Linker created -
CSTACK$$Limit           0x000400          --   Gb  - Linker created -
EEPROM_EEC_IRQHandler   0x009643    0x2  Code  Gb  stm8s_it.o [1]
EXTI_PORTA_IRQHandler   0x009631    0x2  Code  Gb  stm8s_it.o [1]
EXTI_PORTB_IRQHandler   0x009633    0x2  Code  Gb  stm8s_it.o [1]
EXTI_PORTC_IRQHandler   0x009408   0x1e  Code  Gb  interrupts.o [1]
EXTI_PORTD_IRQHandler   0x009176   0x3c  Code  Gb  interrupts.o [1]
EXTI_PORTE_IRQHandler   0x009635    0x2  Code  Gb  stm8s_it.o [1]
FLASH_EraseByte         0x008c65   0x75  Code  Gb  stm8s_flash.o [1]
FLASH_Lock              0x009345   0x27  Code  Gb  stm8s_flash.o [1]
FLASH_ProgramByte       0x008af4   0x7f  Code  Gb  stm8s_flash.o [1]
FLASH_ReadByte          0x008cda   0x75  Code  Gb  stm8s_flash.o [1]
FLASH_Unlock            0x0092f5   0x28  Code  Gb  stm8s_flash.o [1]
GetDevMode              0x0095f6    0x9  Code  Gb  communication.o [1]
GetReset                0x009444   0x1d  Code  Gb  fifo.o [1]
GetSize                 0x0094f9   0x15  Code  Gb  fifo.o [1]
HEAP$$Base              0x0000ea          --   Gb  - Linker created -
HEAP$$Limit             0x0001ea          --   Gb  - Linker created -
I2C_IRQHandler          0x00963f    0x2  Code  Gb  stm8s_it.o [1]
INTVEC$$Base            0x008000          --   Gb  - Linker created -
INTVEC$$Limit           0x008080          --   Gb  - Linker created -
IRQ_Init                0x009625    0x2  Code  Gb  init.o [1]
PORT_Init               0x009260   0x35  Code  Gb  init.o [1]
Pull                    0x009295   0x33  Code  Gb  fifo.o [1]
Push                    0x009227   0x39  Code  Gb  fifo.o [1]
Region$$Table$$Base     0x0093d3          --   Gb  - Linker created -
Region$$Table$$Limit    0x0093e9          --   Gb  - Linker created -
SPI_IRQHandler          0x009637    0x2  Code  Gb  stm8s_it.o [1]
TIM1_CAP_COM_IRQHandler
                        0x00963b    0x2  Code  Gb  stm8s_it.o [1]
TIM1_UPD_OVF_TRG_BRK_IRQHandler
                        0x009639    0x2  Code  Gb  stm8s_it.o [1]
TIM2_CAP_COM_IRQHandler
                        0x00963d    0x2  Code  Gb  stm8s_it.o [1]
TIM2_Init               0x00950e   0x15  Code  Gb  init.o [1]
TIM2_UPD_OVF_BRK_IRQHandler
                        0x008930   0xa6  Code  Gb  interrupts.o [1]
TIM4_UPD_OVF_IRQHandler
                        0x008a68   0x8c  Code  Gb  interrupts.o [1]
TLI_IRQHandler          0x00962b    0x2  Code  Gb  stm8s_it.o [1]
TRAP_IRQHandler         0x009629    0x2  Code  Gb  stm8s_it.o [1]
UART1_RX_IRQHandler     0x008ef0   0x61  Code  Gb  interrupts.o [1]
UART1_TX_IRQHandler     0x008e29   0x64  Code  Gb  interrupts.o [1]
UART_Init               0x0091ed   0x3a  Code  Gb  init.o [1]
__DebugBreak            0x009646    0x1  Code  Gb  __dbg_break.o [3]
__exit                  0x00955f   0x14  Code  Gb  __dbg_xxexit.o [3]
__iar_copy_init2        0x00931d         Code  Gb  init_small.o [4]
__iar_data_init2        0x00954b   0x14  Code  Gb  init.o [4]
__iar_program_start     0x009586         Code  Gb  cstartup.o [4]
__iar_unhandled_exception
                        0x009622         Code  Gb  unhandled_exception.o [4]
__iar_zero_init2        0x009426         Code  Gb  init_small.o [4]
__intvec                0x008000         Data  Gb  interrupt.o [4]
__low_level_init        0x00961c    0x3  Code  Gb  low_level_init.o [4]
__near_Aldata           0x0000e6    0x4  Data  Gb  xxmemxmalloc.o [4]
__near_GetMemChunk      0x0094e2   0x17  Code  Gb  xgetmemchunk.o [4]
__near_GetMemChunk::start
                        0x0000d4    0x2  Data  Lc  xgetmemchunk.o [4]
__near_findmem          0x008e8d   0x63  Code  Lc  xxmemxmalloc.o [4]
_exit                   0x009614         Code  Gb  cexit.o [4]
_interrupt_1            0x009629         Code  Gb  stm8s_it.o [1]
_interrupt_12           0x009637         Code  Gb  stm8s_it.o [1]
_interrupt_13           0x009639         Code  Gb  stm8s_it.o [1]
_interrupt_14           0x00963b         Code  Gb  stm8s_it.o [1]
_interrupt_15           0x008930         Code  Gb  interrupts.o [1]
_interrupt_16           0x00963d         Code  Gb  stm8s_it.o [1]
_interrupt_19           0x008e29         Code  Gb  interrupts.o [1]
_interrupt_2            0x00962b         Code  Gb  stm8s_it.o [1]
_interrupt_20           0x008ef0         Code  Gb  interrupts.o [1]
_interrupt_21           0x00963f         Code  Gb  stm8s_it.o [1]
_interrupt_24           0x009641         Code  Gb  stm8s_it.o [1]
_interrupt_25           0x008a68         Code  Gb  interrupts.o [1]
_interrupt_26           0x009643         Code  Gb  stm8s_it.o [1]
_interrupt_3            0x00962d         Code  Gb  stm8s_it.o [1]
_interrupt_4            0x00962f         Code  Gb  stm8s_it.o [1]
_interrupt_5            0x009631         Code  Gb  stm8s_it.o [1]
_interrupt_6            0x009633         Code  Gb  stm8s_it.o [1]
_interrupt_7            0x009408         Code  Gb  interrupts.o [1]
_interrupt_8            0x009176         Code  Gb  interrupts.o [1]
_interrupt_9            0x009635         Code  Gb  stm8s_it.o [1]
action_uart_timeout     0x0000d7    0x1  Data  Gb  interrupts.o [1]
add_to_array            0x0095df    0xe  Code  Gb  filters.o [1]
assert_failed           0x009645    0x1  Code  Gb  main.o [1]
bLinPacketReceive       0x0085f0   0xea  Code  Gb  packet_parser.o [1]
b_out_time_0            0x0000e3    0x1  Data  Gb  main.o [1]
b_out_time_1            0x0000e4    0x1  Data  Gb  main.o [1]
btn_0                   0x0000da    0x1  Data  Gb  main.o [1]
btn_1                   0x0000db    0x1  Data  Gb  main.o [1]
config_lin              0x008dc1   0x68  Code  Gb  init.o [1]
config_uart             0x0095ff    0x9  Code  Gb  init.o [1]
curr_mode               0x000010    0x1  Data  Gb  main.o [1]
div_tim2                0x0000d6    0x1  Data  Lc  interrupts.o [1]
eLinReceive             0x0000d9    0x1  Data  Gb  main.o [1]
error_handler           0x009627    0x2  Code  Gb  main.o [1]
ex_pid_filter_ind       0x0000df    0x1  Data  Gb  main.o [1]
ex_pid_slave_ind        0x0000de    0x1  Data  Gb  main.o [1]
ex_pid_triggered_ind    0x0000e0    0x1  Data  Gb  main.o [1]
exit                    0x00961f    0x3  Code  Gb  exit.o [4]
free                    0x0086da   0xc9  Code  Gb  xxmemxfree.o [4]
from_hex_to_string      0x0085b3   0x3d  Code  Gb  communication.o [1]
get_add_to_trig_list    0x0092c8   0x2d  Code  Gb  filters.o [1]
get_check_filter        0x008faa   0x57  Code  Gb  filters.o [1]
get_check_packet_type   0x009599   0x12  Code  Gb  filters.o [1]
get_command             0x00839b   0x65  Code  Gb  communication.o [1]
get_crc                 0x00847a   0x95  Code  Gb  communication.o [1]
get_erase_config        0x00913a   0x3c  Code  Gb  communication.o [1]
get_out_action          0x0090a4   0x4e  Code  Gb  filters.o [1]
get_packet              0x008bf0   0x75  Code  Gb  eeprom.o [1]
get_receive_config      0x008400   0x40  Code  Gb  communication.o [1]
get_remove_pid          0x0093e9   0x1f  Code  Gb  filters.o [1]
get_send_config         0x008440   0x35  Code  Gb  communication.o [1]
get_send_data_frame     0x009001   0x53  Code  Gb  lin_hw_layer.o [1]
get_write_byte_eeprom   0x0090f2   0x48  Code  Gb  eeprom.o [1]
isCRC                   0x0000dd    0x1  Data  Gb  main.o [1]
led_div                 0x0000c1    0x4  Data  Gb  interrupts.o [1]
lin_rec                 0x0000b4    0xd  Data  Gb  main.o [1]
load_filter_packet      0x008b73   0x7d  Code  Gb  filters.o [1]
load_slave_packet       0x009054   0x50  Code  Gb  filters.o [1]
loaded_filter           0x000061   0x17  Data  Gb  main.o [1]
main                    0x008080  0x30f  Code  Gb  main.o [1]
main::cmd_receive       0x0000e5    0x1  Data  Lc  main.o [1]
malloc                  0x0089d6   0x92  Code  Gb  xxmemxmalloc.o [4]
out_timeout_0           0x0000e1    0x1  Data  Gb  main.o [1]
out_timeout_1           0x0000e2    0x1  Data  Gb  main.o [1]
pid_filters_array       0x00008c   0x14  Data  Gb  filters.o [1]
pid_slave_array         0x000078   0x14  Data  Gb  filters.o [1]
pid_triggered_array     0x0000a0   0x14  Data  Gb  filters.o [1]
print                   0x00850f   0x1c  Code  Gb  communication.o [1]
print_cpu_id            0x00852b   0x88  Code  Gb  communication.o [1]
read_init_btn_state     0x0094b2   0x18  Code  Gb  init.o [1]
read_packet             0x0087ad   0xcd  Code  Gb  eeprom.o [1]
read_packet::tmp_packet
                        0x0000d0    0x2  Data  Lc  eeprom.o [1]
search_pid              0x0093b2   0x21  Code  Gb  filters.o [1]
send_byte               0x00838f    0xc  Code  Gb  communication.o [1]
send_write_end          0x008475    0x5  Code  Gb  communication.o [1]
set_baud::prescaler     0x0000d2    0x2  Data  Lc  init.o [1]
sys_time                0x0000c9    0x4  Data  Gb  main.o [1]
trig_index              0x0000dc    0x1  Data  Gb  main.o [1]
u8GetCRC                0x008f51   0x59  Code  Gb  lin_hw_layer.o [1]
u8GetCRC::CRC           0x0000d8    0x1  Data  Lc  lin_hw_layer.o [1]
u8GetCRC::_sum          0x0000c5    0x4  Data  Lc  lin_hw_layer.o [1]
u8GetSizeDataFrame      0x009573   0x13  Code  Gb  lin_hw_layer.o [1]
uart_rx                 0x000011   0x28  Data  Gb  main.o [1]
uart_tx                 0x000039   0x28  Data  Gb  main.o [1]
vLinPacketClear         0x0094ca   0x18  Code  Gb  lin_hw_layer.o [1]
xBreak                  0x0000cd    0x3  Data  Gb  main.o [1]


[1] = C:\Users\ferna\Desktop\smart_lin\Debug\Obj
[2] = command line
[3] = dbgstm8ssd.a
[4] = dlstm8ssn.a

  5 315 bytes of readonly  code memory
    389 bytes of readonly  data memory
    746 bytes of readwrite data memory

Errors: none
Warnings: none
