###############################################################################
#
# IAR ELF Linker V3.11.1.207 for STM8                     06/Jul/2022  15:39:29
# Copyright 2010-2019 IAR Systems AB.
#
#    Output file  =  C:\dev\MCU\STM8\smart_lin\Debug\Exe\SPL_STM8S_template.out
#    Map file     =  
#        C:\dev\MCU\STM8\smart_lin\Debug\List\SPL_STM8S_template.map
#    Command line =  
#        -f C:\Users\ferna\AppData\Local\Temp\EW8402.tmp
#        (C:\dev\MCU\STM8\smart_lin\Debug\Obj\communication.o
#        C:\dev\MCU\STM8\smart_lin\Debug\Obj\eeprom.o
#        C:\dev\MCU\STM8\smart_lin\Debug\Obj\fifo.o
#        C:\dev\MCU\STM8\smart_lin\Debug\Obj\filters.o
#        C:\dev\MCU\STM8\smart_lin\Debug\Obj\init.o
#        C:\dev\MCU\STM8\smart_lin\Debug\Obj\interrupts.o
#        C:\dev\MCU\STM8\smart_lin\Debug\Obj\lin_hw_layer.o
#        C:\dev\MCU\STM8\smart_lin\Debug\Obj\main.o
#        C:\dev\MCU\STM8\smart_lin\Debug\Obj\packet_parser.o
#        C:\dev\MCU\STM8\smart_lin\Debug\Obj\queue_lin.o
#        C:\dev\MCU\STM8\smart_lin\Debug\Obj\stm8s_adc1.o
#        C:\dev\MCU\STM8\smart_lin\Debug\Obj\stm8s_adc2.o
#        C:\dev\MCU\STM8\smart_lin\Debug\Obj\stm8s_awu.o
#        C:\dev\MCU\STM8\smart_lin\Debug\Obj\stm8s_beep.o
#        C:\dev\MCU\STM8\smart_lin\Debug\Obj\stm8s_can.o
#        C:\dev\MCU\STM8\smart_lin\Debug\Obj\stm8s_clk.o
#        C:\dev\MCU\STM8\smart_lin\Debug\Obj\stm8s_exti.o
#        C:\dev\MCU\STM8\smart_lin\Debug\Obj\stm8s_flash.o
#        C:\dev\MCU\STM8\smart_lin\Debug\Obj\stm8s_gpio.o
#        C:\dev\MCU\STM8\smart_lin\Debug\Obj\stm8s_i2c.o
#        C:\dev\MCU\STM8\smart_lin\Debug\Obj\stm8s_it.o
#        C:\dev\MCU\STM8\smart_lin\Debug\Obj\stm8s_itc.o
#        C:\dev\MCU\STM8\smart_lin\Debug\Obj\stm8s_iwdg.o
#        C:\dev\MCU\STM8\smart_lin\Debug\Obj\stm8s_rst.o
#        C:\dev\MCU\STM8\smart_lin\Debug\Obj\stm8s_spi.o
#        C:\dev\MCU\STM8\smart_lin\Debug\Obj\stm8s_tim1.o
#        C:\dev\MCU\STM8\smart_lin\Debug\Obj\stm8s_tim2.o
#        C:\dev\MCU\STM8\smart_lin\Debug\Obj\stm8s_tim3.o
#        C:\dev\MCU\STM8\smart_lin\Debug\Obj\stm8s_tim4.o
#        C:\dev\MCU\STM8\smart_lin\Debug\Obj\stm8s_tim5.o
#        C:\dev\MCU\STM8\smart_lin\Debug\Obj\stm8s_tim6.o
#        C:\dev\MCU\STM8\smart_lin\Debug\Obj\stm8s_uart1.o
#        C:\dev\MCU\STM8\smart_lin\Debug\Obj\stm8s_uart2.o
#        C:\dev\MCU\STM8\smart_lin\Debug\Obj\stm8s_uart3.o
#        C:\dev\MCU\STM8\smart_lin\Debug\Obj\stm8s_uart4.o
#        C:\dev\MCU\STM8\smart_lin\Debug\Obj\stm8s_wwdg.o --redirect
#        _Printf=_PrintfSmall --redirect _Scanf=_ScanfSmall --no_out_extension
#        -o C:\dev\MCU\STM8\smart_lin\Debug\Exe\SPL_STM8S_template.out --map
#        C:\dev\MCU\STM8\smart_lin\Debug\List\SPL_STM8S_template.map --log
#        libraries,initialization,modules,redirects,sections,unused_fragments
#        --log_file C:\dev\MCU\STM8\smart_lin\Debug\List\SPL_STM8S_template.log
#        --config "C:\Program Files (x86)\IAR Systems\Embedded Workbench
#        8.3\stm8\config\lnkstm8s103f3.icf" --config_def _CSTACK_SIZE=0x100
#        --config_def _HEAP_SIZE=0x100 --entry __iar_program_start --debug_lib)
#
###############################################################################

*******************************************************************************
*** RUNTIME MODEL ATTRIBUTES
***

__Heap_Handler             = Basic
__SystemLibrary            = DLib
__code_model               = small
__core                     = stm8
__data_model               = small
__dlib_file_descriptor     = 0
__dlib_full_locale_support = 0
__rt_version               = 4


*******************************************************************************
*** PLACEMENT SUMMARY
***

"A0":  place at start of [0x000000-0x0000ff] { rw section .vregs };
"P1":  place in [from 0x000000 to 0x0000ff] {
          rw section .tiny.bss, rw section .tiny.data, rw section .tiny.noinit,
          rw section .tiny.rodata };
"A1":  place at end of [0x000000-0x0003ff] { block CSTACK };
"P2":  place in [from 0x000000 to 0x0003ff] {
          block HEAP, rw section __DLIB_PERTHREAD, rw section .far.bss,
          rw section .far.data, rw section .far.noinit,
          rw section .far_func.textrw, rw section .huge.bss,
          rw section .huge.data, rw section .huge.noinit,
          rw section .huge_func.textrw, rw section .iar.dynexit,
          rw section .near.bss, rw section .near.data, rw section .near.noinit,
          rw section .near_func.textrw };
"A2":  place at start of [0x008000-0x009fff] { block INTVEC };
"P3":  place in [from 0x008000 to 0x009fff] {
          ro section __DLIB_PERTHREAD_init, ro section .far.data_init,
          ro section .far_func.textrw_init, ro section .huge.data_init,
          ro section .huge_func.textrw_init, ro section .iar.init_table,
          ro section .init_array, ro section .near.data_init,
          ro section .near.rodata, ro section .near_func.text,
          ro section .near_func.textrw_init, ro section .tiny.data_init,
          ro section .tiny.rodata_init };
"P4":  place in [from 0x008000 to 0x009fff] {
          ro section .far.rodata, ro section .far_func.text };
"P5":  place in [from 0x008000 to 0x009fff] {
          ro section .huge.rodata, ro section .huge_func.text };
do not initialize {
   rw section .eeprom.noinit, rw section .far.noinit, rw section .huge.noinit,
   rw section .near.noinit, rw section .tiny.noinit, rw section .vregs };
initialize by copy {
   rw section .far.bss, rw section .far.data, rw section .far_func.textrw,
   rw section .huge.bss, rw section .huge.data, rw section .huge_func.textrw,
   rw section .iar.dynexit, rw section .near.bss, rw section .near.data,
   rw section .near_func.textrw, rw section .tiny.bss, rw section .tiny.data,
   ro section .tiny.rodata };

No sections matched the following patterns:

  ro section .far.data_init          in "P3-P5"
  ro section .far.rodata             in "P3-P5"
  ro section .far_func.text          in "P3-P5"
  ro section .far_func.textrw_init   in "P3-P5"
  ro section .huge.data_init         in "P3-P5"
  ro section .huge.rodata            in "P3-P5"
  ro section .huge_func.text         in "P3-P5"
  ro section .huge_func.textrw_init  in "P3-P5"
  ro section .iar.init_table         in "P3-P5"
  ro section .init_array             in "P3-P5"
  ro section .near.data_init         in "P3-P5"
  ro section .near_func.textrw_init  in "P3-P5"
  ro section .tiny.rodata_init       in "P3-P5"
  ro section __DLIB_PERTHREAD_init   in "P3-P5"
  rw section .far.bss                in "P2"
  rw section .far.data               in "P2"
  rw section .far.noinit             in "P2"
  rw section .far_func.textrw        in "P2"
  rw section .huge.bss               in "P2"
  rw section .huge.data              in "P2"
  rw section .huge.noinit            in "P2"
  rw section .huge_func.textrw       in "P2"
  rw section .iar.dynexit            in "P2"
  rw section .near.data              in "P2"
  rw section .near.noinit            in "P2"
  rw section .near_func.textrw       in "P2"
  rw section .tiny.noinit            in "P1"
  rw section .tiny.rodata            in "P1"
  rw section __DLIB_PERTHREAD        in "P2"
  section .eeprom.data               in "P6-P8"
  section .eeprom.noinit             in "P6-P8"
  section .eeprom.rodata             in "P6-P8"


  Section            Kind      Address    Size  Object
  -------            ----      -------    ----  ------
"A0":                                     0x10
  .vregs             uninit   0x000000    0x10  vregs.o [4]
                            - 0x000010    0x10

"P1", part 1 of 2:                         0x1
  P1-1                        0x000010     0x1  <Init block>
    .tiny.data       inited   0x000010     0x1  main.o [1]
                            - 0x000011     0x1

"P1", part 2 of 2:                        0xcf
  .tiny.bss          zero     0x000011    0x28  main.o [1]
  .tiny.bss          zero     0x000039    0x28  main.o [1]
  .tiny.bss          zero     0x000061    0x15  main.o [1]
  .tiny.bss          zero     0x000076    0x14  filters.o [1]
  .tiny.bss          zero     0x00008a    0x14  filters.o [1]
  .tiny.bss          zero     0x00009e    0x14  filters.o [1]
  .tiny.bss          zero     0x0000b2     0xd  main.o [1]
  .tiny.bss          zero     0x0000bf     0x4  interrupts.o [1]
  .tiny.bss          zero     0x0000c3     0x4  lin_hw_layer.o [1]
  .tiny.bss          zero     0x0000c7     0x4  main.o [1]
  .tiny.bss          zero     0x0000cb     0x3  main.o [1]
  .tiny.bss          zero     0x0000ce     0x2  eeprom.o [1]
  .tiny.bss          zero     0x0000d0     0x2  init.o [1]
  .tiny.bss          zero     0x0000d2     0x2  xgetmemchunk.o [4]
  .tiny.bss          zero     0x0000d4     0x1  interrupts.o [1]
  .tiny.bss          zero     0x0000d5     0x1  interrupts.o [1]
  .tiny.bss          zero     0x0000d6     0x1  lin_hw_layer.o [1]
  .tiny.bss          zero     0x0000d7     0x1  main.o [1]
  .tiny.bss          zero     0x0000d8     0x1  main.o [1]
  .tiny.bss          zero     0x0000d9     0x1  main.o [1]
  .tiny.bss          zero     0x0000da     0x1  main.o [1]
  .tiny.bss          zero     0x0000db     0x1  main.o [1]
  .tiny.bss          zero     0x0000dc     0x1  main.o [1]
  .tiny.bss          zero     0x0000dd     0x1  main.o [1]
  .tiny.bss          zero     0x0000de     0x1  main.o [1]
  .tiny.bss          zero     0x0000df     0x1  main.o [1]
                            - 0x0000e0    0xcf

"P2", part 1 of 2:                         0x4
  .near.bss          zero     0x0000e0     0x4  xxmemxmalloc.o [4]
                            - 0x0000e4     0x4

"P2", part 2 of 2:                       0x100
  HEAP                        0x0000e4   0x100  <Block>
    HEAP             uninit   0x0000e4   0x100  <Block tail>
                            - 0x0001e4   0x100

"A1":                                    0x100
  CSTACK                      0x000300   0x100  <Block>
    CSTACK           uninit   0x000300   0x100  <Block tail>
                            - 0x000400   0x100

"A2":                                     0x80
  INTVEC                      0x008000    0x80  <Block>
    .intvec          const    0x008000    0x80  interrupt.o [4]
                            - 0x008080    0x80

"P3-P5":                                0x144f
  .near_func.text    ro code  0x008080   0x2d7  main.o [1]
  .near_func.text    ro code  0x008357   0x135  vreg_util.o [4]
  .near_func.text    ro code  0x00848c    0xf3  packet_parser.o [1]
  .near_func.text    ro code  0x00857f    0xd3  xxmemxfree.o [4]
  .near_func.text    ro code  0x008652    0xca  long.o [4]
  .near_func.text    ro code  0x00871c    0x9e  filters.o [1]
  .near_func.text    ro code  0x0087ba    0x92  xxmemxmalloc.o [4]
  .near_func.text    ro code  0x00884c    0x6c  eeprom.o [1]
  .near_func.text    ro code  0x0088b8    0x66  communication.o [1]
  .near_func.text    ro code  0x00891e    0x66  communication.o [1]
  .near_func.text    ro code  0x008984    0x63  filters.o [1]
  .near_func.text    ro code  0x0089e7    0x63  xxmemxmalloc.o [4]
  .near_func.text    ro code  0x008a4a    0x60  interrupts.o [1]
  .near_func.text    ro code  0x008aaa    0x5c  stm8s_flash.o [1]
  .near_func.text    ro code  0x008b06    0x54  eeprom.o [1]
  .near_func.text    ro code  0x008b5a    0x54  filters.o [1]
  .near_func.text    ro code  0x008bae    0x52  stm8s_flash.o [1]
  .near_func.text    ro code  0x008c00    0x52  stm8s_flash.o [1]
  .near_func.text    ro code  0x008c52    0x4b  communication.o [1]
  .near_func.text    ro code  0x008c9d    0x49  lin_hw_layer.o [1]
  .near_func.text    ro code  0x008ce6    0x45  interrupts.o [1]
  .near_func.text    ro code  0x008d2b    0x44  filters.o [1]
  .near_func.text    ro code  0x008d6f    0x41  communication.o [1]
  .near_func.text    ro code  0x008db0    0x3e  fifo.o [1]
  .near_func.text    ro code  0x008dee    0x3b  interrupts.o [1]
  .near_func.text    ro code  0x008e29    0x3b  lin_hw_layer.o [1]
  .near_func.text    ro code  0x008e64    0x3b  stm8s_flash.o [1]
  .near_func.text    ro code  0x008e9f    0x3a  communication.o [1]
  .near_func.text    ro code  0x008ed9    0x36  init.o [1]
  .near.rodata       const    0x008f0f    0x34  stm8s_flash.o [1]
  .near_func.text    ro code  0x008f43    0x34  communication.o [1]
  .near_func.text    ro code  0x008f77    0x34  fifo.o [1]
  .near_func.text    ro code  0x008fab    0x32  communication.o [1]
  .near_func.text    ro code  0x008fdd    0x32  communication.o [1]
  .near_func.text    ro code  0x00900f    0x32  interrupts.o [1]
  .near_func.text    ro code  0x009041    0x32  interrupts.o [1]
  .near_func.text    ro code  0x009073    0x31  filters.o [1]
  .near_func.text    ro code  0x0090a4    0x2c  filters.o [1]
  .near_func.text    ro code  0x0090d0    0x2b  stm8s_flash.o [1]
  .near_func.text    ro code  0x0090fb    0x29  fifo.o [1]
  .near.rodata       const    0x009124    0x28  main.o [1]
  .near_func.text    ro code  0x00914c    0x28  init_small.o [4]
  .near_func.text    ro code  0x009174    0x26  long_util.o [4]
  .near.rodata       const    0x00919a    0x23  eeprom.o [1]
  .near_func.text    ro code  0x0091bd    0x23  eeprom.o [1]
  .near_func.text    ro code  0x0091e0    0x23  lin_hw_layer.o [1]
  .near_func.text    ro code  0x009203    0x23  short.o [4]
  .near_func.text    ro code  0x009226    0x21  main.o [1]
  .iar.init_table    const    0x009247    0x16  - Linker created -
  .near_func.text    ro code  0x00925d    0x1e  eeprom.o [1]
  .near_func.text    ro code  0x00927b    0x1e  init_small.o [4]
  .near.rodata       const    0x009299    0x1b  main.o [1]
  .near.rodata       const    0x0092b4    0x1b  main.o [1]
  .near.rodata       const    0x0092cf    0x1b  main.o [1]
  .near_func.text    ro code  0x0092ea    0x1b  interrupts.o [1]
  .near_func.text    ro code  0x009305    0x1a  filters.o [1]
  .near_func.text    ro code  0x00931f    0x18  dc_util.o [4]
  .near_func.text    ro code  0x009337    0x17  lin_hw_layer.o [1]
  .near_func.text    ro code  0x00934e    0x17  xgetmemchunk.o [4]
  .near_func.text    ro code  0x009365    0x15  init.o [1]
  .near_func.text    ro code  0x00937a    0x15  init.o [1]
  .near_func.text    ro code  0x00938f    0x15  init.o [1]
  .near.rodata       const    0x0093a4    0x14  main.o [1]
  .near_func.text    ro code  0x0093b8    0x14  char.o [4]
  .near_func.text    ro code  0x0093cc    0x14  init.o [4]
  .near_func.text    ro code  0x0093e0    0x14  __dbg_xxexit.o [3]
  .near_func.text    ro code  0x0093f4    0x13  filters.o [1]
  .near_func.text    ro code  0x009407    0x13  cstartup.o [4]
  .near_func.text    ro code  0x00941a    0x12  fifo.o [1]
  .near_func.text    ro code  0x00942c    0x12  move.o [4]
  .near.rodata       const    0x00943e    0x11  main.o [1]
  .near_func.text    ro code  0x00944f     0xf  communication.o [1]
  .near_func.text    ro code  0x00945e     0xc  communication.o [1]
  .near.rodata       const    0x00946a     0x9  main.o [1]
  .near_func.text    ro code  0x009473     0x9  init.o [1]
  .near_func.text    ro code  0x00947c     0x9  init.o [1]
  .near_func.text    ro code  0x009485     0x7  xxmemxmalloc.o [4]
  .near_func.text    ro code  0x00948c     0x6  communication.o [1]
  .near_func.text    ro code  0x009492     0x6  main.o [1]
  .near_func.text    ro code  0x009498     0x5  init.o [1]
  .near_func.text    ro code  0x00949d     0x5  cexit.o [4]
  .near_func.text    ro code  0x0094a2     0x3  interrupt.o [4]
  .near_func.text    ro code  0x0094a5     0x3  low_level_init.o [4]
  .near_func.text    ro code  0x0094a8     0x3  exit.o [4]
  .near_func.text    ro code  0x0094ab     0x3  unhandled_exception.o [4]
  .near_func.text    ro code  0x0094ae     0x2  init.o [1]
  .near_func.text    ro code  0x0094b0     0x2  stm8s_it.o [1]
  .near_func.text    ro code  0x0094b2     0x2  stm8s_it.o [1]
  .near_func.text    ro code  0x0094b4     0x2  stm8s_it.o [1]
  .near_func.text    ro code  0x0094b6     0x2  stm8s_it.o [1]
  .near_func.text    ro code  0x0094b8     0x2  stm8s_it.o [1]
  .near_func.text    ro code  0x0094ba     0x2  stm8s_it.o [1]
  .near_func.text    ro code  0x0094bc     0x2  stm8s_it.o [1]
  .near_func.text    ro code  0x0094be     0x2  stm8s_it.o [1]
  .near_func.text    ro code  0x0094c0     0x2  stm8s_it.o [1]
  .near_func.text    ro code  0x0094c2     0x2  stm8s_it.o [1]
  .near_func.text    ro code  0x0094c4     0x2  stm8s_it.o [1]
  .near_func.text    ro code  0x0094c6     0x2  stm8s_it.o [1]
  .near_func.text    ro code  0x0094c8     0x2  stm8s_it.o [1]
  .near_func.text    ro code  0x0094ca     0x2  stm8s_it.o [1]
  .near_func.text    ro code  0x0094cc     0x1  main.o [1]
  .near_func.text    ro code  0x0094cd     0x1  __dbg_break.o [3]
  Initializer bytes  const    0x0094ce     0x1  <for P1-1>
                            - 0x0094cf  0x144f


*******************************************************************************
*** INIT TABLE
***

          Address   Size
          -------   ----
Zero (__iar_zero_init2)
    2 destination ranges, total size 0xd3:
          0x000011  0xcf
          0x0000e0   0x4

Copy (__iar_copy_init2)
    1 source range, total size 0x1:
          0x0094ce   0x1
    1 destination range, total size 0x1:
          0x000010   0x1



*******************************************************************************
*** MODULE SUMMARY
***

    Module                 ro code  ro data  rw data
    ------                 -------  -------  -------
C:\dev\MCU\STM8\smart_lin\Debug\Obj: [1]
    communication.o            587
    eeprom.o                   257       35        2
    fifo.o                     173
    filters.o                  547                60
    init.o                     142                 2
    interrupts.o               351                 6
    lin_hw_layer.o             190                 5
    main.o                     767      168      131
    packet_parser.o            243
    stm8s_flash.o              358       52
    stm8s_it.o                  28
    ------------------------------------------------
    Total:                   3 643      255      206

command line: [2]
    ------------------------------------------------
    Total:

dbgstm8ssd.a: [3]
    __dbg_break.o                1
    __dbg_xxexit.o              20
    ------------------------------------------------
    Total:                      21

dlstm8ssn.a: [4]
    cexit.o                      5
    char.o                      20
    cstartup.o                  19
    dc_util.o                   24
    exit.o                       3
    init.o                      20
    init_small.o                70
    interrupt.o                  3      128
    long.o                     202
    long_util.o                 38
    low_level_init.o             3
    move.o                      18
    short.o                     35
    unhandled_exception.o        3
    vreg_util.o                309
    vregs.o                                       16
    xgetmemchunk.o              23                 2
    xxmemxfree.o               211
    xxmemxmalloc.o             252                 4
    ------------------------------------------------
    Total:                   1 258      128       22

    Linker created                       22      512
----------------------------------------------------
    Grand Total:             4 922      405      740


*******************************************************************************
*** ENTRY LIST
***

Entry                    Address   Size  Type      Object
-----                    -------   ----  ----      ------
.iar.init_table$$Base   0x009247          --   Gb  - Linker created -
.iar.init_table$$Limit  0x00925d          --   Gb  - Linker created -
?add32_l0_l0_0x         0x008677         Code  Gb  long.o [4]
?add32_l0_l0_dl         0x00866f         Code  Gb  long.o [4]
?add32_l0_l0_l1         0x008674         Code  Gb  long.o [4]
?b0                     0x000000         Data  Gb  vregs.o [4]
?b1                     0x000001         Data  Gb  vregs.o [4]
?b10                    0x00000a         Data  Gb  vregs.o [4]
?b11                    0x00000b         Data  Gb  vregs.o [4]
?b12                    0x00000c         Data  Gb  vregs.o [4]
?b13                    0x00000d         Data  Gb  vregs.o [4]
?b14                    0x00000e         Data  Gb  vregs.o [4]
?b15                    0x00000f         Data  Gb  vregs.o [4]
?b2                     0x000002         Data  Gb  vregs.o [4]
?b3                     0x000003         Data  Gb  vregs.o [4]
?b4                     0x000004         Data  Gb  vregs.o [4]
?b5                     0x000005         Data  Gb  vregs.o [4]
?b6                     0x000006         Data  Gb  vregs.o [4]
?b7                     0x000007         Data  Gb  vregs.o [4]
?b8                     0x000008         Data  Gb  vregs.o [4]
?b9                     0x000009         Data  Gb  vregs.o [4]
?dc32_l0                0x00931f         Code  Gb  dc_util.o [4]
?dc32_px                0x00932c         Code  Gb  dc_util.o [4]
?e0                     0x000001         Data  Gb  vregs.o [4]
?e1                     0x000005         Data  Gb  vregs.o [4]
?e2                     0x000009         Data  Gb  vregs.o [4]
?e3                     0x00000d         Data  Gb  vregs.o [4]
?epilogue_l2            0x00842d         Code  Gb  vreg_util.o [4]
?epilogue_w4            0x008431         Code  Gb  vreg_util.o [4]
?inc32_0x_0x            0x008661         Code  Gb  long.o [4]
?inc32_l0_l0            0x008652         Code  Gb  long.o [4]
?inc32_l2_l2            0x008657         Code  Gb  long.o [4]
?inc32_l3_l3            0x00865c         Code  Gb  long.o [4]
?l0                     0x000000         Data  Gb  vregs.o [4]
?l1                     0x000004         Data  Gb  vregs.o [4]
?l2                     0x000008         Data  Gb  vregs.o [4]
?l3                     0x00000c         Data  Gb  vregs.o [4]
?load32_0x_l0           0x00918c         Code  Gb  long_util.o [4]
?load32_l0_0x           0x009174         Code  Gb  long_util.o [4]
?load32_l1_0x           0x009180         Code  Gb  long_util.o [4]
?longfarg16_v_w0_a      0x00942c         Code  Gb  move.o [4]
?longfarg16_v_w0_x      0x00942e         Code  Gb  move.o [4]
?mov_e0_e2              0x00845b         Code  Gb  vreg_util.o [4]
?mov_e0_e3              0x008468         Code  Gb  vreg_util.o [4]
?mov_e1_e2              0x008475         Code  Gb  vreg_util.o [4]
?mov_e2_e0              0x008482         Code  Gb  vreg_util.o [4]
?mov_l0_l2              0x008458         Code  Gb  vreg_util.o [4]
?mov_l0_l3              0x008465         Code  Gb  vreg_util.o [4]
?mov_l1_l2              0x008472         Code  Gb  vreg_util.o [4]
?mov_l2_l0              0x00847f         Code  Gb  vreg_util.o [4]
?mov_w0_w3              0x008435         Code  Gb  vreg_util.o [4]
?mov_w0_w4              0x00843c         Code  Gb  vreg_util.o [4]
?mov_w1_w4              0x008443         Code  Gb  vreg_util.o [4]
?mov_w1_w5              0x00845e         Code  Gb  vreg_util.o [4]
?mov_w1_w7              0x00846b         Code  Gb  vreg_util.o [4]
?mov_w2_w1              0x00844a         Code  Gb  vreg_util.o [4]
?mov_w3_w4              0x008451         Code  Gb  vreg_util.o [4]
?mov_w3_w5              0x008478         Code  Gb  vreg_util.o [4]
?mov_w5_w1              0x008485         Code  Gb  vreg_util.o [4]
?mul16_x_x_w0           0x009203         Code  Gb  short.o [4]
?pop_e3                 0x0083ae         Code  Gb  vreg_util.o [4]
?pop_l0                 0x0083f9         Code  Gb  vreg_util.o [4]
?pop_l1                 0x008404         Code  Gb  vreg_util.o [4]
?pop_l2                 0x00840f         Code  Gb  vreg_util.o [4]
?pop_l3                 0x00841a         Code  Gb  vreg_util.o [4]
?pop_w0                 0x008379         Code  Gb  vreg_util.o [4]
?pop_w4                 0x008380         Code  Gb  vreg_util.o [4]
?pop_w5                 0x008387         Code  Gb  vreg_util.o [4]
?push_e3                0x008396         Code  Gb  vreg_util.o [4]
?push_l0                0x0083c8         Code  Gb  vreg_util.o [4]
?push_l1                0x0083cd         Code  Gb  vreg_util.o [4]
?push_l2                0x0083d2         Code  Gb  vreg_util.o [4]
?push_l3                0x0083d7         Code  Gb  vreg_util.o [4]
?push_w0                0x008357         Code  Gb  vreg_util.o [4]
?push_w4                0x00835c         Code  Gb  vreg_util.o [4]
?push_w5                0x008361         Code  Gb  vreg_util.o [4]
?sext32_l0_x            0x008711         Code  Gb  long.o [4]
?smod8_a_b0_a           0x0093b8         Code  Gb  char.o [4]
?srl16_x_x_4            0x009221         Code  Gb  short.o [4]
?ucmp32_c_l0_0x         0x008701         Code  Gb  long.o [4]
?udiv32_l0_dl_l1        0x00868f         Code  Gb  long.o [4]
?udiv32_l0_l0_l1        0x008694         Code  Gb  long.o [4]
?umod32_l1_l0_l1        0x008694         Code  Gb  long.o [4]
?w0                     0x000000         Data  Gb  vregs.o [4]
?w1                     0x000002         Data  Gb  vregs.o [4]
?w2                     0x000004         Data  Gb  vregs.o [4]
?w3                     0x000006         Data  Gb  vregs.o [4]
?w4                     0x000008         Data  Gb  vregs.o [4]
?w5                     0x00000a         Data  Gb  vregs.o [4]
?w6                     0x00000c         Data  Gb  vregs.o [4]
?w7                     0x00000e         Data  Gb  vregs.o [4]
ADC1_IRQHandler         0x0094c8    0x2  Code  Gb  stm8s_it.o [1]
AWU_IRQHandler          0x0094b4    0x2  Code  Gb  stm8s_it.o [1]
CLK_IRQHandler          0x0094b6    0x2  Code  Gb  stm8s_it.o [1]
CLK_Init                0x009498    0x5  Code  Gb  init.o [1]
CSTACK$$Base            0x000300          --   Gb  - Linker created -
CSTACK$$Limit           0x000400          --   Gb  - Linker created -
EEPROM_EEC_IRQHandler   0x0094ca    0x2  Code  Gb  stm8s_it.o [1]
EXTI_PORTA_IRQHandler   0x0094b8    0x2  Code  Gb  stm8s_it.o [1]
EXTI_PORTB_IRQHandler   0x0094ba    0x2  Code  Gb  stm8s_it.o [1]
EXTI_PORTC_IRQHandler   0x0092ea   0x1b  Code  Gb  interrupts.o [1]
EXTI_PORTD_IRQHandler   0x008ce6   0x45  Code  Gb  interrupts.o [1]
EXTI_PORTE_IRQHandler   0x0094bc    0x2  Code  Gb  stm8s_it.o [1]
FLASH_EraseByte         0x008bae   0x52  Code  Gb  stm8s_flash.o [1]
FLASH_Lock              0x0090d0   0x2b  Code  Gb  stm8s_flash.o [1]
FLASH_ProgramByte       0x008aaa   0x5c  Code  Gb  stm8s_flash.o [1]
FLASH_ReadByte          0x008c00   0x52  Code  Gb  stm8s_flash.o [1]
FLASH_Unlock            0x008e64   0x3b  Code  Gb  stm8s_flash.o [1]
GetDevMode              0x00944f    0xf  Code  Gb  communication.o [1]
GetReset                0x0090fb   0x29  Code  Gb  fifo.o [1]
GetSize                 0x00941a   0x12  Code  Gb  fifo.o [1]
HEAP$$Base              0x0000e4          --   Gb  - Linker created -
HEAP$$Limit             0x0001e4          --   Gb  - Linker created -
I2C_IRQHandler          0x0094c6    0x2  Code  Gb  stm8s_it.o [1]
INTVEC$$Base            0x008000          --   Gb  - Linker created -
INTVEC$$Limit           0x008080          --   Gb  - Linker created -
IRQ_Init                0x0094ae    0x2  Code  Gb  init.o [1]
PORT_Init               0x00937a   0x15  Code  Gb  init.o [1]
Pull                    0x008f77   0x34  Code  Gb  fifo.o [1]
Push                    0x008db0   0x3e  Code  Gb  fifo.o [1]
Region$$Table$$Base     0x009247          --   Gb  - Linker created -
Region$$Table$$Limit    0x00925d          --   Gb  - Linker created -
SPI_IRQHandler          0x0094be    0x2  Code  Gb  stm8s_it.o [1]
SystemInit              0x009226   0x21  Code  Gb  main.o [1]
TIM1_CAP_COM_IRQHandler
                        0x0094c2    0x2  Code  Gb  stm8s_it.o [1]
TIM1_UPD_OVF_TRG_BRK_IRQHandler
                        0x0094c0    0x2  Code  Gb  stm8s_it.o [1]
TIM2_CAP_COM_IRQHandler
                        0x0094c4    0x2  Code  Gb  stm8s_it.o [1]
TIM2_Init               0x00938f   0x15  Code  Gb  init.o [1]
TIM2_UPD_OVF_BRK_IRQHandler
                        0x008a4a   0x60  Code  Gb  interrupts.o [1]
TIM4_UPD_OVF_IRQHandler
                        0x009041   0x32  Code  Gb  interrupts.o [1]
TLI_IRQHandler          0x0094b2    0x2  Code  Gb  stm8s_it.o [1]
TRAP_IRQHandler         0x0094b0    0x2  Code  Gb  stm8s_it.o [1]
UART1_RX_IRQHandler     0x008dee   0x3b  Code  Gb  interrupts.o [1]
UART1_TX_IRQHandler     0x00900f   0x32  Code  Gb  interrupts.o [1]
UART_Init               0x009365   0x15  Code  Gb  init.o [1]
__DebugBreak            0x0094cd    0x1  Code  Gb  __dbg_break.o [3]
__exit                  0x0093e0   0x14  Code  Gb  __dbg_xxexit.o [3]
__iar_copy_init2        0x00914c         Code  Gb  init_small.o [4]
__iar_data_init2        0x0093cc   0x14  Code  Gb  init.o [4]
__iar_program_start     0x009407         Code  Gb  cstartup.o [4]
__iar_unhandled_exception
                        0x0094ab         Code  Gb  unhandled_exception.o [4]
__iar_zero_init2        0x00927b         Code  Gb  init_small.o [4]
__intvec                0x008000         Data  Gb  interrupt.o [4]
__low_level_init        0x0094a5    0x3  Code  Gb  low_level_init.o [4]
__near_Aldata           0x0000e0    0x4  Data  Gb  xxmemxmalloc.o [4]
__near_GetMemChunk      0x00934e   0x17  Code  Gb  xgetmemchunk.o [4]
__near_GetMemChunk::start
                        0x0000d2    0x2  Data  Lc  xgetmemchunk.o [4]
__near_findmem          0x0089e7   0x63  Code  Lc  xxmemxmalloc.o [4]
_exit                   0x00949d         Code  Gb  cexit.o [4]
_interrupt_1            0x0094b0         Code  Gb  stm8s_it.o [1]
_interrupt_12           0x0094be         Code  Gb  stm8s_it.o [1]
_interrupt_13           0x0094c0         Code  Gb  stm8s_it.o [1]
_interrupt_14           0x0094c2         Code  Gb  stm8s_it.o [1]
_interrupt_15           0x008a4a         Code  Gb  interrupts.o [1]
_interrupt_16           0x0094c4         Code  Gb  stm8s_it.o [1]
_interrupt_19           0x00900f         Code  Gb  interrupts.o [1]
_interrupt_2            0x0094b2         Code  Gb  stm8s_it.o [1]
_interrupt_20           0x008dee         Code  Gb  interrupts.o [1]
_interrupt_21           0x0094c6         Code  Gb  stm8s_it.o [1]
_interrupt_24           0x0094c8         Code  Gb  stm8s_it.o [1]
_interrupt_25           0x009041         Code  Gb  interrupts.o [1]
_interrupt_26           0x0094ca         Code  Gb  stm8s_it.o [1]
_interrupt_3            0x0094b4         Code  Gb  stm8s_it.o [1]
_interrupt_4            0x0094b6         Code  Gb  stm8s_it.o [1]
_interrupt_5            0x0094b8         Code  Gb  stm8s_it.o [1]
_interrupt_6            0x0094ba         Code  Gb  stm8s_it.o [1]
_interrupt_7            0x0092ea         Code  Gb  interrupts.o [1]
_interrupt_8            0x008ce6         Code  Gb  interrupts.o [1]
_interrupt_9            0x0094bc         Code  Gb  stm8s_it.o [1]
action_uart_timeout     0x0000d5    0x1  Data  Gb  interrupts.o [1]
add_to_array            0x0093f4   0x13  Code  Gb  filters.o [1]
assert_failed           0x0094cc    0x1  Code  Gb  main.o [1]
bLinPacketReceive       0x00848c   0xf3  Code  Gb  packet_parser.o [1]
btn_0                   0x0000d8    0x1  Data  Gb  main.o [1]
btn_1                   0x0000d9    0x1  Data  Gb  main.o [1]
config_lin              0x00947c    0x9  Code  Gb  init.o [1]
config_uart             0x009473    0x9  Code  Gb  init.o [1]
curr_mode               0x000010    0x1  Data  Gb  main.o [1]
div_tim2                0x0000d4    0x1  Data  Lc  interrupts.o [1]
eLinReceive             0x0000d7    0x1  Data  Gb  main.o [1]
ex_pid_filter_ind       0x0000dd    0x1  Data  Lc  main.o [1]
ex_pid_slave_ind        0x0000dc    0x1  Data  Lc  main.o [1]
ex_pid_triggered_ind    0x0000de    0x1  Data  Lc  main.o [1]
exit                    0x0094a8    0x3  Code  Gb  exit.o [4]
free                    0x00857f   0xc9  Code  Gb  xxmemxfree.o [4]
from_hex_to_string      0x00891e   0x66  Code  Gb  communication.o [1]
get_add_to_trig_list    0x008d2b   0x44  Code  Gb  filters.o [1]
get_check_filter        0x008b5a   0x54  Code  Gb  filters.o [1]
get_check_packet_type   0x009305   0x1a  Code  Gb  filters.o [1]
get_command             0x008e9f   0x3a  Code  Gb  communication.o [1]
get_crc                 0x0088b8   0x66  Code  Gb  communication.o [1]
get_erase_config        0x008fdd   0x32  Code  Gb  communication.o [1]
get_packet              0x008b06   0x54  Code  Gb  eeprom.o [1]
get_receive_config      0x008c52   0x4b  Code  Gb  communication.o [1]
get_remove_pid          0x009073   0x31  Code  Gb  filters.o [1]
get_send_config         0x008fab   0x32  Code  Gb  communication.o [1]
get_send_data_frame     0x008e29   0x3b  Code  Gb  lin_hw_layer.o [1]
get_write_byte_eeprom   0x0091bd   0x23  Code  Gb  eeprom.o [1]
isCRC                   0x0000db    0x1  Data  Gb  main.o [1]
led_div                 0x0000bf    0x4  Data  Gb  interrupts.o [1]
lin_rec                 0x0000b2    0xd  Data  Gb  main.o [1]
load_filter_packet      0x00871c   0x9e  Code  Gb  filters.o [1]
load_slave_packet       0x008984   0x63  Code  Gb  filters.o [1]
loaded_filter           0x000061   0x15  Data  Gb  main.o [1]
main                    0x008080  0x2d7  Code  Gb  main.o [1]
main::cmd_receive       0x0000df    0x1  Data  Lc  main.o [1]
malloc                  0x0087ba   0x92  Code  Gb  xxmemxmalloc.o [4]
pid_filters_array       0x00008a   0x14  Data  Gb  filters.o [1]
pid_slave_array         0x000076   0x14  Data  Gb  filters.o [1]
pid_triggered_array     0x00009e   0x14  Data  Gb  filters.o [1]
print                   0x008d6f   0x41  Code  Gb  communication.o [1]
print_cpu_id            0x008f43   0x34  Code  Gb  communication.o [1]
read_config_packet      0x00925d   0x1e  Code  Gb  eeprom.o [1]
read_packet             0x00884c   0x6c  Code  Gb  eeprom.o [1]
read_packet::tmp_packet
                        0x0000ce    0x2  Data  Lc  eeprom.o [1]
reset_state_cmd         0x009492    0x6  Code  Lc  main.o [1]
search_pid              0x0090a4   0x2c  Code  Gb  filters.o [1]
send_byte               0x00945e    0xc  Code  Gb  communication.o [1]
send_write_end          0x00948c    0x6  Code  Gb  communication.o [1]
set_baud                0x008ed9   0x36  Code  Gb  init.o [1]
set_baud::prescaler     0x0000d0    0x2  Data  Lc  init.o [1]
sys_time                0x0000c7    0x4  Data  Gb  main.o [1]
trig_index              0x0000da    0x1  Data  Gb  main.o [1]
u8GetCRC                0x008c9d   0x49  Code  Gb  lin_hw_layer.o [1]
u8GetCRC::CRC           0x0000d6    0x1  Data  Lc  lin_hw_layer.o [1]
u8GetCRC::_sum          0x0000c3    0x4  Data  Lc  lin_hw_layer.o [1]
u8GetSizeDataFrame      0x009337   0x17  Code  Gb  lin_hw_layer.o [1]
uart_rx                 0x000011   0x28  Data  Gb  main.o [1]
uart_tx                 0x000039   0x28  Data  Gb  main.o [1]
vLinPacketClear         0x0091e0   0x23  Code  Gb  lin_hw_layer.o [1]
xBreak                  0x0000cb    0x3  Data  Gb  main.o [1]


[1] = C:\dev\MCU\STM8\smart_lin\Debug\Obj
[2] = command line
[3] = dbgstm8ssd.a
[4] = dlstm8ssn.a

  4 922 bytes of readonly  code memory
    405 bytes of readonly  data memory
    740 bytes of readwrite data memory

Errors: none
Warnings: none
