###############################################################################
#
# IAR ELF Linker V3.11.1.207 for STM8                     25/Jun/2022  19:02:19
# Copyright 2010-2019 IAR Systems AB.
#
#    Output file  =  C:\dev\MCU\STM8\smart_lin\Debug\Exe\SPL_STM8S_template.out
#    Map file     =  
#        C:\dev\MCU\STM8\smart_lin\Debug\List\SPL_STM8S_template.map
#    Command line =  
#        -f C:\Users\Admin\AppData\Local\Temp\EW4BF1.tmp
#        (C:\dev\MCU\STM8\smart_lin\Debug\Obj\communication.o
#        C:\dev\MCU\STM8\smart_lin\Debug\Obj\eeprom.o
#        C:\dev\MCU\STM8\smart_lin\Debug\Obj\fifo.o
#        C:\dev\MCU\STM8\smart_lin\Debug\Obj\filters.o
#        C:\dev\MCU\STM8\smart_lin\Debug\Obj\init.o
#        C:\dev\MCU\STM8\smart_lin\Debug\Obj\interrupts.o
#        C:\dev\MCU\STM8\smart_lin\Debug\Obj\lin_hw_layer.o
#        C:\dev\MCU\STM8\smart_lin\Debug\Obj\main.o
#        C:\dev\MCU\STM8\smart_lin\Debug\Obj\packet_parser.o
#        C:\dev\MCU\STM8\smart_lin\Debug\Obj\queue_lin.o
#        C:\dev\MCU\STM8\smart_lin\Debug\Obj\stm8s_adc1.o
#        C:\dev\MCU\STM8\smart_lin\Debug\Obj\stm8s_adc2.o
#        C:\dev\MCU\STM8\smart_lin\Debug\Obj\stm8s_awu.o
#        C:\dev\MCU\STM8\smart_lin\Debug\Obj\stm8s_beep.o
#        C:\dev\MCU\STM8\smart_lin\Debug\Obj\stm8s_can.o
#        C:\dev\MCU\STM8\smart_lin\Debug\Obj\stm8s_clk.o
#        C:\dev\MCU\STM8\smart_lin\Debug\Obj\stm8s_exti.o
#        C:\dev\MCU\STM8\smart_lin\Debug\Obj\stm8s_flash.o
#        C:\dev\MCU\STM8\smart_lin\Debug\Obj\stm8s_gpio.o
#        C:\dev\MCU\STM8\smart_lin\Debug\Obj\stm8s_i2c.o
#        C:\dev\MCU\STM8\smart_lin\Debug\Obj\stm8s_it.o
#        C:\dev\MCU\STM8\smart_lin\Debug\Obj\stm8s_itc.o
#        C:\dev\MCU\STM8\smart_lin\Debug\Obj\stm8s_iwdg.o
#        C:\dev\MCU\STM8\smart_lin\Debug\Obj\stm8s_rst.o
#        C:\dev\MCU\STM8\smart_lin\Debug\Obj\stm8s_spi.o
#        C:\dev\MCU\STM8\smart_lin\Debug\Obj\stm8s_tim1.o
#        C:\dev\MCU\STM8\smart_lin\Debug\Obj\stm8s_tim2.o
#        C:\dev\MCU\STM8\smart_lin\Debug\Obj\stm8s_tim3.o
#        C:\dev\MCU\STM8\smart_lin\Debug\Obj\stm8s_tim4.o
#        C:\dev\MCU\STM8\smart_lin\Debug\Obj\stm8s_tim5.o
#        C:\dev\MCU\STM8\smart_lin\Debug\Obj\stm8s_tim6.o
#        C:\dev\MCU\STM8\smart_lin\Debug\Obj\stm8s_uart1.o
#        C:\dev\MCU\STM8\smart_lin\Debug\Obj\stm8s_uart2.o
#        C:\dev\MCU\STM8\smart_lin\Debug\Obj\stm8s_uart3.o
#        C:\dev\MCU\STM8\smart_lin\Debug\Obj\stm8s_uart4.o
#        C:\dev\MCU\STM8\smart_lin\Debug\Obj\stm8s_wwdg.o --redirect
#        _Printf=_PrintfSmall --redirect _Scanf=_ScanfSmall --no_out_extension
#        -o C:\dev\MCU\STM8\smart_lin\Debug\Exe\SPL_STM8S_template.out --map
#        C:\dev\MCU\STM8\smart_lin\Debug\List\SPL_STM8S_template.map --log
#        libraries,initialization,modules,redirects,sections,unused_fragments
#        --log_file C:\dev\MCU\STM8\smart_lin\Debug\List\SPL_STM8S_template.log
#        --config "D:\Program Files (x86)\IAR Systems\Embedded Workbench
#        8.3\stm8\config\lnkstm8s103f3.icf" --config_def _CSTACK_SIZE=0x100
#        --config_def _HEAP_SIZE=0x100 --entry __iar_program_start --debug_lib)
#
###############################################################################

*******************************************************************************
*** MESSAGES
***

Error[Lp011]: section placement failed
            unable to allocate space for sections/blocks with a total estimated
                      minimum size of 0x2bd bytes (max align 0x1) in
                      <[0x000000-0x0003ff]> (total uncommitted space 0x2f0).
            Uncommitted:
            [0x000000-0x0000ff]:  0xf0
            [0x000100-0x0003ff]: 0x200
            Needed:
            [0x000000-0x0000ff]: 0x1b9 min, align 0x1 (size: 0x100)
            [0x000000-0x0003ff]: 0x104 min, align 0x1 (size: 0x400)


*******************************************************************************
*** RUNTIME MODEL ATTRIBUTES
***

__Heap_Handler             = Basic
__SystemLibrary            = DLib
__code_model               = small
__core                     = stm8
__data_model               = small
__dlib_file_descriptor     = 0
__dlib_full_locale_support = 0
__rt_version               = 4


*******************************************************************************
*** PLACEMENT SUMMARY
***

"A0":  place at start of [0x000000-0x0000ff] { rw section .vregs };
"P1":  place in [from 0x000000 to 0x0000ff] {
          rw section .tiny.bss, rw section .tiny.data, rw section .tiny.noinit,
          rw section .tiny.rodata };
"A1":  place at end of [0x000000-0x0003ff] { block CSTACK };
"P2":  place in [from 0x000000 to 0x0003ff] {
          block HEAP, rw section __DLIB_PERTHREAD, rw section .far.bss,
          rw section .far.data, rw section .far.noinit,
          rw section .far_func.textrw, rw section .huge.bss,
          rw section .huge.data, rw section .huge.noinit,
          rw section .huge_func.textrw, rw section .iar.dynexit,
          rw section .near.bss, rw section .near.data, rw section .near.noinit,
          rw section .near_func.textrw };
"A2":  place at start of [0x008000-0x009fff] { block INTVEC };
"P3":  place in [from 0x008000 to 0x009fff] {
          ro section __DLIB_PERTHREAD_init, ro section .far.data_init,
          ro section .far_func.textrw_init, ro section .huge.data_init,
          ro section .huge_func.textrw_init, ro section .iar.init_table,
          ro section .init_array, ro section .near.data_init,
          ro section .near.rodata, ro section .near_func.text,
          ro section .near_func.textrw_init, ro section .tiny.data_init,
          ro section .tiny.rodata_init };
"P4":  place in [from 0x008000 to 0x009fff] {
          ro section .far.rodata, ro section .far_func.text };
"P5":  place in [from 0x008000 to 0x009fff] {
          ro section .huge.rodata, ro section .huge_func.text };
do not initialize {
   rw section .eeprom.noinit, rw section .far.noinit, rw section .huge.noinit,
   rw section .near.noinit, rw section .tiny.noinit, rw section .vregs };
initialize by copy {
   rw section .far.bss, rw section .far.data, rw section .far_func.textrw,
   rw section .huge.bss, rw section .huge.data, rw section .huge_func.textrw,
   rw section .iar.dynexit, rw section .near.bss, rw section .near.data,
   rw section .near_func.textrw, rw section .tiny.bss, rw section .tiny.data,
   ro section .tiny.rodata };

No sections matched the following patterns:

  ro section .far.data_init          in "P3-P5"
  ro section .far.rodata             in "P3-P5"
  ro section .far_func.text          in "P3-P5"
  ro section .far_func.textrw_init   in "P3-P5"
  ro section .huge.data_init         in "P3-P5"
  ro section .huge.rodata            in "P3-P5"
  ro section .huge_func.text         in "P3-P5"
  ro section .huge_func.textrw_init  in "P3-P5"
  ro section .iar.init_table         in "P3-P5"
  ro section .init_array             in "P3-P5"
  ro section .near.data_init         in "P3-P5"
  ro section .near_func.textrw_init  in "P3-P5"
  ro section .tiny.rodata_init       in "P3-P5"
  ro section __DLIB_PERTHREAD_init   in "P3-P5"
  rw section .far.bss                in "P2"
  rw section .far.data               in "P2"
  rw section .far.noinit             in "P2"
  rw section .far_func.textrw        in "P2"
  rw section .huge.bss               in "P2"
  rw section .huge.data              in "P2"
  rw section .huge.noinit            in "P2"
  rw section .huge_func.textrw       in "P2"
  rw section .iar.dynexit            in "P2"
  rw section .near.data              in "P2"
  rw section .near.noinit            in "P2"
  rw section .near_func.textrw       in "P2"
  rw section .tiny.noinit            in "P1"
  rw section .tiny.rodata            in "P1"
  rw section __DLIB_PERTHREAD        in "P2"
  section .eeprom.data               in "P6-P8"
  section .eeprom.noinit             in "P6-P8"
  section .eeprom.rodata             in "P6-P8"


  Section            Kind      Address    Size  Object
  -------            ----      -------    ----  ------
"A0":                                     0x10
  .vregs             uninit   0x000000    0x10  vregs.o [4]
                            - 0x000010    0x10

"A1":                                    0x100
  CSTACK                      0x000300   0x100  <Block>
    CSTACK           uninit   0x000300   0x100  <Block tail>
                            - 0x000400   0x100

"A2":                                     0x80
  INTVEC                      0x008000    0x80  <Block>
    .intvec          const    0x008000    0x80  interrupt.o [4]
                            - 0x008080    0x80

"P3-P5":                                0x13b7
  .near_func.text    ro code  0x008080   0x2ab  main.o [1]
  .near_func.text    ro code  0x00832b   0x11f  vreg_util.o [4]
  .near_func.text    ro code  0x00844a    0xf3  packet_parser.o [1]
  .near_func.text    ro code  0x00853d    0xef  filters.o [1]
  .near_func.text    ro code  0x00862c    0xd3  xxmemxfree.o [4]
  .near_func.text    ro code  0x0086ff    0xc5  long.o [4]
  .near_func.text    ro code  0x0087c4    0x9e  filters.o [1]
  .near_func.text    ro code  0x008862    0x92  xxmemxmalloc.o [4]
  .near_func.text    ro code  0x0088f4    0x83  queue_lin.o [1]
  .near_func.text    ro code  0x008977    0x63  eeprom.o [1]
  .near_func.text    ro code  0x0089da    0x63  filters.o [1]
  .near_func.text    ro code  0x008a3d    0x63  xxmemxmalloc.o [4]
  .near_func.text    ro code  0x008aa0    0x5f  interrupts.o [1]
  .near_func.text    ro code  0x008aff    0x5c  stm8s_flash.o [1]
  .near_func.text    ro code  0x008b5b    0x54  eeprom.o [1]
  .near_func.text    ro code  0x008baf    0x52  stm8s_flash.o [1]
  .near_func.text    ro code  0x008c01    0x4f  eeprom.o [1]
  .near_func.text    ro code  0x008c50    0x46  lin_hw_layer.o [1]
  .near_func.text    ro code  0x008c96    0x45  eeprom.o [1]
  .near_func.text    ro code  0x008cdb    0x45  interrupts.o [1]
  .near_func.text    ro code  0x008d20    0x43  lin_hw_layer.o [1]
  .near_func.text    ro code  0x008d63    0x3f  interrupts.o [1]
  .near_func.text    ro code  0x008da2    0x3e  fifo.o [1]
  .near_func.text    ro code  0x008de0    0x3b  communication.o [1]
  .near_func.text    ro code  0x008e1b    0x3b  lin_hw_layer.o [1]
  .near_func.text    ro code  0x008e56    0x3b  stm8s_flash.o [1]
  .near.rodata       const    0x008e91    0x34  stm8s_flash.o [1]
  .near_func.text    ro code  0x008ec5    0x34  communication.o [1]
  .near_func.text    ro code  0x008ef9    0x34  fifo.o [1]
  .near_func.text    ro code  0x008f2d    0x32  interrupts.o [1]
  .near_func.text    ro code  0x008f5f    0x32  interrupts.o [1]
  .near_func.text    ro code  0x008f91    0x2f  communication.o [1]
  .near_func.text    ro code  0x008fc0    0x2f  filters.o [1]
  .near_func.text    ro code  0x008fef    0x2d  init.o [1]
  .near_func.text    ro code  0x00901c    0x2b  stm8s_flash.o [1]
  .near_func.text    ro code  0x009047    0x2a  filters.o [1]
  .near_func.text    ro code  0x009071    0x29  fifo.o [1]
  .near_func.text    ro code  0x00909a    0x28  communication.o [1]
  .near_func.text    ro code  0x0090c2    0x28  filters.o [1]
  .near_func.text    ro code  0x0090ea    0x28  init_small.o [4]
  .near_func.text    ro code  0x009112    0x27  communication.o [1]
  .near_func.text    ro code  0x009139    0x26  communication.o [1]
  .near_func.text    ro code  0x00915f    0x26  long_util.o [4]
  .near_func.text    ro code  0x009185    0x24  communication.o [1]
  .near_func.text    ro code  0x0091a9    0x23  lin_hw_layer.o [1]
  .near_func.text    ro code  0x0091cc    0x23  short.o [4]
  .iar.init_table    const    0x0091ef     0xa  - Linker created -
  .near_func.text    ro code  0x009205    0x1f  main.o [1]
  .near_func.text    ro code  0x009224    0x1e  init_small.o [4]
  .near.rodata       const    0x009242    0x1b  main.o [1]
  .near_func.text    ro code  0x00925d    0x1b  interrupts.o [1]
  .near_func.text    ro code  0x009278    0x1a  filters.o [1]
  .near_func.text    ro code  0x009292    0x18  dc_util.o [4]
  .near_func.text    ro code  0x0092aa    0x17  lin_hw_layer.o [1]
  .near_func.text    ro code  0x0092c1    0x17  xgetmemchunk.o [4]
  .near_func.text    ro code  0x0092d8    0x15  init.o [1]
  .near.rodata       const    0x0092ed    0x14  main.o [1]
  .near.rodata       const    0x009301    0x14  main.o [1]
  .near_func.text    ro code  0x009315    0x14  init.o [4]
  .near_func.text    ro code  0x009329    0x14  __dbg_xxexit.o [3]
  .near_func.text    ro code  0x00933d    0x13  filters.o [1]
  .near_func.text    ro code  0x009350    0x13  cstartup.o [4]
  .near_func.text    ro code  0x009363    0x12  fifo.o [1]
  .near_func.text    ro code  0x009375    0x12  move.o [4]
  .near.rodata       const    0x009387    0x10  main.o [1]
  .near_func.text    ro code  0x009397     0xf  communication.o [1]
  .near.rodata       const    0x0093a6     0xe  main.o [1]
  .near.rodata       const    0x0093b4     0xd  main.o [1]
  .near_func.text    ro code  0x0093c1     0xc  communication.o [1]
  .near.rodata       const    0x0093cd     0xb  main.o [1]
  .near_func.text    ro code  0x0093d8     0x9  init.o [1]
  .near_func.text    ro code  0x0093e1     0x9  init.o [1]
  .near_func.text    ro code  0x0093ea     0x7  xxmemxmalloc.o [4]
  .near_func.text    ro code  0x0093f1     0x6  communication.o [1]
  .near_func.text    ro code  0x0093f7     0x6  main.o [1]
  .near_func.text    ro code  0x0093fd     0x5  init.o [1]
  .near_func.text    ro code  0x009402     0x5  cexit.o [4]
  .near_func.text    ro code  0x009407     0x3  filters.o [1]
  .near_func.text    ro code  0x00940a     0x3  interrupt.o [4]
  .near_func.text    ro code  0x00940d     0x3  low_level_init.o [4]
  .near_func.text    ro code  0x009410     0x3  exit.o [4]
  .near_func.text    ro code  0x009413     0x3  unhandled_exception.o [4]
  .near_func.text    ro code  0x009416     0x2  init.o [1]
  .near_func.text    ro code  0x009418     0x2  stm8s_it.o [1]
  .near_func.text    ro code  0x00941a     0x2  stm8s_it.o [1]
  .near_func.text    ro code  0x00941c     0x2  stm8s_it.o [1]
  .near_func.text    ro code  0x00941e     0x2  stm8s_it.o [1]
  .near_func.text    ro code  0x009420     0x2  stm8s_it.o [1]
  .near_func.text    ro code  0x009422     0x2  stm8s_it.o [1]
  .near_func.text    ro code  0x009424     0x2  stm8s_it.o [1]
  .near_func.text    ro code  0x009426     0x2  stm8s_it.o [1]
  .near_func.text    ro code  0x009428     0x2  stm8s_it.o [1]
  .near_func.text    ro code  0x00942a     0x2  stm8s_it.o [1]
  .near_func.text    ro code  0x00942c     0x2  stm8s_it.o [1]
  .near_func.text    ro code  0x00942e     0x2  stm8s_it.o [1]
  .near_func.text    ro code  0x009430     0x2  stm8s_it.o [1]
  .near_func.text    ro code  0x009432     0x2  stm8s_it.o [1]
  .near_func.text    ro code  0x009434     0x1  main.o [1]
  .near_func.text    ro code  0x009435     0x1  __dbg_break.o [3]
  Initializer bytes  const    0x009436     0x1  <for P1-1> (used: 0x0)
                            - 0x009437  0x13b7

"P1", part 1 of 2 (*** FAILED ***):        0x1
  P1-1                                     0x1  <Init block>
    .tiny.data       inited                0x1  main.o [1]
                                           0x1

"P1", part 2 of 2 (*** FAILED ***):      0x1b8
  .tiny.bss          zero                 0xf8  communication.o [1]
  .tiny.bss          zero                 0x4c  main.o [1]
  .tiny.bss          zero                 0x15  main.o [1]
  .tiny.bss          zero                  0xd  main.o [1]
  .tiny.bss          zero                  0xc  main.o [1]
  .tiny.bss          zero                  0xc  main.o [1]
  .tiny.bss          zero                  0xa  filters.o [1]
  .tiny.bss          zero                  0xa  filters.o [1]
  .tiny.bss          zero                  0xa  filters.o [1]
  .tiny.bss          zero                  0x4  interrupts.o [1]
  .tiny.bss          zero                  0x4  lin_hw_layer.o [1]
  .tiny.bss          zero                  0x4  main.o [1]
  .tiny.bss          zero                  0x3  main.o [1]
  .tiny.bss          zero                  0x2  xgetmemchunk.o [4]
  .tiny.bss          zero                  0x1  interrupts.o [1]
  .tiny.bss          zero                  0x1  interrupts.o [1]
  .tiny.bss          zero                  0x1  lin_hw_layer.o [1]
  .tiny.bss          zero                  0x1  main.o [1]
  .tiny.bss          zero                  0x1  main.o [1]
  .tiny.bss          zero                  0x1  main.o [1]
  .tiny.bss          zero                  0x1  main.o [1]
  .tiny.bss          zero                  0x1  main.o [1]
  .tiny.bss          zero                  0x1  main.o [1]
  .tiny.bss          zero                  0x1  main.o [1]
  .tiny.bss          zero                  0x1  main.o [1]
                                         0x1b8

"P2", part 1 of 2 (*** FAILED ***):        0x4
  .near.bss          zero                  0x4  xxmemxmalloc.o [4]
                                           0x4

"P2", part 2 of 2 (*** FAILED ***):      0x100
  HEAP                                   0x100  <Block>
    HEAP             uninit              0x100  <Block tail>
                                         0x100


*******************************************************************************
*** INIT TABLE
***

          Address     Size
          -------     ----
Copy (__iar_copy_init2)
    1 source range, total size 0x1:
            0x009436   0x1
    1 destination range, total size 0x1:
          0x00000000   0x1



*******************************************************************************
*** MODULE SUMMARY
***

    Module                 ro code  ro data  rw data
    ------                 -------  -------  -------
C:\dev\MCU\STM8\smart_lin\Debug\Obj: [1]
    communication.o            344               248
    eeprom.o                   331
    fifo.o                     173
    filters.o                  673                30
    init.o                      91
    interrupts.o               354                 6
    lin_hw_layer.o             254                 5
    main.o                     721      122      150
    packet_parser.o            243
    queue_lin.o                131
    stm8s_flash.o              276       52
    stm8s_it.o                  28
    ------------------------------------------------
    Total:                   3 619      174      439

command line: [2]
    ------------------------------------------------
    Total:

dbgstm8ssd.a: [3]
    __dbg_break.o                1
    __dbg_xxexit.o              20
    ------------------------------------------------
    Total:                      21

dlstm8ssn.a: [4]
    cexit.o                      5
    cstartup.o                  19
    dc_util.o                   24
    exit.o                       3
    init.o                      20
    init_small.o                70
    interrupt.o                  3      128
    long.o                     197
    long_util.o                 38
    low_level_init.o             3
    move.o                      18
    short.o                     35
    unhandled_exception.o        3
    vreg_util.o                287
    vregs.o                                       16
    xgetmemchunk.o              23                 2
    xxmemxfree.o               211
    xxmemxmalloc.o             252                 4
    ------------------------------------------------
    Total:                   1 211      128       22

    Linker created                       10      512
----------------------------------------------------
    Grand Total:             4 851      312      973


*******************************************************************************
*** ENTRY LIST
***

Entry                      Address   Size  Type      Object
-----                      -------   ----  ----      ------
.iar.init_table$$Base     0x0091ef          --   Gb  - Linker created -
.iar.init_table$$Limit    0x009205          --   Gb  - Linker created -
?add32_l0_l0_0x           0x00871f         Code  Gb  long.o [4]
?add32_l0_l0_dl           0x008717         Code  Gb  long.o [4]
?add32_l0_l0_l1           0x00871c         Code  Gb  long.o [4]
?b0                       0x000000         Data  Gb  vregs.o [4]
?b1                       0x000001         Data  Gb  vregs.o [4]
?b10                      0x00000a         Data  Gb  vregs.o [4]
?b11                      0x00000b         Data  Gb  vregs.o [4]
?b12                      0x00000c         Data  Gb  vregs.o [4]
?b13                      0x00000d         Data  Gb  vregs.o [4]
?b14                      0x00000e         Data  Gb  vregs.o [4]
?b15                      0x00000f         Data  Gb  vregs.o [4]
?b2                       0x000002         Data  Gb  vregs.o [4]
?b3                       0x000003         Data  Gb  vregs.o [4]
?b4                       0x000004         Data  Gb  vregs.o [4]
?b5                       0x000005         Data  Gb  vregs.o [4]
?b6                       0x000006         Data  Gb  vregs.o [4]
?b7                       0x000007         Data  Gb  vregs.o [4]
?b8                       0x000008         Data  Gb  vregs.o [4]
?b9                       0x000009         Data  Gb  vregs.o [4]
?dc32_l0                  0x009292         Code  Gb  dc_util.o [4]
?dc32_px                  0x00929f         Code  Gb  dc_util.o [4]
?e0                       0x000001         Data  Gb  vregs.o [4]
?e1                       0x000005         Data  Gb  vregs.o [4]
?e2                       0x000009         Data  Gb  vregs.o [4]
?e3                       0x00000d         Data  Gb  vregs.o [4]
?epilogue_l2              0x0083f1         Code  Gb  vreg_util.o [4]
?epilogue_l2_w6           0x0083f5         Code  Gb  vreg_util.o [4]
?epilogue_w4              0x0083fc         Code  Gb  vreg_util.o [4]
?inc32_0x_0x              0x008709         Code  Gb  long.o [4]
?inc32_l0_l0              0x0086ff         Code  Gb  long.o [4]
?inc32_l2_l2              0x008704         Code  Gb  long.o [4]
?l0                       0x000000         Data  Gb  vregs.o [4]
?l1                       0x000004         Data  Gb  vregs.o [4]
?l2                       0x000008         Data  Gb  vregs.o [4]
?l3                       0x00000c         Data  Gb  vregs.o [4]
?load32_0x_l0             0x009177         Code  Gb  long_util.o [4]
?load32_l0_0x             0x00915f         Code  Gb  long_util.o [4]
?load32_l1_0x             0x00916b         Code  Gb  long_util.o [4]
?longfarg16_v_w0_a        0x009375         Code  Gb  move.o [4]
?longfarg16_v_w0_x        0x009377         Code  Gb  move.o [4]
?mov_e0_e2                0x008426         Code  Gb  vreg_util.o [4]
?mov_e1_e2                0x008433         Code  Gb  vreg_util.o [4]
?mov_e2_e0                0x008440         Code  Gb  vreg_util.o [4]
?mov_l0_l2                0x008423         Code  Gb  vreg_util.o [4]
?mov_l1_l2                0x008430         Code  Gb  vreg_util.o [4]
?mov_l2_l0                0x00843d         Code  Gb  vreg_util.o [4]
?mov_w0_w3                0x008400         Code  Gb  vreg_util.o [4]
?mov_w0_w4                0x008407         Code  Gb  vreg_util.o [4]
?mov_w1_w4                0x00840e         Code  Gb  vreg_util.o [4]
?mov_w1_w5                0x008429         Code  Gb  vreg_util.o [4]
?mov_w2_w1                0x008415         Code  Gb  vreg_util.o [4]
?mov_w3_w4                0x00841c         Code  Gb  vreg_util.o [4]
?mov_w3_w5                0x008436         Code  Gb  vreg_util.o [4]
?mov_w5_w1                0x008443         Code  Gb  vreg_util.o [4]
?mul16_x_x_w0             0x0091cc         Code  Gb  short.o [4]
?pop_e3                   0x008382         Code  Gb  vreg_util.o [4]
?pop_l0                   0x0083c8         Code  Gb  vreg_util.o [4]
?pop_l1                   0x0083d3         Code  Gb  vreg_util.o [4]
?pop_l2                   0x0083de         Code  Gb  vreg_util.o [4]
?pop_w0                   0x00834d         Code  Gb  vreg_util.o [4]
?pop_w4                   0x008354         Code  Gb  vreg_util.o [4]
?pop_w6                   0x00835b         Code  Gb  vreg_util.o [4]
?push_e3                  0x00836a         Code  Gb  vreg_util.o [4]
?push_l0                  0x00839c         Code  Gb  vreg_util.o [4]
?push_l1                  0x0083a1         Code  Gb  vreg_util.o [4]
?push_l2                  0x0083a6         Code  Gb  vreg_util.o [4]
?push_w0                  0x00832b         Code  Gb  vreg_util.o [4]
?push_w4                  0x008330         Code  Gb  vreg_util.o [4]
?push_w6                  0x008335         Code  Gb  vreg_util.o [4]
?sext32_l0_x              0x0087b9         Code  Gb  long.o [4]
?srl16_x_x_4              0x0091ea         Code  Gb  short.o [4]
?ucmp32_c_l0_0x           0x0087a9         Code  Gb  long.o [4]
?udiv32_l0_dl_l1          0x008737         Code  Gb  long.o [4]
?udiv32_l0_l0_l1          0x00873c         Code  Gb  long.o [4]
?umod32_l1_l0_l1          0x00873c         Code  Gb  long.o [4]
?w0                       0x000000         Data  Gb  vregs.o [4]
?w1                       0x000002         Data  Gb  vregs.o [4]
?w2                       0x000004         Data  Gb  vregs.o [4]
?w3                       0x000006         Data  Gb  vregs.o [4]
?w4                       0x000008         Data  Gb  vregs.o [4]
?w5                       0x00000a         Data  Gb  vregs.o [4]
?w6                       0x00000c         Data  Gb  vregs.o [4]
?w7                       0x00000e         Data  Gb  vregs.o [4]
ADC1_IRQHandler           0x009430    0x2  Code  Gb  stm8s_it.o [1]
AWU_IRQHandler            0x00941c    0x2  Code  Gb  stm8s_it.o [1]
CLK_IRQHandler            0x00941e    0x2  Code  Gb  stm8s_it.o [1]
CLK_Init                  0x0093fd    0x5  Code  Gb  init.o [1]
CSTACK$$Base              0x000300          --   Gb  - Linker created -
CSTACK$$Limit             0x000400          --   Gb  - Linker created -
EEPROM_EEC_IRQHandler     0x009432    0x2  Code  Gb  stm8s_it.o [1]
EXTI_PORTA_IRQHandler     0x009420    0x2  Code  Gb  stm8s_it.o [1]
EXTI_PORTB_IRQHandler     0x009422    0x2  Code  Gb  stm8s_it.o [1]
EXTI_PORTC_IRQHandler     0x00925d   0x1b  Code  Gb  interrupts.o [1]
EXTI_PORTD_IRQHandler     0x008cdb   0x45  Code  Gb  interrupts.o [1]
EXTI_PORTE_IRQHandler     0x009424    0x2  Code  Gb  stm8s_it.o [1]
FLASH_Lock                0x00901c   0x2b  Code  Gb  stm8s_flash.o [1]
FLASH_ProgramByte         0x008aff   0x5c  Code  Gb  stm8s_flash.o [1]
FLASH_ReadByte            0x008baf   0x52  Code  Gb  stm8s_flash.o [1]
FLASH_Unlock              0x008e56   0x3b  Code  Gb  stm8s_flash.o [1]
GetDevMode                0x009397    0xf  Code  Gb  communication.o [1]
GetReset                  0x009071   0x29  Code  Gb  fifo.o [1]
GetSize                   0x009363   0x12  Code  Gb  fifo.o [1]
HEAP$$Base              0x00000000          --   Gb  - Linker created -
HEAP$$Limit             0x00000100          --   Gb  - Linker created -
I2C_IRQHandler            0x00942e    0x2  Code  Gb  stm8s_it.o [1]
INTVEC$$Base              0x008000          --   Gb  - Linker created -
INTVEC$$Limit             0x008080          --   Gb  - Linker created -
IRQ_Init                  0x009416    0x2  Code  Gb  init.o [1]
PORT_Init                 0x0092d8   0x15  Code  Gb  init.o [1]
Pull                      0x008ef9   0x34  Code  Gb  fifo.o [1]
Push                      0x008da2   0x3e  Code  Gb  fifo.o [1]
Region$$Table$$Base       0x0091ef          --   Gb  - Linker created -
Region$$Table$$Limit      0x009205          --   Gb  - Linker created -
SPI_IRQHandler            0x009426    0x2  Code  Gb  stm8s_it.o [1]
SystemInit                0x009205   0x1f  Code  Gb  main.o [1]
TIM1_CAP_COM_IRQHandler
                          0x00942a    0x2  Code  Gb  stm8s_it.o [1]
TIM1_UPD_OVF_TRG_BRK_IRQHandler
                          0x009428    0x2  Code  Gb  stm8s_it.o [1]
TIM2_CAP_COM_IRQHandler
                          0x00942c    0x2  Code  Gb  stm8s_it.o [1]
TIM2_UPD_OVF_BRK_IRQHandler
                          0x008aa0   0x5f  Code  Gb  interrupts.o [1]
TIM4_UPD_OVF_IRQHandler
                          0x008f5f   0x32  Code  Gb  interrupts.o [1]
TLI_IRQHandler            0x00941a    0x2  Code  Gb  stm8s_it.o [1]
TRAP_IRQHandler           0x009418    0x2  Code  Gb  stm8s_it.o [1]
UART1_RX_IRQHandler       0x008d63   0x3f  Code  Gb  interrupts.o [1]
UART1_TX_IRQHandler       0x008f2d   0x32  Code  Gb  interrupts.o [1]
UART_Init                 0x008fef   0x2d  Code  Gb  init.o [1]
__DebugBreak              0x009435    0x1  Code  Gb  __dbg_break.o [3]
__exit                    0x009329   0x14  Code  Gb  __dbg_xxexit.o [3]
__iar_copy_init2          0x0090ea         Code  Gb  init_small.o [4]
__iar_data_init2          0x009315   0x14  Code  Gb  init.o [4]
__iar_program_start       0x009350         Code  Gb  cstartup.o [4]
__iar_unhandled_exception
                          0x009413         Code  Gb  unhandled_exception.o [4]
__iar_zero_init2          0x009224         Code  Gb  init_small.o [4]
__intvec                  0x008000         Data  Gb  interrupt.o [4]
__low_level_init          0x00940d    0x3  Code  Gb  low_level_init.o [4]
__near_Aldata           0x00000000    0x4  Data  Gb  xxmemxmalloc.o [4]
__near_GetMemChunk        0x0092c1   0x17  Code  Gb  xgetmemchunk.o [4]
__near_GetMemChunk::start
                        0x000001ab    0x2  Data  Lc  xgetmemchunk.o [4]
__near_findmem            0x008a3d   0x63  Code  Lc  xxmemxmalloc.o [4]
_exit                     0x009402         Code  Gb  cexit.o [4]
_interrupt_1              0x009418         Code  Gb  stm8s_it.o [1]
_interrupt_12             0x009426         Code  Gb  stm8s_it.o [1]
_interrupt_13             0x009428         Code  Gb  stm8s_it.o [1]
_interrupt_14             0x00942a         Code  Gb  stm8s_it.o [1]
_interrupt_15             0x008aa0         Code  Gb  interrupts.o [1]
_interrupt_16             0x00942c         Code  Gb  stm8s_it.o [1]
_interrupt_19             0x008f2d         Code  Gb  interrupts.o [1]
_interrupt_2              0x00941a         Code  Gb  stm8s_it.o [1]
_interrupt_20             0x008d63         Code  Gb  interrupts.o [1]
_interrupt_21             0x00942e         Code  Gb  stm8s_it.o [1]
_interrupt_24             0x009430         Code  Gb  stm8s_it.o [1]
_interrupt_25             0x008f5f         Code  Gb  interrupts.o [1]
_interrupt_26             0x009432         Code  Gb  stm8s_it.o [1]
_interrupt_3              0x00941c         Code  Gb  stm8s_it.o [1]
_interrupt_4              0x00941e         Code  Gb  stm8s_it.o [1]
_interrupt_5              0x009420         Code  Gb  stm8s_it.o [1]
_interrupt_6              0x009422         Code  Gb  stm8s_it.o [1]
_interrupt_7              0x00925d         Code  Gb  interrupts.o [1]
_interrupt_8              0x008cdb         Code  Gb  interrupts.o [1]
_interrupt_9              0x009424         Code  Gb  stm8s_it.o [1]
action_uart_timeout     0x000001ae    0x1  Data  Lc  interrupts.o [1]
add_to_array              0x00933d   0x13  Code  Gb  filters.o [1]
assert_failed             0x009434    0x1  Code  Gb  main.o [1]
bLinPacketReceive         0x00844a   0xf3  Code  Gb  packet_parser.o [1]
btn_0                   0x000001b1    0x1  Data  Gb  main.o [1]
btn_1                   0x000001b2    0x1  Data  Gb  main.o [1]
check_crc                 0x009185   0x24  Code  Gb  communication.o [1]
configArray             0x00000000   0xf8  Data  Gb  communication.o [1]
config_lin                0x0093e1    0x9  Code  Gb  init.o [1]
config_uart               0x0093d8    0x9  Code  Gb  init.o [1]
curr_mode               0x00000000    0x1  Data  Gb  main.o [1]
div_tim2                0x000001ad    0x1  Data  Lc  interrupts.o [1]
eLinReceive             0x000001b0    0x1  Data  Gb  main.o [1]
exit                      0x009410    0x3  Code  Gb  exit.o [4]
free                      0x00862c   0xc9  Code  Gb  xxmemxfree.o [4]
get_add_to_trig_list      0x0090c2   0x28  Code  Gb  filters.o [1]
get_btn0_state            0x009407    0x3  Code  Gb  filters.o [1]
get_check_filter          0x00853d   0xef  Code  Gb  filters.o [1]
get_check_packet_type     0x009278   0x1a  Code  Gb  filters.o [1]
get_command               0x008f91   0x2f  Code  Gb  communication.o [1]
get_crc                   0x009112   0x27  Code  Gb  communication.o [1]
get_packet                0x008b5b   0x54  Code  Gb  eeprom.o [1]
get_receive_config        0x00909a   0x28  Code  Gb  communication.o [1]
get_remove_pid            0x008fc0   0x2f  Code  Gb  filters.o [1]
get_send_config           0x009139   0x26  Code  Gb  communication.o [1]
get_send_data_frame       0x008e1b   0x3b  Code  Gb  lin_hw_layer.o [1]
get_send_lin_packet       0x008c50   0x46  Code  Gb  lin_hw_layer.o [1]
led_div                 0x0000019c    0x4  Data  Gb  interrupts.o [1]
lin_queue               0x000000f8   0x4c  Data  Gb  main.o [1]
lin_rec                 0x00000159    0xd  Data  Gb  main.o [1]
load_filter_packet        0x0087c4   0x9e  Code  Gb  filters.o [1]
load_slave_packet         0x0089da   0x63  Code  Gb  filters.o [1]
loaded_filter           0x00000144   0x15  Data  Gb  main.o [1]
main                      0x008080  0x2ab  Code  Gb  main.o [1]
main::cmd_receive       0x000001b4    0x1  Data  Lc  main.o [1]
main{4}{5}{21}{22}::ex_pid_filter_ind
                        0x000001b6    0x1  Data  Lc  main.o [1]
main{4}{5}{21}{22}::ex_pid_slave_ind
                        0x000001b5    0x1  Data  Lc  main.o [1]
main{4}{5}{21}{22}::ex_pid_triggered_ind
                        0x000001b7    0x1  Data  Lc  main.o [1]
malloc                    0x008862   0x92  Code  Gb  xxmemxmalloc.o [4]
pid_filters_array       0x00000188    0xa  Data  Gb  filters.o [1]
pid_slave_array         0x0000017e    0xa  Data  Gb  filters.o [1]
pid_triggered_array     0x00000192    0xa  Data  Gb  filters.o [1]
print                     0x008de0   0x3b  Code  Gb  communication.o [1]
print_cpu_id              0x008ec5   0x34  Code  Gb  communication.o [1]
queue_handler             0x0088f4   0x83  Code  Gb  queue_lin.o [1]
read_config_packet        0x008c96   0x45  Code  Gb  eeprom.o [1]
read_packet               0x008977   0x63  Code  Gb  eeprom.o [1]
reset_state_cmd           0x0093f7    0x6  Code  Lc  main.o [1]
search_pid                0x009047   0x2a  Code  Gb  filters.o [1]
send_byte                 0x0093c1    0xc  Code  Gb  communication.o [1]
send_nack                 0x0093f1    0x6  Code  Gb  communication.o [1]
sys_time                0x000001a4    0x4  Data  Gb  main.o [1]
trig_index              0x000001b3    0x1  Data  Gb  main.o [1]
u8GetCRC                  0x008d20   0x43  Code  Gb  lin_hw_layer.o [1]
u8GetCRC::CRC           0x000001af    0x1  Data  Lc  lin_hw_layer.o [1]
u8GetCRC::_sum          0x000001a0    0x4  Data  Lc  lin_hw_layer.o [1]
u8GetSizeDataFrame        0x0092aa   0x17  Code  Gb  lin_hw_layer.o [1]
uart_rx                 0x00000166    0xc  Data  Gb  main.o [1]
uart_tx                 0x00000172    0xc  Data  Gb  main.o [1]
vLinPacketClear           0x0091a9   0x23  Code  Gb  lin_hw_layer.o [1]
write_config_packet       0x008c01   0x4f  Code  Gb  eeprom.o [1]
xBreak                  0x000001a8    0x3  Data  Gb  main.o [1]


[1] = C:\dev\MCU\STM8\smart_lin\Debug\Obj
[2] = command line
[3] = dbgstm8ssd.a
[4] = dlstm8ssn.a

  4 851 bytes of readonly  code memory
    312 bytes of readonly  data memory
    973 bytes of readwrite data memory

Errors: 1
Warnings: none
