###############################################################################
#
# IAR ELF Linker V3.11.1.207 for STM8                     21/Jun/2022  16:33:21
# Copyright 2010-2019 IAR Systems AB.
#
#    Output file  =  C:\dev\MCU\STM8\smart_lin\Debug\Exe\SPL_STM8S_template.out
#    Map file     =  
#        C:\dev\MCU\STM8\smart_lin\Debug\List\SPL_STM8S_template.map
#    Command line =  
#        -f C:\Users\Admin\AppData\Local\Temp\EW6FB1.tmp
#        (C:\dev\MCU\STM8\smart_lin\Debug\Obj\communication.o
#        C:\dev\MCU\STM8\smart_lin\Debug\Obj\eeprom.o
#        C:\dev\MCU\STM8\smart_lin\Debug\Obj\fifo.o
#        C:\dev\MCU\STM8\smart_lin\Debug\Obj\filters.o
#        C:\dev\MCU\STM8\smart_lin\Debug\Obj\init.o
#        C:\dev\MCU\STM8\smart_lin\Debug\Obj\interrupts.o
#        C:\dev\MCU\STM8\smart_lin\Debug\Obj\lin_hw_layer.o
#        C:\dev\MCU\STM8\smart_lin\Debug\Obj\main.o
#        C:\dev\MCU\STM8\smart_lin\Debug\Obj\packet_parser.o
#        C:\dev\MCU\STM8\smart_lin\Debug\Obj\queue_lin.o
#        C:\dev\MCU\STM8\smart_lin\Debug\Obj\stm8s_adc1.o
#        C:\dev\MCU\STM8\smart_lin\Debug\Obj\stm8s_adc2.o
#        C:\dev\MCU\STM8\smart_lin\Debug\Obj\stm8s_awu.o
#        C:\dev\MCU\STM8\smart_lin\Debug\Obj\stm8s_beep.o
#        C:\dev\MCU\STM8\smart_lin\Debug\Obj\stm8s_can.o
#        C:\dev\MCU\STM8\smart_lin\Debug\Obj\stm8s_clk.o
#        C:\dev\MCU\STM8\smart_lin\Debug\Obj\stm8s_exti.o
#        C:\dev\MCU\STM8\smart_lin\Debug\Obj\stm8s_flash.o
#        C:\dev\MCU\STM8\smart_lin\Debug\Obj\stm8s_gpio.o
#        C:\dev\MCU\STM8\smart_lin\Debug\Obj\stm8s_i2c.o
#        C:\dev\MCU\STM8\smart_lin\Debug\Obj\stm8s_it.o
#        C:\dev\MCU\STM8\smart_lin\Debug\Obj\stm8s_itc.o
#        C:\dev\MCU\STM8\smart_lin\Debug\Obj\stm8s_iwdg.o
#        C:\dev\MCU\STM8\smart_lin\Debug\Obj\stm8s_rst.o
#        C:\dev\MCU\STM8\smart_lin\Debug\Obj\stm8s_spi.o
#        C:\dev\MCU\STM8\smart_lin\Debug\Obj\stm8s_tim1.o
#        C:\dev\MCU\STM8\smart_lin\Debug\Obj\stm8s_tim2.o
#        C:\dev\MCU\STM8\smart_lin\Debug\Obj\stm8s_tim3.o
#        C:\dev\MCU\STM8\smart_lin\Debug\Obj\stm8s_tim4.o
#        C:\dev\MCU\STM8\smart_lin\Debug\Obj\stm8s_tim5.o
#        C:\dev\MCU\STM8\smart_lin\Debug\Obj\stm8s_tim6.o
#        C:\dev\MCU\STM8\smart_lin\Debug\Obj\stm8s_uart1.o
#        C:\dev\MCU\STM8\smart_lin\Debug\Obj\stm8s_uart2.o
#        C:\dev\MCU\STM8\smart_lin\Debug\Obj\stm8s_uart3.o
#        C:\dev\MCU\STM8\smart_lin\Debug\Obj\stm8s_uart4.o
#        C:\dev\MCU\STM8\smart_lin\Debug\Obj\stm8s_wwdg.o --redirect
#        _Printf=_PrintfSmall --redirect _Scanf=_ScanfSmall --no_out_extension
#        -o C:\dev\MCU\STM8\smart_lin\Debug\Exe\SPL_STM8S_template.out --map
#        C:\dev\MCU\STM8\smart_lin\Debug\List\SPL_STM8S_template.map --log
#        libraries,initialization,modules,redirects,sections,unused_fragments
#        --log_file C:\dev\MCU\STM8\smart_lin\Debug\List\SPL_STM8S_template.log
#        --config "D:\Program Files (x86)\IAR Systems\Embedded Workbench
#        8.3\stm8\config\lnkstm8s103f3.icf" --config_def _CSTACK_SIZE=0x100
#        --config_def _HEAP_SIZE=0x100 --entry __iar_program_start --debug_lib)
#
###############################################################################

*******************************************************************************
*** RUNTIME MODEL ATTRIBUTES
***

__SystemLibrary            = DLib
__code_model               = small
__core                     = stm8
__data_model               = small
__dlib_file_descriptor     = 0
__dlib_full_locale_support = 0
__rt_version               = 4


*******************************************************************************
*** PLACEMENT SUMMARY
***

"A0":  place at start of [0x000000-0x0000ff] { rw section .vregs };
"P1":  place in [from 0x000000 to 0x0000ff] {
          rw section .tiny.bss, rw section .tiny.data, rw section .tiny.noinit,
          rw section .tiny.rodata };
"A1":  place at end of [0x000000-0x0003ff] { block CSTACK };
"A2":  place at start of [0x008000-0x009fff] { block INTVEC };
"P3":  place in [from 0x008000 to 0x009fff] {
          ro section __DLIB_PERTHREAD_init, ro section .far.data_init,
          ro section .far_func.textrw_init, ro section .huge.data_init,
          ro section .huge_func.textrw_init, ro section .iar.init_table,
          ro section .init_array, ro section .near.data_init,
          ro section .near.rodata, ro section .near_func.text,
          ro section .near_func.textrw_init, ro section .tiny.data_init,
          ro section .tiny.rodata_init };
"P4":  place in [from 0x008000 to 0x009fff] {
          ro section .far.rodata, ro section .far_func.text };
"P5":  place in [from 0x008000 to 0x009fff] {
          ro section .huge.rodata, ro section .huge_func.text };
do not initialize {
   rw section .eeprom.noinit, rw section .far.noinit, rw section .huge.noinit,
   rw section .near.noinit, rw section .tiny.noinit, rw section .vregs };
initialize by copy {
   rw section .far.bss, rw section .far.data, rw section .far_func.textrw,
   rw section .huge.bss, rw section .huge.data, rw section .huge_func.textrw,
   rw section .iar.dynexit, rw section .near.bss, rw section .near.data,
   rw section .near_func.textrw, rw section .tiny.bss, rw section .tiny.data,
   ro section .tiny.rodata };

No sections matched the following patterns:

  ro section .far.data_init          in "P3-P5"
  ro section .far.rodata             in "P3-P5"
  ro section .far_func.text          in "P3-P5"
  ro section .far_func.textrw_init   in "P3-P5"
  ro section .huge.data_init         in "P3-P5"
  ro section .huge.rodata            in "P3-P5"
  ro section .huge_func.text         in "P3-P5"
  ro section .huge_func.textrw_init  in "P3-P5"
  ro section .iar.init_table         in "P3-P5"
  ro section .init_array             in "P3-P5"
  ro section .near.data_init         in "P3-P5"
  ro section .near_func.textrw_init  in "P3-P5"
  ro section .tiny.rodata_init       in "P3-P5"
  ro section __DLIB_PERTHREAD_init   in "P3-P5"
  rw section .far.bss                in "P2"
  rw section .far.data               in "P2"
  rw section .far.noinit             in "P2"
  rw section .far_func.textrw        in "P2"
  rw section .huge.bss               in "P2"
  rw section .huge.data              in "P2"
  rw section .huge.noinit            in "P2"
  rw section .huge_func.textrw       in "P2"
  rw section .iar.dynexit            in "P2"
  rw section .near.bss               in "P2"
  rw section .near.data              in "P2"
  rw section .near.noinit            in "P2"
  rw section .near_func.textrw       in "P2"
  rw section .tiny.noinit            in "P1"
  rw section .tiny.rodata            in "P1"
  rw section __DLIB_PERTHREAD        in "P2"
  section .eeprom.data               in "P6-P8"
  section .eeprom.noinit             in "P6-P8"
  section .eeprom.rodata             in "P6-P8"


  Section            Kind      Address    Size  Object
  -------            ----      -------    ----  ------
"A0":                                     0x10
  .vregs             uninit   0x000000    0x10  vregs.o [4]
                            - 0x000010    0x10

"P1", part 1 of 2:                         0x1
  P1-1                        0x000010     0x1  <Init block>
    .tiny.data       inited   0x000010     0x1  main.o [1]
                            - 0x000011     0x1

"P1", part 2 of 2:                        0xd9
  .tiny.bss          zero     0x000011    0x4c  main.o [1]
  .tiny.bss          zero     0x00005d    0x38  communication.o [1]
  .tiny.bss          zero     0x000095    0x15  main.o [1]
  .tiny.bss          zero     0x0000aa     0xd  main.o [1]
  .tiny.bss          zero     0x0000b7     0xc  main.o [1]
  .tiny.bss          zero     0x0000c3     0xc  main.o [1]
  .tiny.bss          zero     0x0000cf     0x4  interrupts.o [1]
  .tiny.bss          zero     0x0000d3     0x4  main.o [1]
  .tiny.bss          zero     0x0000d7     0x3  main.o [1]
  .tiny.bss          zero     0x0000da     0x2  filters.o [1]
  .tiny.bss          zero     0x0000dc     0x2  filters.o [1]
  .tiny.bss          zero     0x0000de     0x2  filters.o [1]
  .tiny.bss          zero     0x0000e0     0x1  interrupts.o [1]
  .tiny.bss          zero     0x0000e1     0x1  interrupts.o [1]
  .tiny.bss          zero     0x0000e2     0x1  main.o [1]
  .tiny.bss          zero     0x0000e3     0x1  main.o [1]
  .tiny.bss          zero     0x0000e4     0x1  main.o [1]
  .tiny.bss          zero     0x0000e5     0x1  main.o [1]
  .tiny.bss          zero     0x0000e6     0x1  main.o [1]
  .tiny.bss          zero     0x0000e7     0x1  main.o [1]
  .tiny.bss          zero     0x0000e8     0x1  main.o [1]
  .tiny.bss          zero     0x0000e9     0x1  main.o [1]
                            - 0x0000ea    0xd9

"A1":                                    0x100
  CSTACK                      0x000300   0x100  <Block>
    CSTACK           uninit   0x000300   0x100  <Block tail>
                            - 0x000400   0x100

"A2":                                     0x80
  INTVEC                      0x008000    0x80  <Block>
    .intvec          const    0x008000    0x80  interrupt.o [4]
                            - 0x008080    0x80

"P3-P5":                                0x107e
  .near_func.text    ro code  0x008080   0x2ae  main.o [1]
  .near_func.text    ro code  0x00832e   0x10a  vreg_util.o [4]
  .near_func.text    ro code  0x008438    0xef  filters.o [1]
  .near_func.text    ro code  0x008527    0xc5  long.o [4]
  .near_func.text    ro code  0x0085ec    0x9e  filters.o [1]
  .near_func.text    ro code  0x00868a    0x83  queue_lin.o [1]
  .near_func.text    ro code  0x00870d    0x63  filters.o [1]
  .near_func.text    ro code  0x008770    0x5f  interrupts.o [1]
  .near_func.text    ro code  0x0087cf    0x5c  stm8s_flash.o [1]
  .near_func.text    ro code  0x00882b    0x57  eeprom.o [1]
  .near_func.text    ro code  0x008882    0x54  eeprom.o [1]
  .near_func.text    ro code  0x0088d6    0x52  stm8s_flash.o [1]
  .near_func.text    ro code  0x008928    0x4f  eeprom.o [1]
  .near_func.text    ro code  0x008977    0x46  lin_hw_layer.o [1]
  .near_func.text    ro code  0x0089bd    0x45  eeprom.o [1]
  .near_func.text    ro code  0x008a02    0x45  interrupts.o [1]
  .near_func.text    ro code  0x008a47    0x3e  fifo.o [1]
  .near_func.text    ro code  0x008a85    0x3b  communication.o [1]
  .near_func.text    ro code  0x008ac0    0x3b  lin_hw_layer.o [1]
  .near_func.text    ro code  0x008afb    0x3b  stm8s_flash.o [1]
  .near.rodata       const    0x008b36    0x34  stm8s_flash.o [1]
  .near_func.text    ro code  0x008b6a    0x34  communication.o [1]
  .near_func.text    ro code  0x008b9e    0x34  fifo.o [1]
  .near_func.text    ro code  0x008bd2    0x32  interrupts.o [1]
  .near_func.text    ro code  0x008c04    0x32  interrupts.o [1]
  .near_func.text    ro code  0x008c36    0x2f  communication.o [1]
  .near_func.text    ro code  0x008c65    0x2f  filters.o [1]
  .near_func.text    ro code  0x008c94    0x2f  lin_hw_layer.o [1]
  .near_func.text    ro code  0x008cc3    0x2d  init.o [1]
  .near_func.text    ro code  0x008cf0    0x2d  interrupts.o [1]
  .near_func.text    ro code  0x008d1d    0x2b  stm8s_flash.o [1]
  .near_func.text    ro code  0x008d48    0x2a  filters.o [1]
  .near_func.text    ro code  0x008d72    0x29  fifo.o [1]
  .near_func.text    ro code  0x008d9b    0x28  communication.o [1]
  .near_func.text    ro code  0x008dc3    0x28  filters.o [1]
  .near_func.text    ro code  0x008deb    0x28  init_small.o [4]
  .near_func.text    ro code  0x008e13    0x27  communication.o [1]
  .near_func.text    ro code  0x008e3a    0x26  communication.o [1]
  .near_func.text    ro code  0x008e60    0x25  init.o [1]
  .near_func.text    ro code  0x008e85    0x25  main.o [1]
  .near_func.text    ro code  0x008eaa    0x24  communication.o [1]
  .near_func.text    ro code  0x008ece    0x23  short.o [4]
  .iar.init_table    const    0x008ef1    0x12  - Linker created -
  .near_func.text    ro code  0x008f03    0x1e  init_small.o [4]
  .near.rodata       const    0x008f21    0x1b  main.o [1]
  .near_func.text    ro code  0x008f3c    0x1b  interrupts.o [1]
  .near_func.text    ro code  0x008f57    0x1a  filters.o [1]
  .near_func.text    ro code  0x008f71    0x1a  long_util.o [4]
  .near_func.text    ro code  0x008f8b    0x18  dc_util.o [4]
  .near_func.text    ro code  0x008fa3    0x15  init.o [1]
  .near.rodata       const    0x008fb8    0x14  main.o [1]
  .near.rodata       const    0x008fcc    0x14  main.o [1]
  .near_func.text    ro code  0x008fe0    0x14  init.o [4]
  .near_func.text    ro code  0x008ff4    0x14  __dbg_xxexit.o [3]
  .near_func.text    ro code  0x009008    0x13  filters.o [1]
  .near_func.text    ro code  0x00901b    0x13  cstartup.o [4]
  .near_func.text    ro code  0x00902e    0x12  fifo.o [1]
  .near.rodata       const    0x009040    0x10  main.o [1]
  .near_func.text    ro code  0x009050     0xf  communication.o [1]
  .near.rodata       const    0x00905f     0xe  main.o [1]
  .near.rodata       const    0x00906d     0xd  main.o [1]
  .near_func.text    ro code  0x00907a     0xd  init.o [1]
  .near_func.text    ro code  0x009087     0xd  init.o [1]
  .near_func.text    ro code  0x009094     0xd  init.o [1]
  .near_func.text    ro code  0x0090a1     0xc  communication.o [1]
  .near.rodata       const    0x0090ad     0xb  main.o [1]
  .near_func.text    ro code  0x0090b8     0x6  communication.o [1]
  .near_func.text    ro code  0x0090be     0x6  main.o [1]
  .near_func.text    ro code  0x0090c4     0x5  init.o [1]
  .near_func.text    ro code  0x0090c9     0x5  cexit.o [4]
  .near_func.text    ro code  0x0090ce     0x3  filters.o [1]
  .near_func.text    ro code  0x0090d1     0x3  interrupt.o [4]
  .near_func.text    ro code  0x0090d4     0x3  low_level_init.o [4]
  .near_func.text    ro code  0x0090d7     0x3  exit.o [4]
  .near_func.text    ro code  0x0090da     0x3  unhandled_exception.o [4]
  .near_func.text    ro code  0x0090dd     0x2  init.o [1]
  .near_func.text    ro code  0x0090df     0x2  stm8s_it.o [1]
  .near_func.text    ro code  0x0090e1     0x2  stm8s_it.o [1]
  .near_func.text    ro code  0x0090e3     0x2  stm8s_it.o [1]
  .near_func.text    ro code  0x0090e5     0x2  stm8s_it.o [1]
  .near_func.text    ro code  0x0090e7     0x2  stm8s_it.o [1]
  .near_func.text    ro code  0x0090e9     0x2  stm8s_it.o [1]
  .near_func.text    ro code  0x0090eb     0x2  stm8s_it.o [1]
  .near_func.text    ro code  0x0090ed     0x2  stm8s_it.o [1]
  .near_func.text    ro code  0x0090ef     0x2  stm8s_it.o [1]
  .near_func.text    ro code  0x0090f1     0x2  stm8s_it.o [1]
  .near_func.text    ro code  0x0090f3     0x2  stm8s_it.o [1]
  .near_func.text    ro code  0x0090f5     0x2  stm8s_it.o [1]
  .near_func.text    ro code  0x0090f7     0x2  stm8s_it.o [1]
  .near_func.text    ro code  0x0090f9     0x2  stm8s_it.o [1]
  .near_func.text    ro code  0x0090fb     0x1  main.o [1]
  .near_func.text    ro code  0x0090fc     0x1  __dbg_break.o [3]
  Initializer bytes  const    0x0090fd     0x1  <for P1-1>
                            - 0x0090fe  0x107e


*******************************************************************************
*** INIT TABLE
***

          Address   Size
          -------   ----
Zero (__iar_zero_init2)
    1 destination range, total size 0xd9:
          0x000011  0xd9

Copy (__iar_copy_init2)
    1 source range, total size 0x1:
          0x0090fd   0x1
    1 destination range, total size 0x1:
          0x000010   0x1



*******************************************************************************
*** MODULE SUMMARY
***

    Module                 ro code  ro data  rw data
    ------                 -------  -------  -------
C:\dev\MCU\STM8\smart_lin\Debug\Obj: [1]
    communication.o            344                56
    eeprom.o                   319
    fifo.o                     173
    filters.o                  673                 6
    init.o                     149
    interrupts.o               336                 6
    lin_hw_layer.o             176
    main.o                     730      122      150
    queue_lin.o                131
    stm8s_flash.o              276       52
    stm8s_it.o                  28
    ------------------------------------------------
    Total:                   3 335      174      218

command line: [2]
    ------------------------------------------------
    Total:

dbgstm8ssd.a: [3]
    __dbg_break.o                1
    __dbg_xxexit.o              20
    ------------------------------------------------
    Total:                      21

dlstm8ssn.a: [4]
    cexit.o                      5
    cstartup.o                  19
    dc_util.o                   24
    exit.o                       3
    init.o                      20
    init_small.o                70
    interrupt.o                  3      128
    long.o                     197
    long_util.o                 26
    low_level_init.o             3
    short.o                     35
    unhandled_exception.o        3
    vreg_util.o                266
    vregs.o                                       16
    ------------------------------------------------
    Total:                     674      128       16

    Linker created                       18      256
----------------------------------------------------
    Grand Total:             4 030      320      490


*******************************************************************************
*** ENTRY LIST
***

Entry                    Address   Size  Type      Object
-----                    -------   ----  ----      ------
.iar.init_table$$Base   0x008ef1          --   Gb  - Linker created -
.iar.init_table$$Limit  0x008f03          --   Gb  - Linker created -
?add32_l0_l0_0x         0x008547         Code  Gb  long.o [4]
?add32_l0_l0_dl         0x00853f         Code  Gb  long.o [4]
?add32_l0_l0_l1         0x008544         Code  Gb  long.o [4]
?b0                     0x000000         Data  Gb  vregs.o [4]
?b1                     0x000001         Data  Gb  vregs.o [4]
?b10                    0x00000a         Data  Gb  vregs.o [4]
?b11                    0x00000b         Data  Gb  vregs.o [4]
?b12                    0x00000c         Data  Gb  vregs.o [4]
?b13                    0x00000d         Data  Gb  vregs.o [4]
?b14                    0x00000e         Data  Gb  vregs.o [4]
?b15                    0x00000f         Data  Gb  vregs.o [4]
?b2                     0x000002         Data  Gb  vregs.o [4]
?b3                     0x000003         Data  Gb  vregs.o [4]
?b4                     0x000004         Data  Gb  vregs.o [4]
?b5                     0x000005         Data  Gb  vregs.o [4]
?b6                     0x000006         Data  Gb  vregs.o [4]
?b7                     0x000007         Data  Gb  vregs.o [4]
?b8                     0x000008         Data  Gb  vregs.o [4]
?b9                     0x000009         Data  Gb  vregs.o [4]
?dc32_l0                0x008f8b         Code  Gb  dc_util.o [4]
?dc32_px                0x008f98         Code  Gb  dc_util.o [4]
?e0                     0x000001         Data  Gb  vregs.o [4]
?e1                     0x000005         Data  Gb  vregs.o [4]
?e2                     0x000009         Data  Gb  vregs.o [4]
?e3                     0x00000d         Data  Gb  vregs.o [4]
?epilogue_l2            0x0083f4         Code  Gb  vreg_util.o [4]
?epilogue_l2_w6         0x0083f8         Code  Gb  vreg_util.o [4]
?epilogue_w4            0x0083ff         Code  Gb  vreg_util.o [4]
?inc32_0x_0x            0x008531         Code  Gb  long.o [4]
?inc32_l0_l0            0x008527         Code  Gb  long.o [4]
?inc32_l2_l2            0x00852c         Code  Gb  long.o [4]
?l0                     0x000000         Data  Gb  vregs.o [4]
?l1                     0x000004         Data  Gb  vregs.o [4]
?l2                     0x000008         Data  Gb  vregs.o [4]
?l3                     0x00000c         Data  Gb  vregs.o [4]
?load32_0x_l0           0x008f7d         Code  Gb  long_util.o [4]
?load32_l0_0x           0x008f71         Code  Gb  long_util.o [4]
?mov_e0_e2              0x008414         Code  Gb  vreg_util.o [4]
?mov_e1_e2              0x008421         Code  Gb  vreg_util.o [4]
?mov_e2_e0              0x00842e         Code  Gb  vreg_util.o [4]
?mov_l0_l2              0x008411         Code  Gb  vreg_util.o [4]
?mov_l1_l2              0x00841e         Code  Gb  vreg_util.o [4]
?mov_l2_l0              0x00842b         Code  Gb  vreg_util.o [4]
?mov_w1_w4              0x008403         Code  Gb  vreg_util.o [4]
?mov_w1_w5              0x008417         Code  Gb  vreg_util.o [4]
?mov_w3_w4              0x00840a         Code  Gb  vreg_util.o [4]
?mov_w3_w5              0x008424         Code  Gb  vreg_util.o [4]
?mov_w5_w1              0x008431         Code  Gb  vreg_util.o [4]
?mul16_x_x_w0           0x008ece         Code  Gb  short.o [4]
?pop_e3                 0x008385         Code  Gb  vreg_util.o [4]
?pop_l0                 0x0083cb         Code  Gb  vreg_util.o [4]
?pop_l1                 0x0083d6         Code  Gb  vreg_util.o [4]
?pop_l2                 0x0083e1         Code  Gb  vreg_util.o [4]
?pop_w0                 0x008350         Code  Gb  vreg_util.o [4]
?pop_w4                 0x008357         Code  Gb  vreg_util.o [4]
?pop_w6                 0x00835e         Code  Gb  vreg_util.o [4]
?push_e3                0x00836d         Code  Gb  vreg_util.o [4]
?push_l0                0x00839f         Code  Gb  vreg_util.o [4]
?push_l1                0x0083a4         Code  Gb  vreg_util.o [4]
?push_l2                0x0083a9         Code  Gb  vreg_util.o [4]
?push_w0                0x00832e         Code  Gb  vreg_util.o [4]
?push_w4                0x008333         Code  Gb  vreg_util.o [4]
?push_w6                0x008338         Code  Gb  vreg_util.o [4]
?sext32_l0_x            0x0085e1         Code  Gb  long.o [4]
?srl16_x_x_4            0x008eec         Code  Gb  short.o [4]
?ucmp32_c_l0_0x         0x0085d1         Code  Gb  long.o [4]
?udiv32_l0_dl_l1        0x00855f         Code  Gb  long.o [4]
?udiv32_l0_l0_l1        0x008564         Code  Gb  long.o [4]
?umod32_l1_l0_l1        0x008564         Code  Gb  long.o [4]
?w0                     0x000000         Data  Gb  vregs.o [4]
?w1                     0x000002         Data  Gb  vregs.o [4]
?w2                     0x000004         Data  Gb  vregs.o [4]
?w3                     0x000006         Data  Gb  vregs.o [4]
?w4                     0x000008         Data  Gb  vregs.o [4]
?w5                     0x00000a         Data  Gb  vregs.o [4]
?w6                     0x00000c         Data  Gb  vregs.o [4]
?w7                     0x00000e         Data  Gb  vregs.o [4]
ADC1_IRQHandler         0x0090f7    0x2  Code  Gb  stm8s_it.o [1]
AWU_IRQHandler          0x0090e3    0x2  Code  Gb  stm8s_it.o [1]
CLK_IRQHandler          0x0090e5    0x2  Code  Gb  stm8s_it.o [1]
CLK_Init                0x0090c4    0x5  Code  Gb  init.o [1]
CSTACK$$Base            0x000300          --   Gb  - Linker created -
CSTACK$$Limit           0x000400          --   Gb  - Linker created -
EEPROM_EEC_IRQHandler   0x0090f9    0x2  Code  Gb  stm8s_it.o [1]
EXTI_PORTA_IRQHandler   0x0090e7    0x2  Code  Gb  stm8s_it.o [1]
EXTI_PORTB_IRQHandler   0x0090e9    0x2  Code  Gb  stm8s_it.o [1]
EXTI_PORTC_IRQHandler   0x008f3c   0x1b  Code  Gb  interrupts.o [1]
EXTI_PORTD_IRQHandler   0x008a02   0x45  Code  Gb  interrupts.o [1]
EXTI_PORTE_IRQHandler   0x0090eb    0x2  Code  Gb  stm8s_it.o [1]
FLASH_Lock              0x008d1d   0x2b  Code  Gb  stm8s_flash.o [1]
FLASH_ProgramByte       0x0087cf   0x5c  Code  Gb  stm8s_flash.o [1]
FLASH_ReadByte          0x0088d6   0x52  Code  Gb  stm8s_flash.o [1]
FLASH_Unlock            0x008afb   0x3b  Code  Gb  stm8s_flash.o [1]
GetDevMode              0x009050    0xf  Code  Gb  communication.o [1]
GetReset                0x008d72   0x29  Code  Gb  fifo.o [1]
GetSize                 0x00902e   0x12  Code  Gb  fifo.o [1]
I2C_IRQHandler          0x0090f5    0x2  Code  Gb  stm8s_it.o [1]
INTVEC$$Base            0x008000          --   Gb  - Linker created -
INTVEC$$Limit           0x008080          --   Gb  - Linker created -
IRQ_Init                0x0090dd    0x2  Code  Gb  init.o [1]
PORT_Init               0x008e60   0x25  Code  Gb  init.o [1]
Pull                    0x008b9e   0x34  Code  Gb  fifo.o [1]
Push                    0x008a47   0x3e  Code  Gb  fifo.o [1]
Region$$Table$$Base     0x008ef1          --   Gb  - Linker created -
Region$$Table$$Limit    0x008f03          --   Gb  - Linker created -
SPI_IRQHandler          0x0090ed    0x2  Code  Gb  stm8s_it.o [1]
SystemInit              0x008e85   0x25  Code  Gb  main.o [1]
TIM1_CAP_COM_IRQHandler
                        0x0090f1    0x2  Code  Gb  stm8s_it.o [1]
TIM1_Init               0x00907a    0xd  Code  Gb  init.o [1]
TIM1_UPD_OVF_TRG_BRK_IRQHandler
                        0x0090ef    0x2  Code  Gb  stm8s_it.o [1]
TIM2_CAP_COM_IRQHandler
                        0x0090f3    0x2  Code  Gb  stm8s_it.o [1]
TIM2_Init               0x008fa3   0x15  Code  Gb  init.o [1]
TIM2_UPD_OVF_BRK_IRQHandler
                        0x008770   0x5f  Code  Gb  interrupts.o [1]
TIM4_UPD_OVF_IRQHandler
                        0x008c04   0x32  Code  Gb  interrupts.o [1]
TLI_IRQHandler          0x0090e1    0x2  Code  Gb  stm8s_it.o [1]
TRAP_IRQHandler         0x0090df    0x2  Code  Gb  stm8s_it.o [1]
UART1_RX_IRQHandler     0x008cf0   0x2d  Code  Gb  interrupts.o [1]
UART1_TX_IRQHandler     0x008bd2   0x32  Code  Gb  interrupts.o [1]
UART_Init               0x008cc3   0x2d  Code  Gb  init.o [1]
__DebugBreak            0x0090fc    0x1  Code  Gb  __dbg_break.o [3]
__exit                  0x008ff4   0x14  Code  Gb  __dbg_xxexit.o [3]
__iar_copy_init2        0x008deb         Code  Gb  init_small.o [4]
__iar_data_init2        0x008fe0   0x14  Code  Gb  init.o [4]
__iar_program_start     0x00901b         Code  Gb  cstartup.o [4]
__iar_unhandled_exception
                        0x0090da         Code  Gb  unhandled_exception.o [4]
__iar_zero_init2        0x008f03         Code  Gb  init_small.o [4]
__intvec                0x008000         Data  Gb  interrupt.o [4]
__low_level_init        0x0090d4    0x3  Code  Gb  low_level_init.o [4]
_exit                   0x0090c9         Code  Gb  cexit.o [4]
_interrupt_1            0x0090df         Code  Gb  stm8s_it.o [1]
_interrupt_12           0x0090ed         Code  Gb  stm8s_it.o [1]
_interrupt_13           0x0090ef         Code  Gb  stm8s_it.o [1]
_interrupt_14           0x0090f1         Code  Gb  stm8s_it.o [1]
_interrupt_15           0x008770         Code  Gb  interrupts.o [1]
_interrupt_16           0x0090f3         Code  Gb  stm8s_it.o [1]
_interrupt_19           0x008bd2         Code  Gb  interrupts.o [1]
_interrupt_2            0x0090e1         Code  Gb  stm8s_it.o [1]
_interrupt_20           0x008cf0         Code  Gb  interrupts.o [1]
_interrupt_21           0x0090f5         Code  Gb  stm8s_it.o [1]
_interrupt_24           0x0090f7         Code  Gb  stm8s_it.o [1]
_interrupt_25           0x008c04         Code  Gb  interrupts.o [1]
_interrupt_26           0x0090f9         Code  Gb  stm8s_it.o [1]
_interrupt_3            0x0090e3         Code  Gb  stm8s_it.o [1]
_interrupt_4            0x0090e5         Code  Gb  stm8s_it.o [1]
_interrupt_5            0x0090e7         Code  Gb  stm8s_it.o [1]
_interrupt_6            0x0090e9         Code  Gb  stm8s_it.o [1]
_interrupt_7            0x008f3c         Code  Gb  interrupts.o [1]
_interrupt_8            0x008a02         Code  Gb  interrupts.o [1]
_interrupt_9            0x0090eb         Code  Gb  stm8s_it.o [1]
action_uart_timeout     0x0000e1    0x1  Data  Lc  interrupts.o [1]
add_to_array            0x009008   0x13  Code  Gb  filters.o [1]
assert_failed           0x0090fb    0x1  Code  Gb  main.o [1]
bLinCheckBreak          0x008c94   0x2f  Code  Gb  lin_hw_layer.o [1]
btn_0                   0x0000e3    0x1  Data  Gb  main.o [1]
btn_1                   0x0000e4    0x1  Data  Gb  main.o [1]
check_crc               0x008eaa   0x24  Code  Gb  communication.o [1]
configArray             0x00005d   0x38  Data  Gb  communication.o [1]
config_lin              0x009094    0xd  Code  Gb  init.o [1]
config_uart             0x009087    0xd  Code  Gb  init.o [1]
curr_mode               0x000010    0x1  Data  Gb  main.o [1]
div_tim2                0x0000e0    0x1  Data  Lc  interrupts.o [1]
eLinReceive             0x0000e2    0x1  Data  Gb  main.o [1]
exit                    0x0090d7    0x3  Code  Gb  exit.o [4]
get_add_to_trig_list    0x008dc3   0x28  Code  Gb  filters.o [1]
get_btn0_state          0x0090ce    0x3  Code  Gb  filters.o [1]
get_check_filter        0x008438   0xef  Code  Gb  filters.o [1]
get_check_packet_type   0x008f57   0x1a  Code  Gb  filters.o [1]
get_command             0x008c36   0x2f  Code  Gb  communication.o [1]
get_crc                 0x008e13   0x27  Code  Gb  communication.o [1]
get_packet              0x008882   0x54  Code  Gb  eeprom.o [1]
get_receive_config      0x008d9b   0x28  Code  Gb  communication.o [1]
get_remove_pid          0x008c65   0x2f  Code  Gb  filters.o [1]
get_send_config         0x008e3a   0x26  Code  Gb  communication.o [1]
get_send_data_frame     0x008ac0   0x3b  Code  Gb  lin_hw_layer.o [1]
get_send_lin_packet     0x008977   0x46  Code  Gb  lin_hw_layer.o [1]
led_div                 0x0000cf    0x4  Data  Gb  interrupts.o [1]
lin_queue               0x000011   0x4c  Data  Gb  main.o [1]
lin_rec                 0x0000aa    0xd  Data  Gb  main.o [1]
load_filter_packet      0x0085ec   0x9e  Code  Gb  filters.o [1]
load_slave_packet       0x00870d   0x63  Code  Gb  filters.o [1]
loaded_filter           0x000095   0x15  Data  Gb  main.o [1]
main                    0x008080  0x2ae  Code  Gb  main.o [1]
main::cmd_receive       0x0000e6    0x1  Data  Lc  main.o [1]
main{4}{5}{24}{25}::ex_pid_filter_ind
                        0x0000e8    0x1  Data  Lc  main.o [1]
main{4}{5}{24}{25}::ex_pid_slave_ind
                        0x0000e7    0x1  Data  Lc  main.o [1]
main{4}{5}{24}{25}::ex_pid_triggered_ind
                        0x0000e9    0x1  Data  Lc  main.o [1]
pid_filters_array       0x0000dc    0x2  Data  Gb  filters.o [1]
pid_slave_array         0x0000da    0x2  Data  Gb  filters.o [1]
pid_triggered_array     0x0000de    0x2  Data  Gb  filters.o [1]
print                   0x008a85   0x3b  Code  Gb  communication.o [1]
print_cpu_id            0x008b6a   0x34  Code  Gb  communication.o [1]
queue_handler           0x00868a   0x83  Code  Gb  queue_lin.o [1]
read_config_packet      0x0089bd   0x45  Code  Gb  eeprom.o [1]
read_packet             0x00882b   0x57  Code  Gb  eeprom.o [1]
reset_state_cmd         0x0090be    0x6  Code  Lc  main.o [1]
search_pid              0x008d48   0x2a  Code  Gb  filters.o [1]
send_byte               0x0090a1    0xc  Code  Gb  communication.o [1]
send_nack               0x0090b8    0x6  Code  Gb  communication.o [1]
sys_time                0x0000d3    0x4  Data  Gb  main.o [1]
trig_index              0x0000e5    0x1  Data  Gb  main.o [1]
uart_rx                 0x0000b7    0xc  Data  Gb  main.o [1]
uart_tx                 0x0000c3    0xc  Data  Gb  main.o [1]
write_config_packet     0x008928   0x4f  Code  Gb  eeprom.o [1]
xBreak                  0x0000d7    0x3  Data  Gb  main.o [1]


[1] = C:\dev\MCU\STM8\smart_lin\Debug\Obj
[2] = command line
[3] = dbgstm8ssd.a
[4] = dlstm8ssn.a

  4 030 bytes of readonly  code memory
    320 bytes of readonly  data memory
    490 bytes of readwrite data memory

Errors: none
Warnings: none
