###############################################################################
#
# IAR ELF Linker V3.11.1.207 for STM8                     15/Jun/2022  11:32:19
# Copyright 2010-2019 IAR Systems AB.
#
#    Output file  =  C:\dev\MCU\STM8\smart_lin\Debug\Exe\SPL_STM8S_template.out
#    Map file     =  
#        C:\dev\MCU\STM8\smart_lin\Debug\List\SPL_STM8S_template.map
#    Command line =  
#        -f C:\Users\Admin\AppData\Local\Temp\EW8F9F.tmp
#        (C:\dev\MCU\STM8\smart_lin\Debug\Obj\communication.o
#        C:\dev\MCU\STM8\smart_lin\Debug\Obj\eeprom.o
#        C:\dev\MCU\STM8\smart_lin\Debug\Obj\fifo.o
#        C:\dev\MCU\STM8\smart_lin\Debug\Obj\filters.o
#        C:\dev\MCU\STM8\smart_lin\Debug\Obj\init.o
#        C:\dev\MCU\STM8\smart_lin\Debug\Obj\interrupts.o
#        C:\dev\MCU\STM8\smart_lin\Debug\Obj\lin_hw_layer.o
#        C:\dev\MCU\STM8\smart_lin\Debug\Obj\main.o
#        C:\dev\MCU\STM8\smart_lin\Debug\Obj\packet_parser.o
#        C:\dev\MCU\STM8\smart_lin\Debug\Obj\stm8s_adc1.o
#        C:\dev\MCU\STM8\smart_lin\Debug\Obj\stm8s_adc2.o
#        C:\dev\MCU\STM8\smart_lin\Debug\Obj\stm8s_awu.o
#        C:\dev\MCU\STM8\smart_lin\Debug\Obj\stm8s_beep.o
#        C:\dev\MCU\STM8\smart_lin\Debug\Obj\stm8s_can.o
#        C:\dev\MCU\STM8\smart_lin\Debug\Obj\stm8s_clk.o
#        C:\dev\MCU\STM8\smart_lin\Debug\Obj\stm8s_exti.o
#        C:\dev\MCU\STM8\smart_lin\Debug\Obj\stm8s_flash.o
#        C:\dev\MCU\STM8\smart_lin\Debug\Obj\stm8s_gpio.o
#        C:\dev\MCU\STM8\smart_lin\Debug\Obj\stm8s_i2c.o
#        C:\dev\MCU\STM8\smart_lin\Debug\Obj\stm8s_it.o
#        C:\dev\MCU\STM8\smart_lin\Debug\Obj\stm8s_itc.o
#        C:\dev\MCU\STM8\smart_lin\Debug\Obj\stm8s_iwdg.o
#        C:\dev\MCU\STM8\smart_lin\Debug\Obj\stm8s_rst.o
#        C:\dev\MCU\STM8\smart_lin\Debug\Obj\stm8s_spi.o
#        C:\dev\MCU\STM8\smart_lin\Debug\Obj\stm8s_tim1.o
#        C:\dev\MCU\STM8\smart_lin\Debug\Obj\stm8s_tim2.o
#        C:\dev\MCU\STM8\smart_lin\Debug\Obj\stm8s_tim3.o
#        C:\dev\MCU\STM8\smart_lin\Debug\Obj\stm8s_tim4.o
#        C:\dev\MCU\STM8\smart_lin\Debug\Obj\stm8s_tim5.o
#        C:\dev\MCU\STM8\smart_lin\Debug\Obj\stm8s_tim6.o
#        C:\dev\MCU\STM8\smart_lin\Debug\Obj\stm8s_uart1.o
#        C:\dev\MCU\STM8\smart_lin\Debug\Obj\stm8s_uart2.o
#        C:\dev\MCU\STM8\smart_lin\Debug\Obj\stm8s_uart3.o
#        C:\dev\MCU\STM8\smart_lin\Debug\Obj\stm8s_uart4.o
#        C:\dev\MCU\STM8\smart_lin\Debug\Obj\stm8s_wwdg.o --redirect
#        _Printf=_PrintfSmall --redirect _Scanf=_ScanfSmall --no_out_extension
#        -o C:\dev\MCU\STM8\smart_lin\Debug\Exe\SPL_STM8S_template.out --map
#        C:\dev\MCU\STM8\smart_lin\Debug\List\SPL_STM8S_template.map --config
#        "D:\Program Files (x86)\IAR Systems\Embedded Workbench
#        8.3\stm8\config\lnkstm8s103f3.icf" --config_def _CSTACK_SIZE=0x100
#        --config_def _HEAP_SIZE=0x100 --entry __iar_program_start --debug_lib)
#
###############################################################################

*******************************************************************************
*** RUNTIME MODEL ATTRIBUTES
***

__SystemLibrary            = DLib
__code_model               = small
__core                     = stm8
__data_model               = medium
__dlib_file_descriptor     = 0
__dlib_full_locale_support = 0
__rt_version               = 4


*******************************************************************************
*** PLACEMENT SUMMARY
***

"A0":  place at start of [0x000000-0x0000ff] { rw section .vregs };
"A1":  place at end of [0x000000-0x0003ff] { block CSTACK };
"P2":  place in [from 0x000000 to 0x0003ff] {
          block HEAP, rw section __DLIB_PERTHREAD, rw section .far.bss,
          rw section .far.data, rw section .far.noinit,
          rw section .far_func.textrw, rw section .huge.bss,
          rw section .huge.data, rw section .huge.noinit,
          rw section .huge_func.textrw, rw section .iar.dynexit,
          rw section .near.bss, rw section .near.data, rw section .near.noinit,
          rw section .near_func.textrw };
"A2":  place at start of [0x008000-0x009fff] { block INTVEC };
"P3":  place in [from 0x008000 to 0x009fff] {
          ro section __DLIB_PERTHREAD_init, ro section .far.data_init,
          ro section .far_func.textrw_init, ro section .huge.data_init,
          ro section .huge_func.textrw_init, ro section .iar.init_table,
          ro section .init_array, ro section .near.data_init,
          ro section .near.rodata, ro section .near_func.text,
          ro section .near_func.textrw_init, ro section .tiny.data_init,
          ro section .tiny.rodata_init };
"P4":  place in [from 0x008000 to 0x009fff] {
          ro section .far.rodata, ro section .far_func.text };
"P5":  place in [from 0x008000 to 0x009fff] {
          ro section .huge.rodata, ro section .huge_func.text };
do not initialize {
   rw section .eeprom.noinit, rw section .far.noinit, rw section .huge.noinit,
   rw section .near.noinit, rw section .tiny.noinit, rw section .vregs };
initialize by copy {
   rw section .far.bss, rw section .far.data, rw section .far_func.textrw,
   rw section .huge.bss, rw section .huge.data, rw section .huge_func.textrw,
   rw section .iar.dynexit, rw section .near.bss, rw section .near.data,
   rw section .near_func.textrw, rw section .tiny.bss, rw section .tiny.data,
   ro section .tiny.rodata };

No sections matched the following patterns:

  ro section .far.data_init          in "P3-P5"
  ro section .far.rodata             in "P3-P5"
  ro section .far_func.text          in "P3-P5"
  ro section .far_func.textrw_init   in "P3-P5"
  ro section .huge.data_init         in "P3-P5"
  ro section .huge.rodata            in "P3-P5"
  ro section .huge_func.text         in "P3-P5"
  ro section .huge_func.textrw_init  in "P3-P5"
  ro section .iar.init_table         in "P3-P5"
  ro section .init_array             in "P3-P5"
  ro section .near_func.textrw_init  in "P3-P5"
  ro section .tiny.data_init         in "P3-P5"
  ro section .tiny.rodata_init       in "P3-P5"
  ro section __DLIB_PERTHREAD_init   in "P3-P5"
  rw section .far.bss                in "P2"
  rw section .far.data               in "P2"
  rw section .far.noinit             in "P2"
  rw section .far_func.textrw        in "P2"
  rw section .huge.bss               in "P2"
  rw section .huge.data              in "P2"
  rw section .huge.noinit            in "P2"
  rw section .huge_func.textrw       in "P2"
  rw section .iar.dynexit            in "P2"
  rw section .near.noinit            in "P2"
  rw section .near_func.textrw       in "P2"
  rw section .tiny.bss               in "P1"
  rw section .tiny.data              in "P1"
  rw section .tiny.noinit            in "P1"
  rw section .tiny.rodata            in "P1"
  rw section __DLIB_PERTHREAD        in "P2"
  section .eeprom.data               in "P6-P8"
  section .eeprom.noinit             in "P6-P8"
  section .eeprom.rodata             in "P6-P8"


  Section            Kind      Address   Size  Object
  -------            ----      -------   ----  ------
"A0":                                    0x10
  .vregs             uninit   0x000000   0x10  vregs.o [4]
                            - 0x000010   0x10

"P2", part 1 of 2:                        0x1
  P2-1                        0x000010    0x1  <Init block>
    .near.data       inited   0x000010    0x1  main.o [1]
                            - 0x000011    0x1

"P2", part 2 of 2:                      0x124
  .near.bss          zero     0x000011   0xf8  communication.o [1]
  .near.bss          zero     0x000109   0x14  main.o [1]
  .near.bss          zero     0x00011d   0x14  main.o [1]
  .near.bss          zero     0x000131    0x3  main.o [1]
  .near.bss          zero     0x000134    0x1  main.o [1]
                            - 0x000135  0x124

"A1":                                   0x100
  CSTACK                      0x000300  0x100  <Block>
    CSTACK           uninit   0x000300  0x100  <Block tail>
                            - 0x000400  0x100

"A2":                                    0x80
  INTVEC                      0x008000   0x80  <Block>
    .intvec          const    0x008000   0x80  interrupt.o [4]
                            - 0x008080   0x80

"P3-P5":                                0x891
  .near_func.text    ro code  0x008080  0x10f  main.o [1]
  .near_func.text    ro code  0x00818f   0xc4  vreg_util.o [4]
  .near_func.text    ro code  0x008253   0x8f  long.o [4]
  .near_func.text    ro code  0x0082e2   0x51  stm8s_flash.o [1]
  .near_func.text    ro code  0x008333   0x47  stm8s_flash.o [1]
  .near_func.text    ro code  0x00837a   0x45  eeprom.o [1]
  .near_func.text    ro code  0x0083bf   0x44  eeprom.o [1]
  .near_func.text    ro code  0x008403   0x39  eeprom.o [1]
  .near_func.text    ro code  0x00843c   0x39  fifo.o [1]
  .near_func.text    ro code  0x008475   0x37  communication.o [1]
  .near_func.text    ro code  0x0084ac   0x37  stm8s_flash.o [1]
  .near_func.text    ro code  0x0084e3   0x35  interrupts.o [1]
  .near.rodata       const    0x008518   0x34  stm8s_flash.o [1]
  .near_func.text    ro code  0x00854c   0x34  interrupts.o [1]
  .near_func.text    ro code  0x008580   0x33  fifo.o [1]
  .near_func.text    ro code  0x0085b3   0x2d  communication.o [1]
  .near_func.text    ro code  0x0085e0   0x2b  communication.o [1]
  .near_func.text    ro code  0x00860b   0x2a  communication.o [1]
  .near_func.text    ro code  0x008635   0x28  init_small.o [4]
  .near_func.text    ro code  0x00865d   0x27  fifo.o [1]
  .near_func.text    ro code  0x008684   0x27  stm8s_flash.o [1]
  .near_func.text    ro code  0x0086ab   0x25  communication.o [1]
  .near_func.text    ro code  0x0086d0   0x25  init.o [1]
  .near_func.text    ro code  0x0086f5   0x23  communication.o [1]
  .near_func.text    ro code  0x008718   0x23  communication.o [1]
  .near_func.text    ro code  0x00873b   0x23  lin_hw_layer.o [1]
  .iar.init_table    const    0x00875e   0x12  - Linker created -
  .near_func.text    ro code  0x008770   0x20  interrupts.o [1]
  .near_func.text    ro code  0x008790   0x20  main.o [1]
  .near_func.text    ro code  0x0087b0   0x1e  init_small.o [4]
  .near_func.text    ro code  0x0087ce   0x1d  init.o [1]
  .near_func.text    ro code  0x0087eb   0x18  dc_util.o [4]
  .near_func.text    ro code  0x008803   0x15  fifo.o [1]
  .near.rodata       const    0x008818   0x14  main.o [1]
  .near_func.text    ro code  0x00882c   0x14  init.o [4]
  .near_func.text    ro code  0x008840   0x14  __dbg_xxexit.o [3]
  .near_func.text    ro code  0x008854   0x13  cstartup.o [4]
  .near.rodata       const    0x008867    0xe  main.o [1]
  .near_func.text    ro code  0x008875    0xe  communication.o [1]
  .near_func.text    ro code  0x008883    0xd  init.o [1]
  .near_func.text    ro code  0x008890    0xd  init.o [1]
  .near_func.text    ro code  0x00889d    0xd  init.o [1]
  .near_func.text    ro code  0x0088aa    0xc  long_util.o [4]
  .near_func.text    ro code  0x0088b6    0xa  communication.o [1]
  .near_func.text    ro code  0x0088c0    0x9  init.o [1]
  .near_func.text    ro code  0x0088c9    0x6  main.o [1]
  .near_func.text    ro code  0x0088cf    0x5  init.o [1]
  .near_func.text    ro code  0x0088d4    0x5  short.o [4]
  .near_func.text    ro code  0x0088d9    0x5  cexit.o [4]
  .near_func.text    ro code  0x0088de    0x3  interrupt.o [4]
  .near_func.text    ro code  0x0088e1    0x3  low_level_init.o [4]
  .near_func.text    ro code  0x0088e4    0x3  exit.o [4]
  .near_func.text    ro code  0x0088e7    0x3  unhandled_exception.o [4]
  .near_func.text    ro code  0x0088ea    0x2  init.o [1]
  .near_func.text    ro code  0x0088ec    0x2  stm8s_it.o [1]
  .near_func.text    ro code  0x0088ee    0x2  stm8s_it.o [1]
  .near_func.text    ro code  0x0088f0    0x2  stm8s_it.o [1]
  .near_func.text    ro code  0x0088f2    0x2  stm8s_it.o [1]
  .near_func.text    ro code  0x0088f4    0x2  stm8s_it.o [1]
  .near_func.text    ro code  0x0088f6    0x2  stm8s_it.o [1]
  .near_func.text    ro code  0x0088f8    0x2  stm8s_it.o [1]
  .near_func.text    ro code  0x0088fa    0x2  stm8s_it.o [1]
  .near_func.text    ro code  0x0088fc    0x2  stm8s_it.o [1]
  .near_func.text    ro code  0x0088fe    0x2  stm8s_it.o [1]
  .near_func.text    ro code  0x008900    0x2  stm8s_it.o [1]
  .near_func.text    ro code  0x008902    0x2  stm8s_it.o [1]
  .near_func.text    ro code  0x008904    0x2  stm8s_it.o [1]
  .near_func.text    ro code  0x008906    0x2  stm8s_it.o [1]
  .near_func.text    ro code  0x008908    0x2  stm8s_it.o [1]
  .near_func.text    ro code  0x00890a    0x2  stm8s_it.o [1]
  .near_func.text    ro code  0x00890c    0x2  stm8s_it.o [1]
  .near_func.text    ro code  0x00890e    0x1  main.o [1]
  .near_func.text    ro code  0x00890f    0x1  __dbg_break.o [3]
  Initializer bytes  const    0x008910    0x1  <for P2-1>
                            - 0x008911  0x891


*******************************************************************************
*** INIT TABLE
***

          Address   Size
          -------   ----
Zero (__iar_zero_init2)
    1 destination range, total size 0x124:
          0x000011  0x124

Copy (__iar_copy_init2)
    1 source range, total size 0x1:
          0x008910    0x1
    1 destination range, total size 0x1:
          0x000010    0x1



*******************************************************************************
*** MODULE SUMMARY
***

    Module                 ro code  ro data  rw data
    ------                 -------  -------  -------
C:\dev\MCU\STM8\smart_lin\Debug\Obj: [1]
    communication.o            316               248
    eeprom.o                   194
    fifo.o                     168
    init.o                     121
    interrupts.o               137
    lin_hw_layer.o              35
    main.o                     310       35       45
    stm8s_flash.o              246       52
    stm8s_it.o                  34
    ------------------------------------------------
    Total:                   1 561       87      293

command line: [2]
    ------------------------------------------------
    Total:

dbgstm8smd.a: [3]
    __dbg_break.o                1
    __dbg_xxexit.o              20
    ------------------------------------------------
    Total:                      21

dlstm8smn.a: [4]
    cexit.o                      5
    cstartup.o                  19
    dc_util.o                   24
    exit.o                       3
    init.o                      20
    init_small.o                70
    interrupt.o                  3      128
    long.o                     143
    long_util.o                 12
    low_level_init.o             3
    short.o                      5
    unhandled_exception.o        3
    vreg_util.o                196
    vregs.o                                       16
    ------------------------------------------------
    Total:                     506      128       16

    Linker created                       18      256
----------------------------------------------------
    Grand Total:             2 088      233      565


*******************************************************************************
*** ENTRY LIST
***

Entry                    Address   Size  Type      Object
-----                    -------   ----  ----      ------
.iar.init_table$$Base   0x00875e          --   Gb  - Linker created -
.iar.init_table$$Limit  0x008770          --   Gb  - Linker created -
?add32_l0_l0_0x         0x008258         Code  Gb  long.o [4]
?add32_l0_l0_dl         0x008253         Code  Gb  long.o [4]
?b0                     0x000000         Data  Gb  vregs.o [4]
?b1                     0x000001         Data  Gb  vregs.o [4]
?b10                    0x00000a         Data  Gb  vregs.o [4]
?b11                    0x00000b         Data  Gb  vregs.o [4]
?b12                    0x00000c         Data  Gb  vregs.o [4]
?b13                    0x00000d         Data  Gb  vregs.o [4]
?b14                    0x00000e         Data  Gb  vregs.o [4]
?b15                    0x00000f         Data  Gb  vregs.o [4]
?b2                     0x000002         Data  Gb  vregs.o [4]
?b3                     0x000003         Data  Gb  vregs.o [4]
?b4                     0x000004         Data  Gb  vregs.o [4]
?b5                     0x000005         Data  Gb  vregs.o [4]
?b6                     0x000006         Data  Gb  vregs.o [4]
?b7                     0x000007         Data  Gb  vregs.o [4]
?b8                     0x000008         Data  Gb  vregs.o [4]
?b9                     0x000009         Data  Gb  vregs.o [4]
?dc32_l0                0x0087eb         Code  Gb  dc_util.o [4]
?dc32_px                0x0087f8         Code  Gb  dc_util.o [4]
?e0                     0x000001         Data  Gb  vregs.o [4]
?e1                     0x000005         Data  Gb  vregs.o [4]
?e2                     0x000009         Data  Gb  vregs.o [4]
?e3                     0x00000d         Data  Gb  vregs.o [4]
?epilogue_l2            0x008223         Code  Gb  vreg_util.o [4]
?epilogue_l2_w6         0x008227         Code  Gb  vreg_util.o [4]
?epilogue_w4            0x00822e         Code  Gb  vreg_util.o [4]
?l0                     0x000000         Data  Gb  vregs.o [4]
?l1                     0x000004         Data  Gb  vregs.o [4]
?l2                     0x000008         Data  Gb  vregs.o [4]
?l3                     0x00000c         Data  Gb  vregs.o [4]
?load32_l0_0x           0x0088aa         Code  Gb  long_util.o [4]
?mov_e0_e2              0x00823c         Code  Gb  vreg_util.o [4]
?mov_e2_e0              0x008249         Code  Gb  vreg_util.o [4]
?mov_l0_l2              0x008239         Code  Gb  vreg_util.o [4]
?mov_l2_l0              0x008246         Code  Gb  vreg_util.o [4]
?mov_w1_w4              0x008232         Code  Gb  vreg_util.o [4]
?mov_w1_w5              0x00823f         Code  Gb  vreg_util.o [4]
?mov_w5_w1              0x00824c         Code  Gb  vreg_util.o [4]
?pop_l0                 0x0081fa         Code  Gb  vreg_util.o [4]
?pop_l1                 0x008205         Code  Gb  vreg_util.o [4]
?pop_l2                 0x008210         Code  Gb  vreg_util.o [4]
?pop_w0                 0x0081b1         Code  Gb  vreg_util.o [4]
?pop_w4                 0x0081b8         Code  Gb  vreg_util.o [4]
?pop_w6                 0x0081bf         Code  Gb  vreg_util.o [4]
?push_l0                0x0081ce         Code  Gb  vreg_util.o [4]
?push_l1                0x0081d3         Code  Gb  vreg_util.o [4]
?push_l2                0x0081d8         Code  Gb  vreg_util.o [4]
?push_w0                0x00818f         Code  Gb  vreg_util.o [4]
?push_w4                0x008194         Code  Gb  vreg_util.o [4]
?push_w6                0x008199         Code  Gb  vreg_util.o [4]
?srl16_x_x_4            0x0088d4         Code  Gb  short.o [4]
?udiv32_l0_dl_l1        0x008270         Code  Gb  long.o [4]
?udiv32_l0_l0_l1        0x008275         Code  Gb  long.o [4]
?umod32_l1_l0_l1        0x008275         Code  Gb  long.o [4]
?w0                     0x000000         Data  Gb  vregs.o [4]
?w1                     0x000002         Data  Gb  vregs.o [4]
?w2                     0x000004         Data  Gb  vregs.o [4]
?w3                     0x000006         Data  Gb  vregs.o [4]
?w4                     0x000008         Data  Gb  vregs.o [4]
?w5                     0x00000a         Data  Gb  vregs.o [4]
?w6                     0x00000c         Data  Gb  vregs.o [4]
?w7                     0x00000e         Data  Gb  vregs.o [4]
ADC1_IRQHandler         0x008908    0x2  Code  Gb  stm8s_it.o [1]
AWU_IRQHandler          0x0088f0    0x2  Code  Gb  stm8s_it.o [1]
CLK_IRQHandler          0x0088f2    0x2  Code  Gb  stm8s_it.o [1]
CLK_Init                0x0088cf    0x5  Code  Gb  init.o [1]
CSTACK$$Base            0x000300          --   Gb  - Linker created -
CSTACK$$Limit           0x000400          --   Gb  - Linker created -
EEPROM_EEC_IRQHandler   0x00890c    0x2  Code  Gb  stm8s_it.o [1]
EXTI_PORTA_IRQHandler   0x0088f4    0x2  Code  Gb  stm8s_it.o [1]
EXTI_PORTB_IRQHandler   0x0088f6    0x2  Code  Gb  stm8s_it.o [1]
EXTI_PORTC_IRQHandler   0x0088f8    0x2  Code  Gb  stm8s_it.o [1]
EXTI_PORTD_IRQHandler   0x0084e3   0x35  Code  Gb  interrupts.o [1]
EXTI_PORTE_IRQHandler   0x0088fa    0x2  Code  Gb  stm8s_it.o [1]
FLASH_Lock              0x008684   0x27  Code  Gb  stm8s_flash.o [1]
FLASH_ProgramByte       0x0082e2   0x51  Code  Gb  stm8s_flash.o [1]
FLASH_ReadByte          0x008333   0x47  Code  Gb  stm8s_flash.o [1]
FLASH_Unlock            0x0084ac   0x37  Code  Gb  stm8s_flash.o [1]
GetDevMode              0x0088b6    0xa  Code  Gb  communication.o [1]
GetReset                0x00865d   0x27  Code  Gb  fifo.o [1]
GetSize                 0x008803   0x15  Code  Gb  fifo.o [1]
I2C_IRQHandler          0x008906    0x2  Code  Gb  stm8s_it.o [1]
INTVEC$$Base            0x008000          --   Gb  - Linker created -
INTVEC$$Limit           0x008080          --   Gb  - Linker created -
IRQ_Init                0x0088ea    0x2  Code  Gb  init.o [1]
PORT_Init               0x0088c0    0x9  Code  Gb  init.o [1]
Pull                    0x008580   0x33  Code  Gb  fifo.o [1]
Push                    0x00843c   0x39  Code  Gb  fifo.o [1]
Region$$Table$$Base     0x00875e          --   Gb  - Linker created -
Region$$Table$$Limit    0x008770          --   Gb  - Linker created -
SPI_IRQHandler          0x0088fc    0x2  Code  Gb  stm8s_it.o [1]
SystemInit              0x008790   0x20  Code  Gb  main.o [1]
TIM1_CAP_COM_IRQHandler
                        0x008900    0x2  Code  Gb  stm8s_it.o [1]
TIM1_Init               0x008883    0xd  Code  Gb  init.o [1]
TIM1_UPD_OVF_TRG_BRK_IRQHandler
                        0x0088fe    0x2  Code  Gb  stm8s_it.o [1]
TIM2_CAP_COM_IRQHandler
                        0x008904    0x2  Code  Gb  stm8s_it.o [1]
TIM2_UPD_OVF_BRK_IRQHandler
                        0x008902    0x2  Code  Gb  stm8s_it.o [1]
TIM4_UPD_OVF_IRQHandler
                        0x00890a    0x2  Code  Gb  stm8s_it.o [1]
TLI_IRQHandler          0x0088ee    0x2  Code  Gb  stm8s_it.o [1]
TRAP_IRQHandler         0x0088ec    0x2  Code  Gb  stm8s_it.o [1]
UART1_RX_IRQHandler     0x008770   0x20  Code  Gb  interrupts.o [1]
UART1_TX_IRQHandler     0x00854c   0x34  Code  Gb  interrupts.o [1]
UART_Init               0x0086d0   0x25  Code  Gb  init.o [1]
__DebugBreak            0x00890f    0x1  Code  Gb  __dbg_break.o [3]
__exit                  0x008840   0x14  Code  Gb  __dbg_xxexit.o [3]
__iar_copy_init2        0x008635         Code  Gb  init_small.o [4]
__iar_data_init2        0x00882c   0x14  Code  Gb  init.o [4]
__iar_program_start     0x008854         Code  Gb  cstartup.o [4]
__iar_unhandled_exception
                        0x0088e7         Code  Gb  unhandled_exception.o [4]
__iar_zero_init2        0x0087b0         Code  Gb  init_small.o [4]
__intvec                0x008000         Data  Gb  interrupt.o [4]
__low_level_init        0x0088e1    0x3  Code  Gb  low_level_init.o [4]
_exit                   0x0088d9         Code  Gb  cexit.o [4]
_interrupt_1            0x0088ec         Code  Gb  stm8s_it.o [1]
_interrupt_12           0x0088fc         Code  Gb  stm8s_it.o [1]
_interrupt_13           0x0088fe         Code  Gb  stm8s_it.o [1]
_interrupt_14           0x008900         Code  Gb  stm8s_it.o [1]
_interrupt_15           0x008902         Code  Gb  stm8s_it.o [1]
_interrupt_16           0x008904         Code  Gb  stm8s_it.o [1]
_interrupt_19           0x00854c         Code  Gb  interrupts.o [1]
_interrupt_2            0x0088ee         Code  Gb  stm8s_it.o [1]
_interrupt_20           0x008770         Code  Gb  interrupts.o [1]
_interrupt_21           0x008906         Code  Gb  stm8s_it.o [1]
_interrupt_24           0x008908         Code  Gb  stm8s_it.o [1]
_interrupt_25           0x00890a         Code  Gb  stm8s_it.o [1]
_interrupt_26           0x00890c         Code  Gb  stm8s_it.o [1]
_interrupt_3            0x0088f0         Code  Gb  stm8s_it.o [1]
_interrupt_4            0x0088f2         Code  Gb  stm8s_it.o [1]
_interrupt_5            0x0088f4         Code  Gb  stm8s_it.o [1]
_interrupt_6            0x0088f6         Code  Gb  stm8s_it.o [1]
_interrupt_7            0x0088f8         Code  Gb  stm8s_it.o [1]
_interrupt_8            0x0084e3         Code  Gb  interrupts.o [1]
_interrupt_9            0x0088fa         Code  Gb  stm8s_it.o [1]
assert_failed           0x00890e    0x1  Code  Gb  main.o [1]
bLinCheckBreak          0x00873b   0x23  Code  Gb  lin_hw_layer.o [1]
check_crc               0x008875    0xe  Code  Gb  communication.o [1]
configArray             0x000011   0xf8  Data  Gb  communication.o [1]
config_lin              0x00889d    0xd  Code  Gb  init.o [1]
config_uart             0x008890    0xd  Code  Gb  init.o [1]
curr_mode               0x000010    0x1  Data  Gb  main.o [1]
eLinReceive             0x000134    0x1  Data  Gb  main.o [1]
exit                    0x0088e4    0x3  Code  Gb  exit.o [4]
get_command             0x0086ab   0x25  Code  Gb  communication.o [1]
get_crc                 0x008718   0x23  Code  Gb  communication.o [1]
get_dev_info            0x0085e0   0x2b  Code  Gb  communication.o [1]
get_receive_config      0x0086f5   0x23  Code  Gb  communication.o [1]
get_send_config         0x008611   0x24  Code  Gb  communication.o [1]
main                    0x008080  0x10f  Code  Gb  main.o [1]
print                   0x008475   0x37  Code  Gb  communication.o [1]
read_config_packet      0x00837a   0x45  Code  Gb  eeprom.o [1]
read_dev_info           0x0083bf   0x44  Code  Gb  eeprom.o [1]
reset_state_cmd         0x0088c9    0x6  Code  Lc  main.o [1]
send_byte               0x00860b    0x6  Code  Gb  communication.o [1]
set_baud                0x0087ce   0x1d  Code  Gb  init.o [1]
uart_rx                 0x000109   0x14  Data  Gb  main.o [1]
uart_tx                 0x00011d   0x14  Data  Gb  main.o [1]
upd_config              0x0085b3   0x2d  Code  Gb  communication.o [1]
write_config_packet     0x008403   0x39  Code  Gb  eeprom.o [1]
xBreak                  0x000131    0x3  Data  Gb  main.o [1]


[1] = C:\dev\MCU\STM8\smart_lin\Debug\Obj
[2] = command line
[3] = dbgstm8smd.a
[4] = dlstm8smn.a

  2 088 bytes of readonly  code memory
    233 bytes of readonly  data memory
    565 bytes of readwrite data memory

Errors: none
Warnings: none
